<html>
<body>
<pre>
<h1>礦ision Build Log</h1>
<h2>Tool Versions:</h2>
IDE-Version: μVision V5.25.3.0
Copyright (C) 2018 ARM Ltd and ARM Germany GmbH. All rights reserved.
License Information: 二位请问 sdadad, dasdadasd, LIC=Y2B2Z-JFXX1-C2VL6-DSYIS-SK4DW-9NB2J
 
Tool Versions:
Toolchain:       MDK-ARM Professional  Version: 5.18
Toolchain Path:  F:\keil5\ARM\ARMCC\Bin
C Compiler:      Armcc.exe V5.06 update 1 (build 61)
Assembler:       Armasm.exe V5.06 update 1 (build 61)
Linker/Locator:  ArmLink.exe V5.06 update 1 (build 61)
Library Manager: ArmAr.exe V5.06 update 1 (build 61)
Hex Converter:   FromElf.exe V5.06 update 1 (build 61)
CPU DLL:         SARMCM3.DLL V5.18
Dialog DLL:      DCM.DLL V1.13.6.0
Target DLL:      STLink\ST-LINKIII-KEIL_SWO.dll V2.0.18.0
Dialog DLL:      TCM.DLL V1.14.8.0
 
<h2>Project:</h2>
E:\桌面文件\所有\电赛资料\A题最终代码\ads1292\stm32f1_ds1292_no_mcu_lib\USER\Program.uvprojx
Project File Date:  10/09/2020

<h2>Output:</h2>
*** Using Compiler 'V5.06 update 1 (build 61)', folder: 'F:\keil5\ARM\ARMCC\Bin'
Build target 'Program'
compiling my_app.c...
..\APP\APP\src\my_app.c(246): warning:  #167-D: argument of type "char *" is incompatible with parameter of type "unsigned char *"
          Usart2_SendStr_length(h_str,18);
..\APP\APP\src\my_app.c(252): warning:  #167-D: argument of type "char *" is incompatible with parameter of type "unsigned char *"
  					Usart2_SendStr_length(h_all_avg,14);
..\APP\APP\src\my_app.c: 2 warnings, 0 errors
linking...
Program Size: Code=11936 RO-data=532 RW-data=184 ZI-data=3320  
".\Objects\Program.axf" - 0 Error(s), 2 Warning(s).

<h2>Software Packages used:</h2>

Package Vendor: Keil
                http://www.keil.com/pack/Keil.STM32F1xx_DFP.2.3.0.pack
                Keil.STM32F1xx_DFP.2.3.0
                STMicroelectronics STM32F1 Series Device Support, Drivers and Examples

<h2>Collection of Component include folders:</h2>
  .\RTE\_Program
  D:\keil5\ARM\PACK\Keil\STM32F1xx_DFP\2.3.0\Device\Include

<h2>Collection of Component Files used:</h2>
Build Time Elapsed:  00:00:01
</pre>
</body>
</html>
