Component: ARM Compiler 5.06 update 1 (build 61) Tool: armlink [4d35a8]

==============================================================================

Section Cross References

    main.o(.text) refers to _printf_percent.o(.ARM.Collect$$_printf_percent$$00000000) for _printf_percent
    main.o(.text) refers to _printf_f.o(.ARM.Collect$$_printf_percent$$00000003) for _printf_f
    main.o(.text) refers to printf1.o(x$fpl$printf1) for _printf_fp_dec
    main.o(.text) refers to stm32f4xx_usart.o(.text) for USART_GetFlagStatus
    main.o(.text) refers to delay.o(.text) for delay_init
    main.o(.text) refers to misc.o(.text) for NVIC_PriorityGroupConfig
    main.o(.text) refers to usart.o(.text) for uart_init
    main.o(.text) refers to led.o(.text) for LED_Init
    main.o(.text) refers to lcd.o(.text) for LCD_Init
    main.o(.text) refers to mpu6050.o(.text) for MPU_Init
    main.o(.text) refers to key.o(.text) for KEY_Init
    main.o(.text) refers to inv_mpu.o(.text) for mpu_dmp_init
    main.o(.text) refers to inv_mpu_dmp_motion_driver.o(.text) for dmp_set_pedometer_step_count
    main.o(.text) refers to f2d.o(x$fpl$f2d) for __aeabi_f2d
    main.o(.text) refers to noretval__2printf.o(.text) for __2printf
    main.o(.text) refers to dmul.o(x$fpl$dmul) for __aeabi_dmul
    main.o(.text) refers to d2f.o(x$fpl$d2f) for __aeabi_d2f
    main.o(.text) refers to lcd.o(.data) for POINT_COLOR
    system_stm32f4xx.o(.text) refers to system_stm32f4xx.o(.data) for SystemCoreClock
    led.o(.text) refers to stm32f4xx_rcc.o(.text) for RCC_AHB1PeriphClockCmd
    led.o(.text) refers to stm32f4xx_gpio.o(.text) for GPIO_Init
    key.o(.text) refers to stm32f4xx_rcc.o(.text) for RCC_AHB1PeriphClockCmd
    key.o(.text) refers to stm32f4xx_gpio.o(.text) for GPIO_Init
    key.o(.text) refers to delay.o(.text) for delay_ms
    key.o(.text) refers to key.o(.data) for key_up
    lcd.o(.text) refers to _printf_percent.o(.ARM.Collect$$_printf_percent$$00000000) for _printf_percent
    lcd.o(.text) refers to _printf_x.o(.ARM.Collect$$_printf_percent$$0000000C) for _printf_x
    lcd.o(.text) refers to _printf_hex_int.o(.text) for _printf_longlong_hex
    lcd.o(.text) refers to delay.o(.text) for delay_us
    lcd.o(.text) refers to lcd.o(.bss) for lcddev
    lcd.o(.text) refers to lcd.o(.data) for POINT_COLOR
    lcd.o(.text) refers to dflt_clz.o(x$fpl$dfltu) for __aeabi_ui2d
    lcd.o(.text) refers to dmul.o(x$fpl$dmul) for __aeabi_dmul
    lcd.o(.text) refers to dfixu.o(x$fpl$dfixu) for __aeabi_d2uiz
    lcd.o(.text) refers to stm32f4xx_rcc.o(.text) for RCC_AHB1PeriphClockCmd
    lcd.o(.text) refers to stm32f4xx_gpio.o(.text) for GPIO_Init
    lcd.o(.text) refers to stm32f4xx_fsmc.o(.text) for FSMC_NORSRAMInit
    lcd.o(.text) refers to noretval__2printf.o(.text) for __2printf
    lcd.o(.text) refers to lcd.o(.constdata) for asc2_1206
    myiic.o(.text) refers to stm32f4xx_rcc.o(.text) for RCC_AHB1PeriphClockCmd
    myiic.o(.text) refers to stm32f4xx_gpio.o(.text) for GPIO_Init
    myiic.o(.text) refers to delay.o(.text) for delay_us
    mpu6050.o(.text) refers to myiic.o(.text) for IIC_Start
    mpu6050.o(.text) refers to delay.o(.text) for delay_ms
    mpu6050.o(.text) refers to dflt_clz.o(x$fpl$dflt) for __aeabi_i2d
    mpu6050.o(.text) refers to ddiv.o(x$fpl$ddiv) for __aeabi_ddiv
    mpu6050.o(.text) refers to daddsub_clz.o(x$fpl$dadd) for __aeabi_dadd
    mpu6050.o(.text) refers to d2f.o(x$fpl$d2f) for __aeabi_d2f
    inv_mpu.o(.text) refers to _printf_pad.o(.text) for _printf_pre_padding
    inv_mpu.o(.text) refers to _printf_percent.o(.ARM.Collect$$_printf_percent$$00000000) for _printf_percent
    inv_mpu.o(.text) refers to _printf_x.o(.ARM.Collect$$_printf_percent$$0000000C) for _printf_x
    inv_mpu.o(.text) refers to _printf_hex_int.o(.text) for _printf_longlong_hex
    inv_mpu.o(.text) refers to _printf_d.o(.ARM.Collect$$_printf_percent$$00000009) for _printf_d
    inv_mpu.o(.text) refers to _printf_dec.o(.text) for _printf_int_dec
    inv_mpu.o(.text) refers to mpu6050.o(.text) for MPU_Write_Len
    inv_mpu.o(.text) refers to noretval__2printf.o(.text) for __2printf
    inv_mpu.o(.text) refers to delay.o(.text) for delay_ms
    inv_mpu.o(.text) refers to inv_mpu.o(.data) for st
    inv_mpu.o(.text) refers to inv_mpu.o(.conststring) for .conststring
    inv_mpu.o(.text) refers to inv_mpu.o(.constdata) for test
    inv_mpu.o(.text) refers to llsdiv.o(.text) for __aeabi_ldivmod
    inv_mpu.o(.text) refers to memcmp.o(.text) for memcmp
    inv_mpu.o(.text) refers to inv_mpu_dmp_motion_driver.o(.text) for dmp_set_gyro_bias
    inv_mpu.o(.text) refers to myiic.o(.text) for IIC_Init
    inv_mpu.o(.text) refers to f2d.o(x$fpl$f2d) for __aeabi_f2d
    inv_mpu.o(.text) refers to asin.o(i.__hardfp_asin) for __hardfp_asin
    inv_mpu.o(.text) refers to dmul.o(x$fpl$dmul) for __aeabi_dmul
    inv_mpu.o(.text) refers to d2f.o(x$fpl$d2f) for __aeabi_d2f
    inv_mpu.o(.text) refers to atan2.o(i.__hardfp_atan2) for __hardfp_atan2
[...]
    __rt_lib_init_atexit_1                   0x0800027b   Thumb Code     0  libinit2.o(.ARM.Collect$$libinit$$0000001B)
    __rt_lib_init_clock_1                    0x0800027b   Thumb Code     0  libinit2.o(.ARM.Collect$$libinit$$00000021)
    __rt_lib_init_cpp_1                      0x0800027b   Thumb Code     0  libinit2.o(.ARM.Collect$$libinit$$00000032)
    __rt_lib_init_exceptions_1               0x0800027b   Thumb Code     0  libinit2.o(.ARM.Collect$$libinit$$00000030)
    __rt_lib_init_fp_trap_1                  0x0800027b   Thumb Code     0  libinit2.o(.ARM.Collect$$libinit$$0000001F)
    __rt_lib_init_getenv_1                   0x0800027b   Thumb Code     0  libinit2.o(.ARM.Collect$$libinit$$00000023)
    __rt_lib_init_lc_numeric_1               0x0800027b   Thumb Code     0  libinit2.o(.ARM.Collect$$libinit$$00000017)
    __rt_lib_init_lc_time_1                  0x0800027b   Thumb Code     0  libinit2.o(.ARM.Collect$$libinit$$00000019)
    __rt_lib_init_return                     0x0800027b   Thumb Code     0  libinit2.o(.ARM.Collect$$libinit$$00000033)
    __rt_lib_init_signal_1                   0x0800027b   Thumb Code     0  libinit2.o(.ARM.Collect$$libinit$$0000001D)
    __rt_lib_init_stdio_1                    0x0800027b   Thumb Code     0  libinit2.o(.ARM.Collect$$libinit$$00000025)
    __rt_lib_shutdown                        0x0800027d   Thumb Code     0  libshutdown.o(.ARM.Collect$$libshutdown$$00000000)
    __rt_lib_shutdown_cpp_1                  0x0800027f   Thumb Code     0  libshutdown2.o(.ARM.Collect$$libshutdown$$00000002)
    __rt_lib_shutdown_fp_trap_1              0x0800027f   Thumb Code     0  libshutdown2.o(.ARM.Collect$$libshutdown$$00000007)
    __rt_lib_shutdown_heap_1                 0x0800027f   Thumb Code     0  libshutdown2.o(.ARM.Collect$$libshutdown$$0000000F)
    __rt_lib_shutdown_return                 0x0800027f   Thumb Code     0  libshutdown2.o(.ARM.Collect$$libshutdown$$00000010)
    __rt_lib_shutdown_signal_1               0x0800027f   Thumb Code     0  libshutdown2.o(.ARM.Collect$$libshutdown$$0000000A)
    __rt_lib_shutdown_stdio_1                0x0800027f   Thumb Code     0  libshutdown2.o(.ARM.Collect$$libshutdown$$00000004)
    __rt_lib_shutdown_user_alloc_1           0x0800027f   Thumb Code     0  libshutdown2.o(.ARM.Collect$$libshutdown$$0000000C)
    __rt_entry                               0x08000281   Thumb Code     0  __rtentry.o(.ARM.Collect$$rtentry$$00000000)
    __rt_entry_presh_1                       0x08000281   Thumb Code     0  __rtentry2.o(.ARM.Collect$$rtentry$$00000002)
    __rt_entry_sh                            0x08000281   Thumb Code     0  __rtentry4.o(.ARM.Collect$$rtentry$$00000004)
    __rt_entry_li                            0x08000287   Thumb Code     0  __rtentry2.o(.ARM.Collect$$rtentry$$0000000A)
    __rt_entry_postsh_1                      0x08000287   Thumb Code     0  __rtentry2.o(.ARM.Collect$$rtentry$$00000009)
    __rt_entry_main                          0x0800028b   Thumb Code     0  __rtentry2.o(.ARM.Collect$$rtentry$$0000000D)
    __rt_entry_postli_1                      0x0800028b   Thumb Code     0  __rtentry2.o(.ARM.Collect$$rtentry$$0000000C)
    __rt_exit                                0x08000293   Thumb Code     0  rtexit.o(.ARM.Collect$$rtexit$$00000000)
    __rt_exit_ls                             0x08000295   Thumb Code     0  rtexit2.o(.ARM.Collect$$rtexit$$00000003)
    __rt_exit_prels_1                        0x08000295   Thumb Code     0  rtexit2.o(.ARM.Collect$$rtexit$$00000002)
    __rt_exit_exit                           0x08000299   Thumb Code     0  rtexit2.o(.ARM.Collect$$rtexit$$00000004)
    usart1_send_char                         0x080002a1   Thumb Code    28  main.o(.text)
    usart1_niming_report                     0x080002bd   Thumb Code   118  main.o(.text)
    mpu6050_send_data                        0x08000333   Thumb Code   110  main.o(.text)
    usart1_report_imu                        0x080003a1   Thumb Code   192  main.o(.text)
    main                                     0x08000461   Thumb Code   516  main.o(.text)
    NMI_Handler                              0x080006f9   Thumb Code     2  stm32f4xx_it.o(.text)
    HardFault_Handler                        0x080006fb   Thumb Code     4  stm32f4xx_it.o(.text)
    MemManage_Handler                        0x080006ff   Thumb Code     4  stm32f4xx_it.o(.text)
    BusFault_Handler                         0x08000703   Thumb Code     4  stm32f4xx_it.o(.text)
    UsageFault_Handler                       0x08000707   Thumb Code     4  stm32f4xx_it.o(.text)
    SVC_Handler                              0x0800070b   Thumb Code     2  stm32f4xx_it.o(.text)
    DebugMon_Handler                         0x0800070d   Thumb Code     2  stm32f4xx_it.o(.text)
    PendSV_Handler                           0x0800070f   Thumb Code     2  stm32f4xx_it.o(.text)
    SysTick_Handler                          0x08000711   Thumb Code     2  stm32f4xx_it.o(.text)
    SystemInit                               0x080007f1   Thumb Code    88  system_stm32f4xx.o(.text)
    SystemCoreClockUpdate                    0x08000849   Thumb Code   174  system_stm32f4xx.o(.text)
    LED_Init                                 0x08000925   Thumb Code    60  led.o(.text)
    KEY_Init                                 0x08000965   Thumb Code    60  key.o(.text)
    KEY_Scan                                 0x080009a1   Thumb Code   188  key.o(.text)
    LCD_WR_REG                               0x08000a69   Thumb Code    18  lcd.o(.text)
    LCD_WR_DATA                              0x08000a7b   Thumb Code    20  lcd.o(.text)
    LCD_RD_DATA                              0x08000a8f   Thumb Code    16  lcd.o(.text)
    LCD_WriteReg                             0x08000a9f   Thumb Code    14  lcd.o(.text)
    LCD_ReadReg                              0x08000aad   Thumb Code    22  lcd.o(.text)
    LCD_WriteRAM_Prepare                     0x08000ac3   Thumb Code    10  lcd.o(.text)
    LCD_WriteRAM                             0x08000acd   Thumb Code     8  lcd.o(.text)
    LCD_BGR2RGB                              0x08000ad5   Thumb Code    26  lcd.o(.text)
    opt_delay                                0x08000aef   Thumb Code    14  lcd.o(.text)
    LCD_SetCursor                            0x08000afd   Thumb Code   418  lcd.o(.text)
    LCD_ReadPoint                            0x08000c9f   Thumb Code   360  lcd.o(.text)
    LCD_DisplayOn                            0x08000e07   Thumb Code   102  lcd.o(.text)
    LCD_DisplayOff                           0x08000e6d   Thumb Code    90  lcd.o(.text)
    LCD_Scan_Dir                             0x08000ec7   Thumb Code   744  lcd.o(.text)
    LCD_DrawPoint                            0x080011af   Thumb Code    28  lcd.o(.text)
    LCD_Fast_DrawPoint                       0x080011cb   Thumb Code   388  lcd.o(.text)
    LCD_SSD_BackLightSet                     0x0800134f   Thumb Code    88  lcd.o(.text)
    LCD_Display_Dir                          0x080013a7   Thumb Code   444  lcd.o(.text)
    LCD_Set_Window                           0x08001563   Thumb Code   546  lcd.o(.text)
    LCD_Clear                                0x08001785   Thumb Code   100  lcd.o(.text)
    LCD_Init                                 0x080017e9   Thumb Code 14696  lcd.o(.text)
    LCD_Fill                                 0x08005151   Thumb Code   180  lcd.o(.text)
    LCD_Color_Fill                           0x08005205   Thumb Code   100  lcd.o(.text)
    LCD_DrawLine                             0x08005269   Thumb Code   176  lcd.o(.text)
    LCD_DrawRectangle                        0x08005319   Thumb Code    60  lcd.o(.text)
    LCD_Draw_Circle                          0x08005355   Thumb Code   152  lcd.o(.text)
    LCD_ShowChar                             0x080053ed   Thumb Code   272  lcd.o(.text)
    LCD_Pow                                  0x080054fd   Thumb Code    22  lcd.o(.text)
    LCD_ShowNum                              0x08005513   Thumb Code   148  lcd.o(.text)
    LCD_ShowxNum                             0x080055a7   Thumb Code   220  lcd.o(.text)
    LCD_ShowString                           0x08005683   Thumb Code   102  lcd.o(.text)
    IIC_Init                                 0x080056e9   Thumb Code    62  myiic.o(.text)
    IIC_Start                                0x08005727   Thumb Code    68  myiic.o(.text)
    IIC_Stop                                 0x0800576b   Thumb Code    62  myiic.o(.text)
    IIC_Wait_Ack                             0x080057a9   Thumb Code    82  myiic.o(.text)
    IIC_Ack                                  0x080057fb   Thumb Code    66  myiic.o(.text)
    IIC_NAck                                 0x0800583d   Thumb Code    66  myiic.o(.text)
    IIC_Send_Byte                            0x0800587f   Thumb Code    90  myiic.o(.text)
    IIC_Read_Byte                            0x080058d9   Thumb Code    94  myiic.o(.text)
    MPU_Write_Byte                           0x08005945   Thumb Code    68  mpu6050.o(.text)
    MPU_Set_LPF                              0x08005989   Thumb Code    58  mpu6050.o(.text)
    MPU_Set_Rate                             0x080059c3   Thumb Code    58  mpu6050.o(.text)
    MPU_Read_Byte                            0x080059fd   Thumb Code    58  mpu6050.o(.text)
    MPU_Set_Accel_Fsr                        0x08005a37   Thumb Code    16  mpu6050.o(.text)
    MPU_Set_Gyro_Fsr                         0x08005a47   Thumb Code    16  mpu6050.o(.text)
    MPU_Init                                 0x08005a57   Thumb Code   122  mpu6050.o(.text)
    MPU_Read_Len                             0x08005ad1   Thumb Code   116  mpu6050.o(.text)
    MPU_Get_Temperature                      0x08005b45   Thumb Code   110  mpu6050.o(.text)
    MPU_Get_Gyroscope                        0x08005bb3   Thumb Code    80  mpu6050.o(.text)
    MPU_Get_Accelerometer                    0x08005c03   Thumb Code    80  mpu6050.o(.text)
    MPU_Write_Len                            0x08005c53   Thumb Code    96  mpu6050.o(.text)
    mpu_reg_dump                             0x08005d53   Thumb Code    84  inv_mpu.o(.text)
    mpu_read_reg                             0x08005da7   Thumb Code    66  inv_mpu.o(.text)
    mpu_set_int_latched                      0x08005de9   Thumb Code   102  inv_mpu.o(.text)
    mpu_set_sensors                          0x08005e4f   Thumb Code   202  inv_mpu.o(.text)
    mpu_set_bypass                           0x08005f19   Thumb Code   328  inv_mpu.o(.text)
    mpu_reset_fifo                           0x08006061   Thumb Code   472  inv_mpu.o(.text)
    mpu_configure_fifo                       0x08006239   Thumb Code   106  inv_mpu.o(.text)
    mpu_set_lpf                              0x080062a3   Thumb Code   126  inv_mpu.o(.text)
    mpu_lp_accel_mode                        0x08006321   Thumb Code   218  inv_mpu.o(.text)
    mpu_set_sample_rate                      0x080063fb   Thumb Code   152  inv_mpu.o(.text)
    mpu_set_accel_fsr                        0x08006493   Thumb Code   132  inv_mpu.o(.text)
    mpu_set_gyro_fsr                         0x08006517   Thumb Code   132  inv_mpu.o(.text)
    mpu_init                                 0x0800659b   Thumb Code   416  inv_mpu.o(.text)
    mget_ms                                  0x0800673b   Thumb Code     2  inv_mpu.o(.text)
    mpu_get_gyro_reg                         0x0800673d   Thumb Code   110  inv_mpu.o(.text)
    mpu_get_accel_reg                        0x080067ab   Thumb Code   110  inv_mpu.o(.text)
    mpu_get_temperature                      0x08006819   Thumb Code   142  inv_mpu.o(.text)
    mpu_set_accel_bias                       0x080068a7   Thumb Code   472  inv_mpu.o(.text)
    mpu_get_gyro_fsr                         0x08006a7f   Thumb Code    64  inv_mpu.o(.text)
    mpu_get_accel_fsr                        0x08006abf   Thumb Code    72  inv_mpu.o(.text)
    mpu_get_lpf                              0x08006b07   Thumb Code    74  inv_mpu.o(.text)
    mpu_get_sample_rate                      0x08006b51   Thumb Code    26  inv_mpu.o(.text)
    mpu_get_compass_sample_rate              0x08006b6b   Thumb Code    10  inv_mpu.o(.text)
    mpu_set_compass_sample_rate              0x08006b75   Thumb Code     8  inv_mpu.o(.text)
    mpu_get_gyro_sens                        0x08006b7d   Thumb Code    74  inv_mpu.o(.text)
    mpu_get_accel_sens                       0x08006bc7   Thumb Code    78  inv_mpu.o(.text)
    mpu_get_fifo_config                      0x08006c15   Thumb Code    12  inv_mpu.o(.text)
    mpu_get_power_state                      0x08006c21   Thumb Code    22  inv_mpu.o(.text)
    mpu_get_int_status                       0x08006c37   Thumb Code    64  inv_mpu.o(.text)
    mpu_read_fifo                            0x08006c77   Thumb Code   520  inv_mpu.o(.text)
    mpu_read_fifo_stream                     0x08006e7f   Thumb Code   186  inv_mpu.o(.text)
    mpu_set_int_level                        0x08006f39   Thumb Code    12  inv_mpu.o(.text)
    mpu_set_dmp_state                        0x08007649   Thumb Code   138  inv_mpu.o(.text)
    mpu_run_self_test                        0x080076d3   Thumb Code   278  inv_mpu.o(.text)
    mpu_write_mem                            0x080077e9   Thumb Code   122  inv_mpu.o(.text)
    mpu_read_mem                             0x08007863   Thumb Code   122  inv_mpu.o(.text)
    mpu_load_firmware                        0x080078dd   Thumb Code   190  inv_mpu.o(.text)
    mpu_get_dmp_state                        0x0800799b   Thumb Code    14  inv_mpu.o(.text)
    setup_compass                            0x080079a9   Thumb Code     6  inv_mpu.o(.text)
    mpu_get_compass_reg                      0x080079af   Thumb Code     8  inv_mpu.o(.text)
    mpu_get_compass_fsr                      0x080079b7   Thumb Code     8  inv_mpu.o(.text)
    mpu_lp_motion_interrupt                  0x080079bf   Thumb Code   512  inv_mpu.o(.text)
    run_self_test                            0x08007bbf   Thumb Code   154  inv_mpu.o(.text)
    inv_row_2_scale                          0x08007c59   Thumb Code    78  inv_mpu.o(.text)
    inv_orientation_matrix_to_scalar         0x08007ca7   Thumb Code    40  inv_mpu.o(.text)
    mpu_dmp_init                             0x08007ccf   Thumb Code   160  inv_mpu.o(.text)
    mpu_dmp_get_data                         0x08007d6f   Thumb Code   520  inv_mpu.o(.text)
    dmp_load_motion_driver_firmware          0x08007f89   Thumb Code    20  inv_mpu_dmp_motion_driver.o(.text)
    dmp_set_orientation                      0x08007f9d   Thumb Code   290  inv_mpu_dmp_motion_driver.o(.text)
    dmp_set_gyro_bias                        0x080080bf   Thumb Code   294  inv_mpu_dmp_motion_driver.o(.text)
    dmp_set_accel_bias                       0x080081e5   Thumb Code   300  inv_mpu_dmp_motion_driver.o(.text)
    dmp_set_fifo_rate                        0x08008311   Thumb Code   136  inv_mpu_dmp_motion_driver.o(.text)
    dmp_get_fifo_rate                        0x08008399   Thumb Code    12  inv_mpu_dmp_motion_driver.o(.text)
    dmp_set_tap_thresh                       0x080083a5   Thumb Code   412  inv_mpu_dmp_motion_driver.o(.text)
    dmp_set_tap_axes                         0x08008541   Thumb Code    70  inv_mpu_dmp_motion_driver.o(.text)
    dmp_set_tap_count                        0x08008587   Thumb Code    38  inv_mpu_dmp_motion_driver.o(.text)
    dmp_set_tap_time                         0x080085ad   Thumb Code    38  inv_mpu_dmp_motion_driver.o(.text)
    dmp_set_tap_time_multi                   0x080085d3   Thumb Code    38  inv_mpu_dmp_motion_driver.o(.text)
    dmp_set_shake_reject_thresh              0x080085f9   Thumb Code    56  inv_mpu_dmp_motion_driver.o(.text)
    dmp_set_shake_reject_time                0x08008631   Thumb Code    38  inv_mpu_dmp_motion_driver.o(.text)
    dmp_set_shake_reject_timeout             0x08008657   Thumb Code    38  inv_mpu_dmp_motion_driver.o(.text)
    dmp_get_pedometer_step_count             0x0800867d   Thumb Code    66  inv_mpu_dmp_motion_driver.o(.text)
    dmp_set_pedometer_step_count             0x080086bf   Thumb Code    42  inv_mpu_dmp_motion_driver.o(.text)
    dmp_get_pedometer_walk_time              0x080086e9   Thumb Code    72  inv_mpu_dmp_motion_driver.o(.text)
    dmp_set_pedometer_walk_time              0x08008731   Thumb Code    48  inv_mpu_dmp_motion_driver.o(.text)
    dmp_enable_6x_lp_quat                    0x08008761   Thumb Code   100  inv_mpu_dmp_motion_driver.o(.text)
    dmp_enable_lp_quat                       0x080087c5   Thumb Code    60  inv_mpu_dmp_motion_driver.o(.text)
    dmp_enable_gyro_cal                      0x08008801   Thumb Code    62  inv_mpu_dmp_motion_driver.o(.text)
    dmp_enable_feature                       0x0800883f   Thumb Code   530  inv_mpu_dmp_motion_driver.o(.text)
    dmp_get_enabled_features                 0x08008a51   Thumb Code    12  inv_mpu_dmp_motion_driver.o(.text)
    dmp_set_interrupt_mode                   0x08008abb   Thumb Code    66  inv_mpu_dmp_motion_driver.o(.text)
    dmp_read_fifo                            0x08008afd   Thumb Code   514  inv_mpu_dmp_motion_driver.o(.text)
    dmp_register_tap_cb                      0x08008cff   Thumb Code    10  inv_mpu_dmp_motion_driver.o(.text)
    dmp_register_android_orient_cb           0x08008d09   Thumb Code    10  inv_mpu_dmp_motion_driver.o(.text)
    delay_init                               0x08008d19   Thumb Code    52  delay.o(.text)
    delay_us                                 0x08008d4d   Thumb Code    72  delay.o(.text)
    delay_xms                                0x08008d95   Thumb Code    72  delay.o(.text)
    delay_ms                                 0x08008ddd   Thumb Code    56  delay.o(.text)
    _sys_exit                                0x08008e1d   Thumb Code     4  usart.o(.text)
    fputc                                    0x08008e21   Thumb Code    22  usart.o(.text)
    uart_init                                0x08008e37   Thumb Code   164  usart.o(.text)
    USART1_IRQHandler                        0x08008edb   Thumb Code   122  usart.o(.text)
    Reset_Handler                            0x08008f65   Thumb Code     8  startup_stm32f40_41xxx.o(.text)
    ADC_IRQHandler                           0x08008f7f   Thumb Code     0  startup_stm32f40_41xxx.o(.text)
    CAN1_RX0_IRQHandler                      0x08008f7f   Thumb Code     0  startup_stm32f40_41xxx.o(.text)
    CAN1_RX1_IRQHandler                      0x08008f7f   Thumb Code     0  startup_stm32f40_41xxx.o(.text)
    CAN1_SCE_IRQHandler                      0x08008f7f   Thumb Code     0  startup_stm32f40_41xxx.o(.text)
    CAN1_TX_IRQHandler                       0x08008f7f   Thumb Code     0  startup_stm32f40_41xxx.o(.text)
    CAN2_RX0_IRQHandler                      0x08008f7f   Thumb Code     0  startup_stm32f40_41xxx.o(.text)
    CAN2_RX1_IRQHandler                      0x08008f7f   Thumb Code     0  startup_stm32f40_41xxx.o(.text)
    CAN2_SCE_IRQHandler                      0x08008f7f   Thumb Code     0  startup_stm32f40_41xxx.o(.text)
    CAN2_TX_IRQHandler                       0x08008f7f   Thumb Code     0  startup_stm32f40_41xxx.o(.text)
    CRYP_IRQHandler                          0x08008f7f   Thumb Code     0  startup_stm32f40_41xxx.o(.text)
    DCMI_IRQHandler                          0x08008f7f   Thumb Code     0  startup_stm32f40_41xxx.o(.text)
    DMA1_Stream0_IRQHandler                  0x08008f7f   Thumb Code     0  startup_stm32f40_41xxx.o(.text)
    DMA1_Stream1_IRQHandler                  0x08008f7f   Thumb Code     0  startup_stm32f40_41xxx.o(.text)
    DMA1_Stream2_IRQHandler                  0x08008f7f   Thumb Code     0  startup_stm32f40_41xxx.o(.text)
    DMA1_Stream3_IRQHandler                  0x08008f7f   Thumb Code     0  startup_stm32f40_41xxx.o(.text)
    DMA1_Stream4_IRQHandler                  0x08008f7f   Thumb Code     0  startup_stm32f40_41xxx.o(.text)
    DMA1_Stream5_IRQHandler                  0x08008f7f   Thumb Code     0  startup_stm32f40_41xxx.o(.text)
    DMA1_Stream6_IRQHandler                  0x08008f7f   Thumb Code     0  startup_stm32f40_41xxx.o(.text)
    DMA1_Stream7_IRQHandler                  0x08008f7f   Thumb Code     0  startup_stm32f40_41xxx.o(.text)
    DMA2_Stream0_IRQHandler                  0x08008f7f   Thumb Code     0  startup_stm32f40_41xxx.o(.text)
    DMA2_Stream1_IRQHandler                  0x08008f7f   Thumb Code     0  startup_stm32f40_41xxx.o(.text)
    DMA2_Stream2_IRQHandler                  0x08008f7f   Thumb Code     0  startup_stm32f40_41xxx.o(.text)
    DMA2_Stream3_IRQHandler                  0x08008f7f   Thumb Code     0  startup_stm32f40_41xxx.o(.text)
    DMA2_Stream4_IRQHandler                  0x08008f7f   Thumb Code     0  startup_stm32f40_41xxx.o(.text)
    DMA2_Stream5_IRQHandler                  0x08008f7f   Thumb Code     0  startup_stm32f40_41xxx.o(.text)
    DMA2_Stream6_IRQHandler                  0x08008f7f   Thumb Code     0  startup_stm32f40_41xxx.o(.text)
    DMA2_Stream7_IRQHandler                  0x08008f7f   Thumb Code     0  startup_stm32f40_41xxx.o(.text)
    ETH_IRQHandler                           0x08008f7f   Thumb Code     0  startup_stm32f40_41xxx.o(.text)
    ETH_WKUP_IRQHandler                      0x08008f7f   Thumb Code     0  startup_stm32f40_41xxx.o(.text)
    EXTI0_IRQHandler                         0x08008f7f   Thumb Code     0  startup_stm32f40_41xxx.o(.text)
    EXTI15_10_IRQHandler                     0x08008f7f   Thumb Code     0  startup_stm32f40_41xxx.o(.text)
    EXTI1_IRQHandler                         0x08008f7f   Thumb Code     0  startup_stm32f40_41xxx.o(.text)
    EXTI2_IRQHandler                         0x08008f7f   Thumb Code     0  startup_stm32f40_41xxx.o(.text)
    EXTI3_IRQHandler                         0x08008f7f   Thumb Code     0  startup_stm32f40_41xxx.o(.text)
    EXTI4_IRQHandler                         0x08008f7f   Thumb Code     0  startup_stm32f40_41xxx.o(.text)
    EXTI9_5_IRQHandler                       0x08008f7f   Thumb Code     0  startup_stm32f40_41xxx.o(.text)
    FLASH_IRQHandler                         0x08008f7f   Thumb Code     0  startup_stm32f40_41xxx.o(.text)
    FPU_IRQHandler                           0x08008f7f   Thumb Code     0  startup_stm32f40_41xxx.o(.text)
    FSMC_IRQHandler                          0x08008f7f   Thumb Code     0  startup_stm32f40_41xxx.o(.text)
    HASH_RNG_IRQHandler                      0x08008f7f   Thumb Code     0  startup_stm32f40_41xxx.o(.text)
    I2C1_ER_IRQHandler                       0x08008f7f   Thumb Code     0  startup_stm32f40_41xxx.o(.text)
    I2C1_EV_IRQHandler                       0x08008f7f   Thumb Code     0  startup_stm32f40_41xxx.o(.text)
    I2C2_ER_IRQHandler                       0x08008f7f   Thumb Code     0  startup_stm32f40_41xxx.o(.text)
    I2C2_EV_IRQHandler                       0x08008f7f   Thumb Code     0  startup_stm32f40_41xxx.o(.text)
    I2C3_ER_IRQHandler                       0x08008f7f   Thumb Code     0  startup_stm32f40_41xxx.o(.text)
    I2C3_EV_IRQHandler                       0x08008f7f   Thumb Code     0  startup_stm32f40_41xxx.o(.text)
    OTG_FS_IRQHandler                        0x08008f7f   Thumb Code     0  startup_stm32f40_41xxx.o(.text)
    OTG_FS_WKUP_IRQHandler                   0x08008f7f   Thumb Code     0  startup_stm32f40_41xxx.o(.text)
    OTG_HS_EP1_IN_IRQHandler                 0x08008f7f   Thumb Code     0  startup_stm32f40_41xxx.o(.text)
    OTG_HS_EP1_OUT_IRQHandler                0x08008f7f   Thumb Code     0  startup_stm32f40_41xxx.o(.text)
    OTG_HS_IRQHandler                        0x08008f7f   Thumb Code     0  startup_stm32f40_41xxx.o(.text)
    OTG_HS_WKUP_IRQHandler                   0x08008f7f   Thumb Code     0  startup_stm32f40_41xxx.o(.text)
    PVD_IRQHandler                           0x08008f7f   Thumb Code     0  startup_stm32f40_41xxx.o(.text)
    RCC_IRQHandler                           0x08008f7f   Thumb Code     0  startup_stm32f40_41xxx.o(.text)
    RTC_Alarm_IRQHandler                     0x08008f7f   Thumb Code     0  startup_stm32f40_41xxx.o(.text)
    RTC_WKUP_IRQHandler                      0x08008f7f   Thumb Code     0  startup_stm32f40_41xxx.o(.text)
    SDIO_IRQHandler                          0x08008f7f   Thumb Code     0  startup_stm32f40_41xxx.o(.text)
    SPI1_IRQHandler                          0x08008f7f   Thumb Code     0  startup_stm32f40_41xxx.o(.text)
    SPI2_IRQHandler                          0x08008f7f   Thumb Code     0  startup_stm32f40_41xxx.o(.text)
    SPI3_IRQHandler                          0x08008f7f   Thumb Code     0  startup_stm32f40_41xxx.o(.text)
    TAMP_STAMP_IRQHandler                    0x08008f7f   Thumb Code     0  startup_stm32f40_41xxx.o(.text)
    TIM1_BRK_TIM9_IRQHandler                 0x08008f7f   Thumb Code     0  startup_stm32f40_41xxx.o(.text)
    TIM1_CC_IRQHandler                       0x08008f7f   Thumb Code     0  startup_stm32f40_41xxx.o(.text)
    TIM1_TRG_COM_TIM11_IRQHandler            0x08008f7f   Thumb Code     0  startup_stm32f40_41xxx.o(.text)
    TIM1_UP_TIM10_IRQHandler                 0x08008f7f   Thumb Code     0  startup_stm32f40_41xxx.o(.text)
    TIM2_IRQHandler                          0x08008f7f   Thumb Code     0  startup_stm32f40_41xxx.o(.text)
    TIM3_IRQHandler                          0x08008f7f   Thumb Code     0  startup_stm32f40_41xxx.o(.text)
    TIM5_IRQHandler                          0x08008f7f   Thumb Code     0  startup_stm32f40_41xxx.o(.text)
    TIM6_DAC_IRQHandler                      0x08008f7f   Thumb Code     0  startup_stm32f40_41xxx.o(.text)
    TIM7_IRQHandler                          0x08008f7f   Thumb Code     0  startup_stm32f40_41xxx.o(.text)
    TIM8_BRK_TIM12_IRQHandler                0x08008f7f   Thumb Code     0  startup_stm32f40_41xxx.o(.text)
    TIM8_CC_IRQHandler                       0x08008f7f   Thumb Code     0  startup_stm32f40_41xxx.o(.text)
    TIM8_TRG_COM_TIM14_IRQHandler            0x08008f7f   Thumb Code     0  startup_stm32f40_41xxx.o(.text)
    TIM8_UP_TIM13_IRQHandler                 0x08008f7f   Thumb Code     0  startup_stm32f40_41xxx.o(.text)
    UART4_IRQHandler                         0x08008f7f   Thumb Code     0  startup_stm32f40_41xxx.o(.text)
    UART5_IRQHandler                         0x08008f7f   Thumb Code     0  startup_stm32f40_41xxx.o(.text)
    USART2_IRQHandler                        0x08008f7f   Thumb Code     0  startup_stm32f40_41xxx.o(.text)
    USART3_IRQHandler                        0x08008f7f   Thumb Code     0  startup_stm32f40_41xxx.o(.text)
    USART6_IRQHandler                        0x08008f7f   Thumb Code     0  startup_stm32f40_41xxx.o(.text)
    WWDG_IRQHandler                          0x08008f7f   Thumb Code     0  startup_stm32f40_41xxx.o(.text)
    __user_initial_stackheap                 0x08008f81   Thumb Code     0  startup_stm32f40_41xxx.o(.text)
    NVIC_PriorityGroupConfig                 0x08008fa5   Thumb Code    10  misc.o(.text)
    NVIC_Init                                0x08008faf   Thumb Code   106  misc.o(.text)
    NVIC_SetVectorTable                      0x08009019   Thumb Code    14  misc.o(.text)
    NVIC_SystemLPConfig                      0x08009027   Thumb Code    34  misc.o(.text)
    SysTick_CLKSourceConfig                  0x08009049   Thumb Code    40  misc.o(.text)
    FSMC_NORSRAMDeInit                       0x08009085   Thumb Code    54  stm32f4xx_fsmc.o(.text)
    FSMC_NORSRAMInit                         0x080090bb   Thumb Code   230  stm32f4xx_fsmc.o(.text)
    FSMC_NORSRAMStructInit                   0x080091a1   Thumb Code    48  stm32f4xx_fsmc.o(.text)
    FSMC_NORSRAMCmd                          0x080091d1   Thumb Code    46  stm32f4xx_fsmc.o(.text)
    FSMC_NANDDeInit                          0x080091ff   Thumb Code    62  stm32f4xx_fsmc.o(.text)
    FSMC_NANDInit                            0x0800923d   Thumb Code   132  stm32f4xx_fsmc.o(.text)
    FSMC_NANDStructInit                      0x080092c1   Thumb Code    54  stm32f4xx_fsmc.o(.text)
    FSMC_NANDCmd                             0x080092f7   Thumb Code    86  stm32f4xx_fsmc.o(.text)
    FSMC_NANDECCCmd                          0x0800934d   Thumb Code    86  stm32f4xx_fsmc.o(.text)
    FSMC_GetECC                              0x080093a3   Thumb Code    24  stm32f4xx_fsmc.o(.text)
    FSMC_PCCARDDeInit                        0x080093bb   Thumb Code    36  stm32f4xx_fsmc.o(.text)
    FSMC_PCCARDInit                          0x080093df   Thumb Code   130  stm32f4xx_fsmc.o(.text)
    FSMC_PCCARDStructInit                    0x08009461   Thumb Code    60  stm32f4xx_fsmc.o(.text)
    FSMC_PCCARDCmd                           0x0800949d   Thumb Code    44  stm32f4xx_fsmc.o(.text)
    FSMC_ITConfig                            0x080094c9   Thumb Code   128  stm32f4xx_fsmc.o(.text)
    FSMC_GetFlagStatus                       0x08009549   Thumb Code    54  stm32f4xx_fsmc.o(.text)
    FSMC_ClearFlag                           0x0800957f   Thumb Code    74  stm32f4xx_fsmc.o(.text)
    FSMC_GetITStatus                         0x080095c9   Thumb Code    62  stm32f4xx_fsmc.o(.text)
    FSMC_ClearITPendingBit                   0x08009607   Thumb Code    66  stm32f4xx_fsmc.o(.text)
    GPIO_DeInit                              0x0800964d   Thumb Code   268  stm32f4xx_gpio.o(.text)
    GPIO_Init                                0x08009759   Thumb Code   144  stm32f4xx_gpio.o(.text)
    GPIO_StructInit                          0x080097e9   Thumb Code    18  stm32f4xx_gpio.o(.text)
    GPIO_PinLockConfig                       0x080097fb   Thumb Code    34  stm32f4xx_gpio.o(.text)
    GPIO_ReadInputDataBit                    0x0800981d   Thumb Code    18  stm32f4xx_gpio.o(.text)
    GPIO_ReadInputData                       0x0800982f   Thumb Code     8  stm32f4xx_gpio.o(.text)
    GPIO_ReadOutputDataBit                   0x08009837   Thumb Code    18  stm32f4xx_gpio.o(.text)
    GPIO_ReadOutputData                      0x08009849   Thumb Code     8  stm32f4xx_gpio.o(.text)
    GPIO_SetBits                             0x08009851   Thumb Code     4  stm32f4xx_gpio.o(.text)
    GPIO_ResetBits                           0x08009855   Thumb Code     4  stm32f4xx_gpio.o(.text)
    GPIO_WriteBit                            0x08009859   Thumb Code    10  stm32f4xx_gpio.o(.text)
    GPIO_Write                               0x08009863   Thumb Code     4  stm32f4xx_gpio.o(.text)
    GPIO_ToggleBits                          0x08009867   Thumb Code     8  stm32f4xx_gpio.o(.text)
    GPIO_PinAFConfig                         0x0800986f   Thumb Code    70  stm32f4xx_gpio.o(.text)
    RCC_DeInit                               0x080098e1   Thumb Code    82  stm32f4xx_rcc.o(.text)
    RCC_HSEConfig                            0x08009933   Thumb Code    14  stm32f4xx_rcc.o(.text)
    RCC_GetFlagStatus                        0x08009941   Thumb Code    60  stm32f4xx_rcc.o(.text)
    RCC_WaitForHSEStartUp                    0x0800997d   Thumb Code    56  stm32f4xx_rcc.o(.text)
    RCC_AdjustHSICalibrationValue            0x080099b5   Thumb Code    20  stm32f4xx_rcc.o(.text)
    RCC_HSICmd                               0x080099c9   Thumb Code     6  stm32f4xx_rcc.o(.text)
    RCC_LSEConfig                            0x080099cf   Thumb Code    46  stm32f4xx_rcc.o(.text)
    RCC_LSICmd                               0x080099fd   Thumb Code     6  stm32f4xx_rcc.o(.text)
    RCC_PLLConfig                            0x08009a03   Thumb Code    32  stm32f4xx_rcc.o(.text)
    RCC_PLLCmd                               0x08009a23   Thumb Code     6  stm32f4xx_rcc.o(.text)
    RCC_PLLI2SConfig                         0x08009a29   Thumb Code    14  stm32f4xx_rcc.o(.text)
    RCC_PLLI2SCmd                            0x08009a37   Thumb Code     6  stm32f4xx_rcc.o(.text)
    RCC_PLLSAIConfig                         0x08009a3d   Thumb Code    20  stm32f4xx_rcc.o(.text)
    RCC_PLLSAICmd                            0x08009a51   Thumb Code     6  stm32f4xx_rcc.o(.text)
    RCC_ClockSecuritySystemCmd               0x08009a57   Thumb Code     6  stm32f4xx_rcc.o(.text)
    RCC_MCO1Config                           0x08009a5d   Thumb Code    28  stm32f4xx_rcc.o(.text)
    RCC_MCO2Config                           0x08009a79   Thumb Code    28  stm32f4xx_rcc.o(.text)
    RCC_SYSCLKConfig                         0x08009a95   Thumb Code    20  stm32f4xx_rcc.o(.text)
    RCC_GetSYSCLKSource                      0x08009aa9   Thumb Code    12  stm32f4xx_rcc.o(.text)
    RCC_HCLKConfig                           0x08009ab5   Thumb Code    20  stm32f4xx_rcc.o(.text)
    RCC_PCLK1Config                          0x08009ac9   Thumb Code    20  stm32f4xx_rcc.o(.text)
    RCC_PCLK2Config                          0x08009add   Thumb Code    22  stm32f4xx_rcc.o(.text)
    RCC_GetClocksFreq                        0x08009af3   Thumb Code   222  stm32f4xx_rcc.o(.text)
    RCC_RTCCLKConfig                         0x08009bd1   Thumb Code    54  stm32f4xx_rcc.o(.text)
    RCC_RTCCLKCmd                            0x08009c07   Thumb Code     8  stm32f4xx_rcc.o(.text)
    RCC_BackupResetCmd                       0x08009c0f   Thumb Code     8  stm32f4xx_rcc.o(.text)
    RCC_I2SCLKConfig                         0x08009c17   Thumb Code     6  stm32f4xx_rcc.o(.text)
    RCC_SAIPLLI2SClkDivConfig                0x08009c1d   Thumb Code    26  stm32f4xx_rcc.o(.text)
    RCC_SAIPLLSAIClkDivConfig                0x08009c37   Thumb Code    28  stm32f4xx_rcc.o(.text)
    RCC_SAIBlockACLKConfig                   0x08009c53   Thumb Code    20  stm32f4xx_rcc.o(.text)
    RCC_SAIBlockBCLKConfig                   0x08009c67   Thumb Code    20  stm32f4xx_rcc.o(.text)
    RCC_LTDCCLKDivConfig                     0x08009c7b   Thumb Code    20  stm32f4xx_rcc.o(.text)
    RCC_TIMCLKPresConfig                     0x08009c8f   Thumb Code     6  stm32f4xx_rcc.o(.text)
    RCC_AHB1PeriphClockCmd                   0x08009c95   Thumb Code    34  stm32f4xx_rcc.o(.text)
    RCC_AHB2PeriphClockCmd                   0x08009cb7   Thumb Code    78  stm32f4xx_rcc.o(.text)
    RCC_AHB3PeriphClockCmd                   0x08009d05   Thumb Code    34  stm32f4xx_rcc.o(.text)
    RCC_APB1PeriphClockCmd                   0x08009d27   Thumb Code    34  stm32f4xx_rcc.o(.text)
    RCC_APB2PeriphClockCmd                   0x08009d49   Thumb Code    34  stm32f4xx_rcc.o(.text)
    RCC_AHB1PeriphResetCmd                   0x08009d6b   Thumb Code    34  stm32f4xx_rcc.o(.text)
    RCC_AHB2PeriphResetCmd                   0x08009d8d   Thumb Code    34  stm32f4xx_rcc.o(.text)
    RCC_AHB3PeriphResetCmd                   0x08009daf   Thumb Code    34  stm32f4xx_rcc.o(.text)
    RCC_APB1PeriphResetCmd                   0x08009dd1   Thumb Code    34  stm32f4xx_rcc.o(.text)
    RCC_APB2PeriphResetCmd                   0x08009df3   Thumb Code    34  stm32f4xx_rcc.o(.text)
    RCC_AHB1PeriphClockLPModeCmd             0x08009e15   Thumb Code    34  stm32f4xx_rcc.o(.text)
    RCC_AHB2PeriphClockLPModeCmd             0x08009e37   Thumb Code    34  stm32f4xx_rcc.o(.text)
    RCC_AHB3PeriphClockLPModeCmd             0x08009e59   Thumb Code    34  stm32f4xx_rcc.o(.text)
    RCC_APB1PeriphClockLPModeCmd             0x08009e7b   Thumb Code    34  stm32f4xx_rcc.o(.text)
    RCC_APB2PeriphClockLPModeCmd             0x08009e9d   Thumb Code    34  stm32f4xx_rcc.o(.text)
    RCC_LSEModeConfig                        0x08009ebf   Thumb Code    40  stm32f4xx_rcc.o(.text)
    RCC_ITConfig                             0x08009ee7   Thumb Code    34  stm32f4xx_rcc.o(.text)
    RCC_ClearFlag                            0x08009f09   Thumb Code    18  stm32f4xx_rcc.o(.text)
    RCC_GetITStatus                          0x08009f1b   Thumb Code    22  stm32f4xx_rcc.o(.text)
    RCC_ClearITPendingBit                    0x08009f31   Thumb Code     8  stm32f4xx_rcc.o(.text)
    USART_DeInit                             0x08009f3d   Thumb Code   206  stm32f4xx_usart.o(.text)
    USART_Init                               0x0800a00b   Thumb Code   204  stm32f4xx_usart.o(.text)
    USART_StructInit                         0x0800a0d7   Thumb Code    24  stm32f4xx_usart.o(.text)
    USART_ClockInit                          0x0800a0ef   Thumb Code    32  stm32f4xx_usart.o(.text)
    USART_ClockStructInit                    0x0800a10f   Thumb Code    12  stm32f4xx_usart.o(.text)
    USART_Cmd                                0x0800a11b   Thumb Code    24  stm32f4xx_usart.o(.text)
    USART_SetPrescaler                       0x0800a133   Thumb Code    16  stm32f4xx_usart.o(.text)
    USART_OverSampling8Cmd                   0x0800a143   Thumb Code    22  stm32f4xx_usart.o(.text)
    USART_OneBitMethodCmd                    0x0800a159   Thumb Code    24  stm32f4xx_usart.o(.text)
    USART_SendData                           0x0800a171   Thumb Code     8  stm32f4xx_usart.o(.text)
    USART_ReceiveData                        0x0800a179   Thumb Code    10  stm32f4xx_usart.o(.text)
    USART_SetAddress                         0x0800a183   Thumb Code    18  stm32f4xx_usart.o(.text)
    USART_ReceiverWakeUpCmd                  0x0800a195   Thumb Code    24  stm32f4xx_usart.o(.text)
    USART_WakeUpConfig                       0x0800a1ad   Thumb Code    18  stm32f4xx_usart.o(.text)
    USART_LINBreakDetectLengthConfig         0x0800a1bf   Thumb Code    18  stm32f4xx_usart.o(.text)
    USART_LINCmd                             0x0800a1d1   Thumb Code    24  stm32f4xx_usart.o(.text)
    USART_SendBreak                          0x0800a1e9   Thumb Code    10  stm32f4xx_usart.o(.text)
    USART_HalfDuplexCmd                      0x0800a1f3   Thumb Code    24  stm32f4xx_usart.o(.text)
    USART_SetGuardTime                       0x0800a20b   Thumb Code    16  stm32f4xx_usart.o(.text)
    USART_SmartCardCmd                       0x0800a21b   Thumb Code    24  stm32f4xx_usart.o(.text)
    USART_SmartCardNACKCmd                   0x0800a233   Thumb Code    24  stm32f4xx_usart.o(.text)
    USART_IrDAConfig                         0x0800a24b   Thumb Code    18  stm32f4xx_usart.o(.text)
    USART_IrDACmd                            0x0800a25d   Thumb Code    24  stm32f4xx_usart.o(.text)
    USART_DMACmd                             0x0800a275   Thumb Code    18  stm32f4xx_usart.o(.text)
    USART_ITConfig                           0x0800a287   Thumb Code    74  stm32f4xx_usart.o(.text)
    USART_GetFlagStatus                      0x0800a2d1   Thumb Code    26  stm32f4xx_usart.o(.text)
    USART_ClearFlag                          0x0800a2eb   Thumb Code    18  stm32f4xx_usart.o(.text)
    USART_GetITStatus                        0x0800a2fd   Thumb Code   118  stm32f4xx_usart.o(.text)
    USART_ClearITPendingBit                  0x0800a373   Thumb Code    30  stm32f4xx_usart.o(.text)
    TIM_DeInit                               0x0800a391   Thumb Code   346  stm32f4xx_tim.o(.text)
    TIM_TimeBaseInit                         0x0800a4eb   Thumb Code   104  stm32f4xx_tim.o(.text)
    TIM_TimeBaseStructInit                   0x0800a553   Thumb Code    18  stm32f4xx_tim.o(.text)
    TIM_PrescalerConfig                      0x0800a565   Thumb Code     6  stm32f4xx_tim.o(.text)
    TIM_CounterModeConfig                    0x0800a56b   Thumb Code    18  stm32f4xx_tim.o(.text)
    TIM_SetCounter                           0x0800a57d   Thumb Code     4  stm32f4xx_tim.o(.text)
    TIM_SetAutoreload                        0x0800a581   Thumb Code     4  stm32f4xx_tim.o(.text)
    TIM_GetCounter                           0x0800a585   Thumb Code     6  stm32f4xx_tim.o(.text)
    TIM_GetPrescaler                         0x0800a58b   Thumb Code     6  stm32f4xx_tim.o(.text)
    TIM_UpdateDisableConfig                  0x0800a591   Thumb Code    24  stm32f4xx_tim.o(.text)
    TIM_UpdateRequestConfig                  0x0800a5a9   Thumb Code    24  stm32f4xx_tim.o(.text)
    TIM_ARRPreloadConfig                     0x0800a5c1   Thumb Code    24  stm32f4xx_tim.o(.text)
    TIM_SelectOnePulseMode                   0x0800a5d9   Thumb Code    18  stm32f4xx_tim.o(.text)
    TIM_SetClockDivision                     0x0800a5eb   Thumb Code    18  stm32f4xx_tim.o(.text)
    TIM_Cmd                                  0x0800a5fd   Thumb Code    24  stm32f4xx_tim.o(.text)
    TIM_OC1Init                              0x0800a615   Thumb Code   114  stm32f4xx_tim.o(.text)
    TIM_OC2Init                              0x0800a687   Thumb Code   154  stm32f4xx_tim.o(.text)
    TIM_OC3Init                              0x0800a721   Thumb Code   204  stm32f4xx_tim.o(.text)
    TIM_OC4Init                              0x0800a7ed   Thumb Code   112  stm32f4xx_tim.o(.text)
    TIM_OCStructInit                         0x0800a85d   Thumb Code    20  stm32f4xx_tim.o(.text)
    TIM_SelectOCxM                           0x0800a871   Thumb Code    86  stm32f4xx_tim.o(.text)
    TIM_SetCompare1                          0x0800a8c7   Thumb Code     4  stm32f4xx_tim.o(.text)
    TIM_SetCompare2                          0x0800a8cb   Thumb Code     4  stm32f4xx_tim.o(.text)
    TIM_SetCompare3                          0x0800a8cf   Thumb Code     4  stm32f4xx_tim.o(.text)
    TIM_SetCompare4                          0x0800a8d3   Thumb Code     4  stm32f4xx_tim.o(.text)
    TIM_ForcedOC1Config                      0x0800a8d7   Thumb Code    18  stm32f4xx_tim.o(.text)
    TIM_ForcedOC2Config                      0x0800a8e9   Thumb Code    26  stm32f4xx_tim.o(.text)
    TIM_ForcedOC3Config                      0x0800a903   Thumb Code    18  stm32f4xx_tim.o(.text)
    TIM_ForcedOC4Config                      0x0800a915   Thumb Code    26  stm32f4xx_tim.o(.text)
    TIM_OC1PreloadConfig                     0x0800a92f   Thumb Code    18  stm32f4xx_tim.o(.text)
    TIM_OC2PreloadConfig                     0x0800a941   Thumb Code    26  stm32f4xx_tim.o(.text)
    TIM_OC3PreloadConfig                     0x0800a95b   Thumb Code    18  stm32f4xx_tim.o(.text)
    TIM_OC4PreloadConfig                     0x0800a96d   Thumb Code    26  stm32f4xx_tim.o(.text)
    TIM_OC1FastConfig                        0x0800a987   Thumb Code    18  stm32f4xx_tim.o(.text)
    TIM_OC2FastConfig                        0x0800a999   Thumb Code    26  stm32f4xx_tim.o(.text)
    TIM_OC3FastConfig                        0x0800a9b3   Thumb Code    18  stm32f4xx_tim.o(.text)
    TIM_OC4FastConfig                        0x0800a9c5   Thumb Code    26  stm32f4xx_tim.o(.text)
    TIM_ClearOC1Ref                          0x0800a9df   Thumb Code    18  stm32f4xx_tim.o(.text)
    TIM_ClearOC2Ref                          0x0800a9f1   Thumb Code    24  stm32f4xx_tim.o(.text)
    TIM_ClearOC3Ref                          0x0800aa09   Thumb Code    18  stm32f4xx_tim.o(.text)
    TIM_ClearOC4Ref                          0x0800aa1b   Thumb Code    24  stm32f4xx_tim.o(.text)
    TIM_OC1PolarityConfig                    0x0800aa33   Thumb Code    18  stm32f4xx_tim.o(.text)
    TIM_OC1NPolarityConfig                   0x0800aa45   Thumb Code    18  stm32f4xx_tim.o(.text)
    TIM_OC2PolarityConfig                    0x0800aa57   Thumb Code    26  stm32f4xx_tim.o(.text)
    TIM_OC2NPolarityConfig                   0x0800aa71   Thumb Code    26  stm32f4xx_tim.o(.text)
    TIM_OC3PolarityConfig                    0x0800aa8b   Thumb Code    26  stm32f4xx_tim.o(.text)
    TIM_OC3NPolarityConfig                   0x0800aaa5   Thumb Code    26  stm32f4xx_tim.o(.text)
    TIM_OC4PolarityConfig                    0x0800aabf   Thumb Code    26  stm32f4xx_tim.o(.text)
    TIM_CCxCmd                               0x0800aad9   Thumb Code    30  stm32f4xx_tim.o(.text)
    TIM_CCxNCmd                              0x0800aaf7   Thumb Code    30  stm32f4xx_tim.o(.text)
    TIM_SetIC4Prescaler                      0x0800ab15   Thumb Code    26  stm32f4xx_tim.o(.text)
    TIM_SetIC3Prescaler                      0x0800ab7f   Thumb Code    18  stm32f4xx_tim.o(.text)
    TIM_SetIC2Prescaler                      0x0800abd9   Thumb Code    26  stm32f4xx_tim.o(.text)
    TIM_SetIC1Prescaler                      0x0800ac4d   Thumb Code    18  stm32f4xx_tim.o(.text)
    TIM_ICInit                               0x0800ac99   Thumb Code   110  stm32f4xx_tim.o(.text)
    TIM_ICStructInit                         0x0800ad07   Thumb Code    18  stm32f4xx_tim.o(.text)
    TIM_PWMIConfig                           0x0800ad19   Thumb Code   124  stm32f4xx_tim.o(.text)
    TIM_GetCapture1                          0x0800ad95   Thumb Code     6  stm32f4xx_tim.o(.text)
    TIM_GetCapture2                          0x0800ad9b   Thumb Code     6  stm32f4xx_tim.o(.text)
    TIM_GetCapture3                          0x0800ada1   Thumb Code     6  stm32f4xx_tim.o(.text)
    TIM_GetCapture4                          0x0800ada7   Thumb Code     6  stm32f4xx_tim.o(.text)
    TIM_BDTRConfig                           0x0800adad   Thumb Code    32  stm32f4xx_tim.o(.text)
    TIM_BDTRStructInit                       0x0800adcd   Thumb Code    18  stm32f4xx_tim.o(.text)
    TIM_CtrlPWMOutputs                       0x0800addf   Thumb Code    30  stm32f4xx_tim.o(.text)
    TIM_SelectCOM                            0x0800adfd   Thumb Code    24  stm32f4xx_tim.o(.text)
    TIM_CCPreloadControl                     0x0800ae15   Thumb Code    24  stm32f4xx_tim.o(.text)
    TIM_ITConfig                             0x0800ae2d   Thumb Code    18  stm32f4xx_tim.o(.text)
    TIM_GenerateEvent                        0x0800ae3f   Thumb Code     4  stm32f4xx_tim.o(.text)
    TIM_GetFlagStatus                        0x0800ae43   Thumb Code    18  stm32f4xx_tim.o(.text)
    TIM_ClearFlag                            0x0800ae55   Thumb Code     6  stm32f4xx_tim.o(.text)
    TIM_GetITStatus                          0x0800ae5b   Thumb Code    34  stm32f4xx_tim.o(.text)
    TIM_ClearITPendingBit                    0x0800ae7d   Thumb Code     6  stm32f4xx_tim.o(.text)
    TIM_DMAConfig                            0x0800ae83   Thumb Code    10  stm32f4xx_tim.o(.text)
    TIM_DMACmd                               0x0800ae8d   Thumb Code    18  stm32f4xx_tim.o(.text)
    TIM_SelectCCDMA                          0x0800ae9f   Thumb Code    24  stm32f4xx_tim.o(.text)
    TIM_InternalClockConfig                  0x0800aeb7   Thumb Code    12  stm32f4xx_tim.o(.text)
    TIM_SelectInputTrigger                   0x0800aec3   Thumb Code    18  stm32f4xx_tim.o(.text)
    TIM_ITRxExternalClockConfig              0x0800aed5   Thumb Code    24  stm32f4xx_tim.o(.text)
    TIM_TIxExternalClockConfig               0x0800aeed   Thumb Code    62  stm32f4xx_tim.o(.text)
    TIM_ETRConfig                            0x0800af2b   Thumb Code    28  stm32f4xx_tim.o(.text)
    TIM_ETRClockMode1Config                  0x0800af47   Thumb Code    54  stm32f4xx_tim.o(.text)
    TIM_ETRClockMode2Config                  0x0800af7d   Thumb Code    32  stm32f4xx_tim.o(.text)
    TIM_SelectOutputTrigger                  0x0800af9d   Thumb Code    18  stm32f4xx_tim.o(.text)
    TIM_SelectSlaveMode                      0x0800afaf   Thumb Code    18  stm32f4xx_tim.o(.text)
    TIM_SelectMasterSlaveMode                0x0800afc1   Thumb Code    18  stm32f4xx_tim.o(.text)
    TIM_EncoderInterfaceConfig               0x0800afd3   Thumb Code    66  stm32f4xx_tim.o(.text)
    TIM_SelectHallSensor                     0x0800b015   Thumb Code    24  stm32f4xx_tim.o(.text)
    TIM_RemapConfig                          0x0800b02d   Thumb Code     6  stm32f4xx_tim.o(.text)
    usmart_sys_cmd_exe                       0x0800b035   Thumb Code  1554  usmart.o(.text)
    usmart_reset_runtime                     0x0800b647   Thumb Code    38  usmart.o(.text)
    usmart_get_runtime                       0x0800b66d   Thumb Code    60  usmart.o(.text)
    TIM4_IRQHandler                          0x0800b6a9   Thumb Code    46  usmart.o(.text)
    Timer4_Init                              0x0800b6d7   Thumb Code    86  usmart.o(.text)
    usmart_init                              0x0800b72d   Thumb Code    36  usmart.o(.text)
    usmart_cmd_rec                           0x0800b751   Thumb Code   170  usmart.o(.text)
    usmart_exe                               0x0800b7fb   Thumb Code   868  usmart.o(.text)
    usmart_scan                              0x0800bb5f   Thumb Code   120  usmart.o(.text)
    read_addr                                0x0800bbd7   Thumb Code     6  usmart.o(.text)
    write_addr                               0x0800bbdd   Thumb Code     4  usmart.o(.text)
    usmart_strcmp                            0x0800bc69   Thumb Code    34  usmart_str.o(.text)
    usmart_strcopy                           0x0800bc8b   Thumb Code    22  usmart_str.o(.text)
    usmart_strlen                            0x0800bca1   Thumb Code    24  usmart_str.o(.text)
    usmart_pow                               0x0800bcb9   Thumb Code    22  usmart_str.o(.text)
    usmart_str2num                           0x0800bccf   Thumb Code   202  usmart_str.o(.text)
    usmart_get_cmdname                       0x0800bd99   Thumb Code    54  usmart_str.o(.text)
    usmart_search_nextc                      0x0800bdcf   Thumb Code    22  usmart_str.o(.text)
    usmart_get_fname                         0x0800bde5   Thumb Code   440  usmart_str.o(.text)
    usmart_get_aparm                         0x0800bf9d   Thumb Code   200  usmart_str.o(.text)
    usmart_get_parmpos                       0x0800c065   Thumb Code    26  usmart_str.o(.text)
    usmart_get_fparam                        0x0800c07f   Thumb Code   262  usmart_str.o(.text)
    __use_no_semihosting                     0x0800c191   Thumb Code     2  use_no_semi_2.o(.text)
    __aeabi_ldivmod                          0x0800c193   Thumb Code     0  llsdiv.o(.text)
    _ll_sdiv                                 0x0800c193   Thumb Code    72  llsdiv.o(.text)
    __2printf                                0x0800c1dd   Thumb Code    20  noretval__2printf.o(.text)
    _printf_pre_padding                      0x0800c1f5   Thumb Code    44  _printf_pad.o(.text)
    _printf_post_padding                     0x0800c221   Thumb Code    34  _printf_pad.o(.text)
    _printf_str                              0x0800c243   Thumb Code    82  _printf_str.o(.text)
    _printf_int_dec                          0x0800c295   Thumb Code   104  _printf_dec.o(.text)
    _printf_int_hex                          0x0800c30d   Thumb Code    84  _printf_hex_int.o(.text)
    _printf_longlong_hex                     0x0800c30d   Thumb Code     0  _printf_hex_int.o(.text)
    __printf                                 0x0800c365   Thumb Code   388  __printf_flags_ss_wp.o(.text)
    memcmp                                   0x0800c4ed   Thumb Code    88  memcmp.o(.text)
    __aeabi_memset                           0x0800c545   Thumb Code    16  aeabi_memset.o(.text)
    __use_two_region_memory                  0x0800c555   Thumb Code     2  heapauxi.o(.text)
    __rt_heap_escrow$2region                 0x0800c557   Thumb Code     2  heapauxi.o(.text)
    __rt_heap_expand$2region                 0x0800c559   Thumb Code     2  heapauxi.o(.text)
    __I$use$semihosting                      0x0800c55b   Thumb Code     0  use_no_semi.o(.text)
    __use_no_semihosting_swi                 0x0800c55b   Thumb Code     2  use_no_semi.o(.text)
    __aeabi_uldivmod                         0x0800c55d   Thumb Code     0  lludivv7m.o(.text)
    _ll_udiv                                 0x0800c55d   Thumb Code   238  lludivv7m.o(.text)
    __read_errno                             0x0800c64b   Thumb Code    10  _rserrno.o(.text)
    __set_errno                              0x0800c655   Thumb Code    12  _rserrno.o(.text)
    _printf_int_common                       0x0800c661   Thumb Code   178  _printf_intcommon.o(.text)
    __lib_sel_fp_printf                      0x0800c713   Thumb Code     2  _printf_fp_dec.o(.text)
    _printf_fp_dec_real                      0x0800c8c1   Thumb Code   620  _printf_fp_dec.o(.text)
    _printf_cs_common                        0x0800cb2d   Thumb Code    20  _printf_char.o(.text)
    _printf_char                             0x0800cb41   Thumb Code    16  _printf_char.o(.text)
    _printf_string                           0x0800cb51   Thumb Code     8  _printf_char.o(.text)
    _printf_char_file                        0x0800cb59   Thumb Code    32  _printf_char_file.o(.text)
    __aeabi_memclr                           0x0800cb7d   Thumb Code     0  rt_memclr.o(.text)
    __rt_memclr                              0x0800cb7d   Thumb Code    68  rt_memclr.o(.text)
    _memset                                  0x0800cb81   Thumb Code     0  rt_memclr.o(.text)
    __rt_locale                              0x0800cbc1   Thumb Code     8  rt_locale_intlibspace.o(.text)
    __aeabi_errno_addr                       0x0800cbc9   Thumb Code     8  rt_errno_addr_intlibspace.o(.text)
    __errno$intlibspace                      0x0800cbc9   Thumb Code     0  rt_errno_addr_intlibspace.o(.text)
    __rt_errno_addr$intlibspace              0x0800cbc9   Thumb Code     0  rt_errno_addr_intlibspace.o(.text)
    _ll_udiv10                               0x0800cbd1   Thumb Code   138  lludiv10.o(.text)
    _printf_char_common                      0x0800cc67   Thumb Code    32  _printf_char_common.o(.text)
    _printf_fp_infnan                        0x0800cc8d   Thumb Code   112  _printf_fp_infnan.o(.text)
    _btod_etento                             0x0800cd0d   Thumb Code   216  bigflt0.o(.text)
    ferror                                   0x0800cde9   Thumb Code     8  ferror.o(.text)
    __aeabi_memclr4                          0x0800cdf1   Thumb Code     0  rt_memclr_w.o(.text)
    __aeabi_memclr8                          0x0800cdf1   Thumb Code     0  rt_memclr_w.o(.text)
    __rt_memclr_w                            0x0800cdf1   Thumb Code    78  rt_memclr_w.o(.text)
    _memset_w                                0x0800cdf5   Thumb Code     0  rt_memclr_w.o(.text)
    __user_libspace                          0x0800ce41   Thumb Code     8  libspace.o(.text)
    __user_perproc_libspace                  0x0800ce41   Thumb Code     0  libspace.o(.text)
    __user_perthread_libspace                0x0800ce41   Thumb Code     0  libspace.o(.text)
    __user_setup_stackheap                   0x0800ce49   Thumb Code    74  sys_stackheap_outer.o(.text)
    exit                                     0x0800ce93   Thumb Code    18  exit.o(.text)
    strcmp                                   0x0800cea5   Thumb Code   128  strcmpv7m.o(.text)
    _btod_d2e                                0x0800cf25   Thumb Code    62  btod.o(CL$$btod_d2e)
    _d2e_denorm_low                          0x0800cf63   Thumb Code    70  btod.o(CL$$btod_d2e_denorm_low)
    _d2e_norm_op1                            0x0800cfa9   Thumb Code    96  btod.o(CL$$btod_d2e_norm_op1)
    __btod_div_common                        0x0800d009   Thumb Code   696  btod.o(CL$$btod_div_common)
    _e2e                                     0x0800d341   Thumb Code   198  btod.o(CL$$btod_e2e)
    _btod_ediv                               0x0800d407   Thumb Code    40  btod.o(CL$$btod_ediv)
    _btod_emul                               0x0800d42f   Thumb Code    40  btod.o(CL$$btod_emul)
    __btod_mult_common                       0x0800d457   Thumb Code   580  btod.o(CL$$btod_mult_common)
    __ARM_fpclassify                         0x0800d69b   Thumb Code    48  fpclassify.o(i.__ARM_fpclassify)
    __hardfp_asin                            0x0800d6d1   Thumb Code   770  asin.o(i.__hardfp_asin)
    __hardfp_atan                            0x0800da31   Thumb Code   622  atan.o(i.__hardfp_atan)
    __hardfp_atan2                           0x0800dd09   Thumb Code   432  atan2.o(i.__hardfp_atan2)
    __kernel_poly                            0x0800def9   Thumb Code   248  poly.o(i.__kernel_poly)
    __mathlib_dbl_infnan                     0x0800dff1   Thumb Code    20  dunder.o(i.__mathlib_dbl_infnan)
    __mathlib_dbl_infnan2                    0x0800e005   Thumb Code    20  dunder.o(i.__mathlib_dbl_infnan2)
    __mathlib_dbl_invalid                    0x0800e019   Thumb Code    24  dunder.o(i.__mathlib_dbl_invalid)
    __mathlib_dbl_underflow                  0x0800e039   Thumb Code    24  dunder.o(i.__mathlib_dbl_underflow)
    _is_digit                                0x0800e059   Thumb Code    14  __printf_wp.o(i._is_digit)
    atan                                     0x0800e067   Thumb Code    16  atan.o(i.atan)
    fabs                                     0x0800e077   Thumb Code    24  fabs.o(i.fabs)
    sqrt                                     0x0800e08f   Thumb Code   110  sqrt.o(i.sqrt)
    _get_lc_numeric                          0x0800e0fd   Thumb Code    44  lc_numeric_c.o(locale$$code)
    __aeabi_dneg                             0x0800e129   Thumb Code     0  basic.o(x$fpl$basic)
    _dneg                                    0x0800e129   Thumb Code     6  basic.o(x$fpl$basic)
    __aeabi_fneg                             0x0800e12f   Thumb Code     0  basic.o(x$fpl$basic)
    _fneg                                    0x0800e12f   Thumb Code     6  basic.o(x$fpl$basic)
    _dabs                                    0x0800e135   Thumb Code     6  basic.o(x$fpl$basic)
    _fabs                                    0x0800e13b   Thumb Code     6  basic.o(x$fpl$basic)
    __aeabi_d2f                              0x0800e141   Thumb Code     0  d2f.o(x$fpl$d2f)
    _d2f                                     0x0800e141   Thumb Code    98  d2f.o(x$fpl$d2f)
    __aeabi_dadd                             0x0800e1a5   Thumb Code     0  daddsub_clz.o(x$fpl$dadd)
    _dadd                                    0x0800e1a5   Thumb Code   332  daddsub_clz.o(x$fpl$dadd)
    __aeabi_ddiv                             0x0800e2f5   Thumb Code     0  ddiv.o(x$fpl$ddiv)
    _ddiv                                    0x0800e2f5   Thumb Code   552  ddiv.o(x$fpl$ddiv)
    __aeabi_d2uiz                            0x0800e5a5   Thumb Code     0  dfixu.o(x$fpl$dfixu)
    _dfixu                                   0x0800e5a5   Thumb Code    90  dfixu.o(x$fpl$dfixu)
    __aeabi_i2d                              0x0800e5ff   Thumb Code     0  dflt_clz.o(x$fpl$dflt)
    _dflt                                    0x0800e5ff   Thumb Code    46  dflt_clz.o(x$fpl$dflt)
    __aeabi_ui2d                             0x0800e62d   Thumb Code     0  dflt_clz.o(x$fpl$dfltu)
    _dfltu                                   0x0800e62d   Thumb Code    38  dflt_clz.o(x$fpl$dfltu)
    __aeabi_dmul                             0x0800e655   Thumb Code     0  dmul.o(x$fpl$dmul)
    _dmul                                    0x0800e655   Thumb Code   332  dmul.o(x$fpl$dmul)
    __fpl_dnaninf                            0x0800e7a9   Thumb Code   156  dnaninf.o(x$fpl$dnaninf)
    __fpl_dretinf                            0x0800e845   Thumb Code    12  dretinf.o(x$fpl$dretinf)
    __aeabi_drsub                            0x0800e851   Thumb Code     0  daddsub_clz.o(x$fpl$drsb)
    _drsb                                    0x0800e851   Thumb Code    22  daddsub_clz.o(x$fpl$drsb)
    _dsqrt                                   0x0800e869   Thumb Code   404  dsqrt_umaal.o(x$fpl$dsqrt)
    __aeabi_dsub                             0x0800ea01   Thumb Code     0  daddsub_clz.o(x$fpl$dsub)
    _dsub                                    0x0800ea01   Thumb Code   464  daddsub_clz.o(x$fpl$dsub)
    __aeabi_f2d                              0x0800ebd5   Thumb Code     0  f2d.o(x$fpl$f2d)
    _f2d                                     0x0800ebd5   Thumb Code    86  f2d.o(x$fpl$f2d)
    __fpl_fnaninf                            0x0800ec2b   Thumb Code   140  fnaninf.o(x$fpl$fnaninf)
    _fp_init                                 0x0800ecb7   Thumb Code    10  fpinit.o(x$fpl$fpinit)
    __fplib_config_fpu_vfp                   0x0800ecbf   Thumb Code     0  fpinit.o(x$fpl$fpinit)
    __fplib_config_pureend_doubles           0x0800ecbf   Thumb Code     0  fpinit.o(x$fpl$fpinit)
    __fpl_fretinf                            0x0800ecc1   Thumb Code    10  fretinf.o(x$fpl$fretinf)
    _printf_fp_dec                           0x0800eccb   Thumb Code     4  printf1.o(x$fpl$printf1)
    __I$use$fp                               0x0800ecce   Number         0  usenofp.o(x$fpl$usenofp)
    asc2_1206                                0x0800ecce   Data        1140  lcd.o(.constdata)
    asc2_1608                                0x0800f142   Data        1520  lcd.o(.constdata)
    asc2_2412                                0x0800f732   Data        3420  lcd.o(.constdata)
    reg                                      0x08010490   Data          27  inv_mpu.o(.constdata)
    hw                                       0x080104ac   Data          12  inv_mpu.o(.constdata)
    test                                     0x080104b8   Data          40  inv_mpu.o(.constdata)
    FSMC_DefaultTimingStruct                 0x080110d8   Data          28  stm32f4xx_fsmc.o(.constdata)
    __mathlib_zero                           0x08011218   Data           8  qnan.o(.constdata)
    Region$$Table$$Base                      0x080113f8   Number         0  anon$$obj.o(Region$$Table)
    Region$$Table$$Limit                     0x08011418   Number         0  anon$$obj.o(Region$$Table)
    SystemCoreClock                          0x20000000   Data           4  system_stm32f4xx.o(.data)
    AHBPrescTable                            0x20000004   Data          16  system_stm32f4xx.o(.data)
    POINT_COLOR                              0x20000016   Data           2  lcd.o(.data)
    BACK_COLOR                               0x20000018   Data           2  lcd.o(.data)
    __stdout                                 0x20000058   Data           4  usart.o(.data)
    USART_RX_STA                             0x2000005c   Data           2  usart.o(.data)
    sys_cmd_tab                              0x20000070   Data          28  usmart.o(.data)
    usmart_nametab                           0x2000008c   Data          56  usmart_config.o(.data)
    usmart_dev                               0x200000c4   Data         244  usmart_config.o(.data)
    lcddev                                   0x200001b8   Data          14  lcd.o(.bss)
    USART_RX_BUF                             0x200001d8   Data         200  usart.o(.bss)
    __libspace_start                         0x200002a0   Data          96  libspace.o(.bss)
    __temporary_stack_top$libspace           0x20000300   Data           0  libspace.o(.bss)



==============================================================================

Memory Map of the image

  Image Entry point : 0x08000189

  Load Region LR_IROM1 (Base: 0x08000000, Size: 0x000115ec, Max: 0x00100000, ABSOLUTE, COMPRESSED[0x000114b8])

    Execution Region ER_IROM1 (Exec base: 0x08000000, Load base: 0x08000000, Size: 0x00011434, Max: 0x00100000, ABSOLUTE)

    Exec Addr    Load Addr    Size         Type   Attr      Idx    E Section Name        Object

    0x08000000   0x08000000   0x00000188   Data   RO          631    RESET               startup_stm32f40_41xxx.o
    0x08000188   0x08000188   0x00000008   Code   RO          925  * !!!main             c_w.l(__main.o)
    0x08000190   0x08000190   0x00000034   Code   RO         1285    !!!scatter          c_w.l(__scatter.o)
    0x080001c4   0x080001c4   0x0000005a   Code   RO         1283    !!dczerorl2         c_w.l(__dczerorl2.o)
    0x0800021e   0x0800021e   0x00000002   PAD
    0x08000220   0x08000220   0x0000001c   Code   RO         1287    !!handler_zi        c_w.l(__scatter_zi.o)
    0x0800023c   0x0800023c   0x00000000   Code   RO          918    .ARM.Collect$$_printf_percent$$00000000  c_w.l(_printf_percent.o)
    0x0800023c   0x0800023c   0x00000006   Code   RO          917    .ARM.Collect$$_printf_percent$$00000003  c_w.l(_printf_f.o)
    0x08000242   0x08000242   0x00000006   Code   RO          915    .ARM.Collect$$_printf_percent$$00000009  c_w.l(_printf_d.o)
    0x08000248   0x08000248   0x00000006   Code   RO          916    .ARM.Collect$$_printf_percent$$0000000A  c_w.l(_printf_u.o)
    0x0800024e   0x0800024e   0x00000006   Code   RO          914    .ARM.Collect$$_printf_percent$$0000000C  c_w.l(_printf_x.o)
    0x08000254   0x08000254   0x00000006   Code   RO          912    .ARM.Collect$$_printf_percent$$00000013  c_w.l(_printf_c.o)
    0x0800025a   0x0800025a   0x00000006   Code   RO          913    .ARM.Collect$$_printf_percent$$00000014  c_w.l(_printf_s.o)
    0x08000260   0x08000260   0x00000004   Code   RO          996    .ARM.Collect$$_printf_percent$$00000017  c_w.l(_printf_percent_end.o)
    0x08000264   0x08000264   0x00000002   Code   RO         1154    .ARM.Collect$$libinit$$00000000  c_w.l(libinit.o)
    0x08000266   0x08000266   0x00000004   Code   RO         1155    .ARM.Collect$$libinit$$00000001  c_w.l(libinit2.o)
    0x0800026a   0x0800026a   0x00000000   Code   RO         1158    .ARM.Collect$$libinit$$00000004  c_w.l(libinit2.o)
    0x0800026a   0x0800026a   0x00000000   Code   RO         1161    .ARM.Collect$$libinit$$0000000A  c_w.l(libinit2.o)
    0x0800026a   0x0800026a   0x00000000   Code   RO         1163    .ARM.Collect$$libinit$$0000000C  c_w.l(libinit2.o)
    0x0800026a   0x0800026a   0x00000000   Code   RO         1165    .ARM.Collect$$libinit$$0000000E  c_w.l(libinit2.o)
    0x0800026a   0x0800026a   0x00000006   Code   RO         1166    .ARM.Collect$$libinit$$0000000F  c_w.l(libinit2.o)
    0x08000270   0x08000270   0x00000000   Code   RO         1168    .ARM.Collect$$libinit$$00000011  c_w.l(libinit2.o)
    0x08000270   0x08000270   0x00000000   Code   RO         1170    .ARM.Collect$$libinit$$00000013  c_w.l(libinit2.o)
    0x08000270   0x08000270   0x00000000   Code   RO         1172    .ARM.Collect$$libinit$$00000015  c_w.l(libinit2.o)
    0x08000270   0x08000270   0x0000000a   Code   RO         1173    .ARM.Collect$$libinit$$00000016  c_w.l(libinit2.o)
    0x0800027a   0x0800027a   0x00000000   Code   RO         1174    .ARM.Collect$$libinit$$00000017  c_w.l(libinit2.o)
    0x0800027a   0x0800027a   0x00000000   Code   RO         1176    .ARM.Collect$$libinit$$00000019  c_w.l(libinit2.o)
    0x0800027a   0x0800027a   0x00000000   Code   RO         1178    .ARM.Collect$$libinit$$0000001B  c_w.l(libinit2.o)
    0x0800027a   0x0800027a   0x00000000   Code   RO         1180    .ARM.Collect$$libinit$$0000001D  c_w.l(libinit2.o)
    0x0800027a   0x0800027a   0x00000000   Code   RO         1182    .ARM.Collect$$libinit$$0000001F  c_w.l(libinit2.o)
    0x0800027a   0x0800027a   0x00000000   Code   RO         1184    .ARM.Collect$$libinit$$00000021  c_w.l(libinit2.o)
    0x0800027a   0x0800027a   0x00000000   Code   RO         1186    .ARM.Collect$$libinit$$00000023  c_w.l(libinit2.o)
    0x0800027a   0x0800027a   0x00000000   Code   RO         1188    .ARM.Collect$$libinit$$00000025  c_w.l(libinit2.o)
    0x0800027a   0x0800027a   0x00000000   Code   RO         1192    .ARM.Collect$$libinit$$0000002C  c_w.l(libinit2.o)
    0x0800027a   0x0800027a   0x00000000   Code   RO         1194    .ARM.Collect$$libinit$$0000002E  c_w.l(libinit2.o)
    0x0800027a   0x0800027a   0x00000000   Code   RO         1196    .ARM.Collect$$libinit$$00000030  c_w.l(libinit2.o)
    0x0800027a   0x0800027a   0x00000000   Code   RO         1198    .ARM.Collect$$libinit$$00000032  c_w.l(libinit2.o)
    0x0800027a   0x0800027a   0x00000002   Code   RO         1199    .ARM.Collect$$libinit$$00000033  c_w.l(libinit2.o)
    0x0800027c   0x0800027c   0x00000002   Code   RO         1243    .ARM.Collect$$libshutdown$$00000000  c_w.l(libshutdown.o)
    0x0800027e   0x0800027e   0x00000000   Code   RO         1252    .ARM.Collect$$libshutdown$$00000002  c_w.l(libshutdown2.o)
    0x0800027e   0x0800027e   0x00000000   Code   RO         1254    .ARM.Collect$$libshutdown$$00000004  c_w.l(libshutdown2.o)
    0x0800027e   0x0800027e   0x00000000   Code   RO         1257    .ARM.Collect$$libshutdown$$00000007  c_w.l(libshutdown2.o)
    0x0800027e   0x0800027e   0x00000000   Code   RO         1260    .ARM.Collect$$libshutdown$$0000000A  c_w.l(libshutdown2.o)
    0x0800027e   0x0800027e   0x00000000   Code   RO         1262    .ARM.Collect$$libshutdown$$0000000C  c_w.l(libshutdown2.o)
    0x0800027e   0x0800027e   0x00000000   Code   RO         1265    .ARM.Collect$$libshutdown$$0000000F  c_w.l(libshutdown2.o)
    0x0800027e   0x0800027e   0x00000002   Code   RO         1266    .ARM.Collect$$libshutdown$$00000010  c_w.l(libshutdown2.o)
    0x08000280   0x08000280   0x00000000   Code   RO          983    .ARM.Collect$$rtentry$$00000000  c_w.l(__rtentry.o)
    0x08000280   0x08000280   0x00000000   Code   RO         1062    .ARM.Collect$$rtentry$$00000002  c_w.l(__rtentry2.o)
    0x08000280   0x08000280   0x00000006   Code   RO         1074    .ARM.Collect$$rtentry$$00000004  c_w.l(__rtentry4.o)
    0x08000286   0x08000286   0x00000000   Code   RO         1064    .ARM.Collect$$rtentry$$00000009  c_w.l(__rtentry2.o)
    0x08000286   0x08000286   0x00000004   Code   RO         1065    .ARM.Collect$$rtentry$$0000000A  c_w.l(__rtentry2.o)
    0x0800028a   0x0800028a   0x00000000   Code   RO         1067    .ARM.Collect$$rtentry$$0000000C  c_w.l(__rtentry2.o)
    0x0800028a   0x0800028a   0x00000008   Code   RO         1068    .ARM.Collect$$rtentry$$0000000D  c_w.l(__rtentry2.o)
    0x08000292   0x08000292   0x00000002   Code   RO         1202    .ARM.Collect$$rtexit$$00000000  c_w.l(rtexit.o)
    0x08000294   0x08000294   0x00000000   Code   RO         1213    .ARM.Collect$$rtexit$$00000002  c_w.l(rtexit2.o)
    0x08000294   0x08000294   0x00000004   Code   RO         1214    .ARM.Collect$$rtexit$$00000003  c_w.l(rtexit2.o)
    0x08000298   0x08000298   0x00000006   Code   RO         1215    .ARM.Collect$$rtexit$$00000004  c_w.l(rtexit2.o)
    0x0800029e   0x0800029e   0x00000002   PAD
    0x080002a0   0x080002a0   0x00000458   Code   RO            3    .text               main.o
    0x080006f8   0x080006f8   0x0000001a   Code   RO          169    .text               stm32f4xx_it.o
    0x08000712   0x08000712   0x00000002   PAD
    0x08000714   0x08000714   0x00000210   Code   RO          293    .text               system_stm32f4xx.o
    0x08000924   0x08000924   0x00000040   Code   RO          319    .text               led.o
    0x08000964   0x08000964   0x00000104   Code   RO          371    .text               key.o
    0x08000a68   0x08000a68   0x00004c80   Code   RO          398    .text               lcd.o
    0x080056e8   0x080056e8   0x0000025c   Code   RO          440    .text               myiic.o
    0x08005944   0x08005944   0x00000384   Code   RO          463    .text               mpu6050.o
    0x08005cc8   0x08005cc8   0x000022c0   Code   RO          486    .text               inv_mpu.o
    0x08007f88   0x08007f88   0x00000d90   Code   RO          527    .text               inv_mpu_dmp_motion_driver.o
    0x08008d18   0x08008d18   0x00000104   Code   RO          560    .text               delay.o
    0x08008e1c   0x08008e1c   0x00000148   Code   RO          600    .text               usart.o
    0x08008f64   0x08008f64   0x00000040   Code   RO          632    .text               startup_stm32f40_41xxx.o
    0x08008fa4   0x08008fa4   0x000000e0   Code   RO          638    .text               misc.o
    0x08009084   0x08009084   0x000005c8   Code   RO          658    .text               stm32f4xx_fsmc.o
    0x0800964c   0x0800964c   0x00000294   Code   RO          681    .text               stm32f4xx_gpio.o
    0x080098e0   0x080098e0   0x0000065c   Code   RO          701    .text               stm32f4xx_rcc.o
    0x08009f3c   0x08009f3c   0x00000454   Code   RO          743    .text               stm32f4xx_usart.o
    0x0800a390   0x0800a390   0x00000ca2   Code   RO          763    .text               stm32f4xx_tim.o
    0x0800b032   0x0800b032   0x00000002   PAD
    0x0800b034   0x0800b034   0x00000c34   Code   RO          783    .text               usmart.o
    0x0800bc68   0x0800bc68   0x00000528   Code   RO          835    .text               usmart_str.o
    0x0800c190   0x0800c190   0x00000002   Code   RO          855    .text               c_w.l(use_no_semi_2.o)
    0x0800c192   0x0800c192   0x00000048   Code   RO          857    .text               c_w.l(llsdiv.o)
    0x0800c1da   0x0800c1da   0x00000002   PAD
    0x0800c1dc   0x0800c1dc   0x00000018   Code   RO          861    .text               c_w.l(noretval__2printf.o)
    0x0800c1f4   0x0800c1f4   0x0000004e   Code   RO          865    .text               c_w.l(_printf_pad.o)
    0x0800c242   0x0800c242   0x00000052   Code   RO          867    .text               c_w.l(_printf_str.o)
    0x0800c294   0x0800c294   0x00000078   Code   RO          869    .text               c_w.l(_printf_dec.o)
    0x0800c30c   0x0800c30c   0x00000058   Code   RO          874    .text               c_w.l(_printf_hex_int.o)
    0x0800c364   0x0800c364   0x00000188   Code   RO          909    .text               c_w.l(__printf_flags_ss_wp.o)
    0x0800c4ec   0x0800c4ec   0x00000058   Code   RO          919    .text               c_w.l(memcmp.o)
    0x0800c544   0x0800c544   0x00000010   Code   RO          921    .text               c_w.l(aeabi_memset.o)
    0x0800c554   0x0800c554   0x00000006   Code   RO          923    .text               c_w.l(heapauxi.o)
    0x0800c55a   0x0800c55a   0x00000002   Code   RO          981    .text               c_w.l(use_no_semi.o)
    0x0800c55c   0x0800c55c   0x000000ee   Code   RO          984    .text               c_w.l(lludivv7m.o)
    0x0800c64a   0x0800c64a   0x00000016   Code   RO          986    .text               c_w.l(_rserrno.o)
    0x0800c660   0x0800c660   0x000000b2   Code   RO          988    .text               c_w.l(_printf_intcommon.o)
    0x0800c712   0x0800c712   0x0000041a   Code   RO          990    .text               c_w.l(_printf_fp_dec.o)
    0x0800cb2c   0x0800cb2c   0x0000002c   Code   RO          992    .text               c_w.l(_printf_char.o)
    0x0800cb58   0x0800cb58   0x00000024   Code   RO          994    .text               c_w.l(_printf_char_file.o)
    0x0800cb7c   0x0800cb7c   0x00000044   Code   RO          997    .text               c_w.l(rt_memclr.o)
    0x0800cbc0   0x0800cbc0   0x00000008   Code   RO         1083    .text               c_w.l(rt_locale_intlibspace.o)
    0x0800cbc8   0x0800cbc8   0x00000008   Code   RO         1088    .text               c_w.l(rt_errno_addr_intlibspace.o)
    0x0800cbd0   0x0800cbd0   0x0000008a   Code   RO         1090    .text               c_w.l(lludiv10.o)
    0x0800cc5a   0x0800cc5a   0x00000002   PAD
    0x0800cc5c   0x0800cc5c   0x00000030   Code   RO         1092    .text               c_w.l(_printf_char_common.o)
    0x0800cc8c   0x0800cc8c   0x00000080   Code   RO         1094    .text               c_w.l(_printf_fp_infnan.o)
    0x0800cd0c   0x0800cd0c   0x000000dc   Code   RO         1096    .text               c_w.l(bigflt0.o)
    0x0800cde8   0x0800cde8   0x00000008   Code   RO         1121    .text               c_w.l(ferror.o)
    0x0800cdf0   0x0800cdf0   0x0000004e   Code   RO         1128    .text               c_w.l(rt_memclr_w.o)
    0x0800ce3e   0x0800ce3e   0x00000002   PAD
    0x0800ce40   0x0800ce40   0x00000008   Code   RO         1136    .text               c_w.l(libspace.o)
    0x0800ce48   0x0800ce48   0x0000004a   Code   RO         1139    .text               c_w.l(sys_stackheap_outer.o)
    0x0800ce92   0x0800ce92   0x00000012   Code   RO         1145    .text               c_w.l(exit.o)
    0x0800cea4   0x0800cea4   0x00000080   Code   RO         1147    .text               c_w.l(strcmpv7m.o)
    0x0800cf24   0x0800cf24   0x0000003e   Code   RO         1099    CL$$btod_d2e        c_w.l(btod.o)
    0x0800cf62   0x0800cf62   0x00000046   Code   RO         1101    CL$$btod_d2e_denorm_low  c_w.l(btod.o)
    0x0800cfa8   0x0800cfa8   0x00000060   Code   RO         1100    CL$$btod_d2e_norm_op1  c_w.l(btod.o)
    0x0800d008   0x0800d008   0x00000338   Code   RO         1109    CL$$btod_div_common  c_w.l(btod.o)
    0x0800d340   0x0800d340   0x000000c6   Code   RO         1106    CL$$btod_e2e        c_w.l(btod.o)
    0x0800d406   0x0800d406   0x00000028   Code   RO         1103    CL$$btod_ediv       c_w.l(btod.o)
    0x0800d42e   0x0800d42e   0x00000028   Code   RO         1102    CL$$btod_emul       c_w.l(btod.o)
    0x0800d456   0x0800d456   0x00000244   Code   RO         1108    CL$$btod_mult_common  c_w.l(btod.o)
    0x0800d69a   0x0800d69a   0x00000030   Code   RO         1044    i.__ARM_fpclassify  m_wm.l(fpclassify.o)
    0x0800d6ca   0x0800d6ca   0x00000006   PAD
    0x0800d6d0   0x0800d6d0   0x00000360   Code   RO          955    i.__hardfp_asin     m_wm.l(asin.o)
    0x0800da30   0x0800da30   0x000002d8   Code   RO         1010    i.__hardfp_atan     m_wm.l(atan.o)
    0x0800dd08   0x0800dd08   0x000001f0   Code   RO          969    i.__hardfp_atan2    m_wm.l(atan2.o)
    0x0800def8   0x0800def8   0x000000f8   Code   RO         1046    i.__kernel_poly     m_wm.l(poly.o)
    0x0800dff0   0x0800dff0   0x00000014   Code   RO         1025    i.__mathlib_dbl_infnan  m_wm.l(dunder.o)
    0x0800e004   0x0800e004   0x00000014   Code   RO         1026    i.__mathlib_dbl_infnan2  m_wm.l(dunder.o)
    0x0800e018   0x0800e018   0x00000020   Code   RO         1027    i.__mathlib_dbl_invalid  m_wm.l(dunder.o)
    0x0800e038   0x0800e038   0x00000020   Code   RO         1030    i.__mathlib_dbl_underflow  m_wm.l(dunder.o)
    0x0800e058   0x0800e058   0x0000000e   Code   RO          902    i._is_digit         c_w.l(__printf_wp.o)
    0x0800e066   0x0800e066   0x00000010   Code   RO         1012    i.atan              m_wm.l(atan.o)
    0x0800e076   0x0800e076   0x00000018   Code   RO         1040    i.fabs              m_wm.l(fabs.o)
    0x0800e08e   0x0800e08e   0x0000006e   Code   RO         1051    i.sqrt              m_wm.l(sqrt.o)
    0x0800e0fc   0x0800e0fc   0x0000002c   Code   RO         1126    locale$$code        c_w.l(lc_numeric_c.o)
    0x0800e128   0x0800e128   0x00000018   Code   RO          999    x$fpl$basic         fz_wm.l(basic.o)
    0x0800e140   0x0800e140   0x00000062   Code   RO          927    x$fpl$d2f           fz_wm.l(d2f.o)
    0x0800e1a2   0x0800e1a2   0x00000002   PAD
    0x0800e1a4   0x0800e1a4   0x00000150   Code   RO          929    x$fpl$dadd          fz_wm.l(daddsub_clz.o)
    0x0800e2f4   0x0800e2f4   0x000002b0   Code   RO          936    x$fpl$ddiv          fz_wm.l(ddiv.o)
    0x0800e5a4   0x0800e5a4   0x0000005a   Code   RO          939    x$fpl$dfixu         fz_wm.l(dfixu.o)
    0x0800e5fe   0x0800e5fe   0x0000002e   Code   RO          944    x$fpl$dflt          fz_wm.l(dflt_clz.o)
    0x0800e62c   0x0800e62c   0x00000026   Code   RO          943    x$fpl$dfltu         fz_wm.l(dflt_clz.o)
    0x0800e652   0x0800e652   0x00000002   PAD
    0x0800e654   0x0800e654   0x00000154   Code   RO          949    x$fpl$dmul          fz_wm.l(dmul.o)
    0x0800e7a8   0x0800e7a8   0x0000009c   Code   RO         1001    x$fpl$dnaninf       fz_wm.l(dnaninf.o)
    0x0800e844   0x0800e844   0x0000000c   Code   RO         1003    x$fpl$dretinf       fz_wm.l(dretinf.o)
    0x0800e850   0x0800e850   0x00000016   Code   RO          930    x$fpl$drsb          fz_wm.l(daddsub_clz.o)
    0x0800e866   0x0800e866   0x00000002   PAD
    0x0800e868   0x0800e868   0x00000198   Code   RO         1132    x$fpl$dsqrt         fz_wm.l(dsqrt_umaal.o)
    0x0800ea00   0x0800ea00   0x000001d4   Code   RO          931    x$fpl$dsub          fz_wm.l(daddsub_clz.o)
    0x0800ebd4   0x0800ebd4   0x00000056   Code   RO          951    x$fpl$f2d           fz_wm.l(f2d.o)
    0x0800ec2a   0x0800ec2a   0x0000008c   Code   RO         1005    x$fpl$fnaninf       fz_wm.l(fnaninf.o)
    0x0800ecb6   0x0800ecb6   0x0000000a   Code   RO         1210    x$fpl$fpinit        fz_wm.l(fpinit.o)
    0x0800ecc0   0x0800ecc0   0x0000000a   Code   RO         1007    x$fpl$fretinf       fz_wm.l(fretinf.o)
    0x0800ecca   0x0800ecca   0x00000004   Code   RO          953    x$fpl$printf1       fz_wm.l(printf1.o)
    0x0800ecce   0x0800ecce   0x00000000   Code   RO         1009    x$fpl$usenofp       fz_wm.l(usenofp.o)
    0x0800ecce   0x0800ecce   0x000017c0   Data   RO          400    .constdata          lcd.o
    0x0801048e   0x0801048e   0x00000002   PAD
    0x08010490   0x08010490   0x00000050   Data   RO          487    .constdata          inv_mpu.o
    0x080104e0   0x080104e0   0x00000bf6   Data   RO          529    .constdata          inv_mpu_dmp_motion_driver.o
    0x080110d6   0x080110d6   0x00000002   PAD
    0x080110d8   0x080110d8   0x0000001c   Data   RO          659    .constdata          stm32f4xx_fsmc.o
    0x080110f4   0x080110f4   0x00000028   Data   RO          875    .constdata          c_w.l(_printf_hex_int.o)
    0x0801111c   0x0801111c   0x00000011   Data   RO          910    .constdata          c_w.l(__printf_flags_ss_wp.o)
    0x0801112d   0x0801112d   0x00000003   PAD
    0x08011130   0x08011130   0x00000050   Data   RO          958    .constdata          m_wm.l(asin.o)
    0x08011180   0x08011180   0x00000098   Data   RO         1013    .constdata          m_wm.l(atan.o)
    0x08011218   0x08011218   0x00000008   Data   RO         1048    .constdata          m_wm.l(qnan.o)
    0x08011220   0x08011220   0x00000094   Data   RO         1097    .constdata          c_w.l(bigflt0.o)
    0x080112b4   0x080112b4   0x0000004d   Data   RO          488    .conststring        inv_mpu.o
    0x08011301   0x08011301   0x00000003   PAD
    0x08011304   0x08011304   0x00000028   Data   RO          784    .conststring        usmart.o
    0x0801132c   0x0801132c   0x000000cb   Data   RO          814    .conststring        usmart_config.o
    0x080113f7   0x080113f7   0x00000001   PAD
    0x080113f8   0x080113f8   0x00000020   Data   RO         1281    Region$$Table       anon$$obj.o
    0x08011418   0x08011418   0x0000001c   Data   RO         1125    locale$$data        c_w.l(lc_numeric_c.o)


    Execution Region RW_IRAM1 (Exec base: 0x20000000, Load base: 0x08011434, Size: 0x00000900, Max: 0x00020000, ABSOLUTE, COMPRESSED[0x00000084])

    Exec Addr    Load Addr    Size         Type   Attr      Idx    E Section Name        Object

    0x20000000   COMPRESSED   0x00000014   Data   RW          294    .data               system_stm32f4xx.o
    0x20000014   COMPRESSED   0x00000001   Data   RW          372    .data               key.o
    0x20000015   COMPRESSED   0x00000001   PAD
    0x20000016   COMPRESSED   0x00000004   Data   RW          401    .data               lcd.o
    0x2000001a   COMPRESSED   0x00000002   PAD
    0x2000001c   COMPRESSED   0x00000035   Data   RW          489    .data               inv_mpu.o
    0x20000051   COMPRESSED   0x00000001   PAD
    0x20000052   COMPRESSED   0x00000004   Data   RW          561    .data               delay.o
    0x20000056   COMPRESSED   0x00000002   PAD
    0x20000058   COMPRESSED   0x00000006   Data   RW          602    .data               usart.o
    0x2000005e   COMPRESSED   0x00000010   Data   RW          702    .data               stm32f4xx_rcc.o
    0x2000006e   COMPRESSED   0x00000002   PAD
    0x20000070   COMPRESSED   0x0000001c   Data   RW          785    .data               usmart.o
    0x2000008c   COMPRESSED   0x0000012c   Data   RW          815    .data               usmart_config.o
    0x200001b8        -       0x0000000e   Zero   RW          399    .bss                lcd.o
    0x200001c6   COMPRESSED   0x00000002   PAD
    0x200001c8        -       0x00000010   Zero   RW          528    .bss                inv_mpu_dmp_motion_driver.o
    0x200001d8        -       0x000000c8   Zero   RW          601    .bss                usart.o
    0x200002a0        -       0x00000060   Zero   RW         1137    .bss                c_w.l(libspace.o)
    0x20000300        -       0x00000200   Zero   RW          630    HEAP                startup_stm32f40_41xxx.o
    0x20000500        -       0x00000400   Zero   RW          629    STACK               startup_stm32f40_41xxx.o


==============================================================================

Image component sizes


      Code (inc. data)   RO Data    RW Data    ZI Data      Debug   Object Name

       260          8          0          4          0       1677   delay.o
      8896        222        157         53          0      24897   inv_mpu.o
      3472        142       3062          0         16      15851   inv_mpu_dmp_motion_driver.o
       260         12          0          1          0        976   key.o
     19584        174       6080          4         14      23362   lcd.o
        64          4          0          0          0     229959   led.o
      1112        148          0          0          0     235369   main.o
       224         20          0          0          0       2013   misc.o
       900         22          0          0          0       4675   mpu6050.o
       604         14          0          0          0       2020   myiic.o
        64         26        392          0       1536        900   startup_stm32f40_41xxx.o
      1480         18         28          0          0       5942   stm32f4xx_fsmc.o
       660         44          0          0          0       4353   stm32f4xx_gpio.o
        26          0          0          0          0      57570   stm32f4xx_it.o
      1628         52          0         16          0      13328   stm32f4xx_rcc.o
      3234         60          0          0          0      23212   stm32f4xx_tim.o
      1108         34          0          0          0       8080   stm32f4xx_usart.o
       528         46          0         20          0       2071   system_stm32f4xx.o
       328         16          0          6        200       3594   usart.o
      3124       1286         40         28          0       4714   usmart.o
         0          0        203        300          0       1800   usmart_config.o
      1320         12          0          0          0       5537   usmart_str.o

    ----------------------------------------------------------------------
     48880       2360      10002        440       1768     671900   Object Totals
         0          0         32          0          0          0   (incl. Generated)
         4          0          8          8          2          0   (incl. Padding)

    ----------------------------------------------------------------------

      Code (inc. data)   RO Data    RW Data    ZI Data      Debug   Library Member Name

        90          0          0          0          0          0   __dczerorl2.o
         8          0          0          0          0         68   __main.o
       392          4         17          0          0         92   __printf_flags_ss_wp.o
        14          0          0          0          0         68   __printf_wp.o
         0          0          0          0          0          0   __rtentry.o
        12          0          0          0          0          0   __rtentry2.o
         6          0          0          0          0          0   __rtentry4.o
        52          8          0          0          0          0   __scatter.o
        28          0          0          0          0          0   __scatter_zi.o
         6          0          0          0          0          0   _printf_c.o
        44          0          0          0          0        108   _printf_char.o
        48          6          0          0          0         96   _printf_char_common.o
        36          4          0          0          0         80   _printf_char_file.o
         6          0          0          0          0          0   _printf_d.o
       120         16          0          0          0         92   _printf_dec.o
         6          0          0          0          0          0   _printf_f.o
      1050          0          0          0          0        216   _printf_fp_dec.o
       128         16          0          0          0         84   _printf_fp_infnan.o
        88          4         40          0          0         88   _printf_hex_int.o
       178          0          0          0          0         88   _printf_intcommon.o
        78          0          0          0          0        108   _printf_pad.o
         0          0          0          0          0          0   _printf_percent.o
         4          0          0          0          0          0   _printf_percent_end.o
         6          0          0          0          0          0   _printf_s.o
        82          0          0          0          0         80   _printf_str.o
         6          0          0          0          0          0   _printf_u.o
         6          0          0          0          0          0   _printf_x.o
        22          0          0          0          0        100   _rserrno.o
        16          0          0          0          0         68   aeabi_memset.o
       220          4        148          0          0         96   bigflt0.o
      1910        128          0          0          0        672   btod.o
        18          0          0          0          0         80   exit.o
         8          0          0          0          0         68   ferror.o
         6          0          0          0          0        152   heapauxi.o
        44         10         28          0          0         76   lc_numeric_c.o
         2          0          0          0          0          0   libinit.o
        22          0          0          0          0          0   libinit2.o
         2          0          0          0          0          0   libshutdown.o
         2          0          0          0          0          0   libshutdown2.o
         8          4          0          0         96         68   libspace.o
        72          0          0          0          0         76   llsdiv.o
       138          0          0          0          0         80   lludiv10.o
       238          0          0          0          0        100   lludivv7m.o
        88          0          0          0          0         76   memcmp.o
        24          4          0          0          0         84   noretval__2printf.o
         8          4          0          0          0         68   rt_errno_addr_intlibspace.o
         8          4          0          0          0         68   rt_locale_intlibspace.o
        68          0          0          0          0         68   rt_memclr.o
        78          0          0          0          0         80   rt_memclr_w.o
         2          0          0          0          0          0   rtexit.o
        10          0          0          0          0          0   rtexit2.o
       128          0          0          0          0         68   strcmpv7m.o
        74          0          0          0          0         80   sys_stackheap_outer.o
         2          0          0          0          0         68   use_no_semi.o
         2          0          0          0          0         68   use_no_semi_2.o
        24          0          0          0          0        164   basic.o
        98          4          0          0          0        140   d2f.o
       826         16          0          0          0        492   daddsub_clz.o
       688        140          0          0          0        256   ddiv.o
        90          4          0          0          0        140   dfixu.o
        84          0          0          0          0        232   dflt_clz.o
       340         12          0          0          0        152   dmul.o
       156          4          0          0          0        140   dnaninf.o
        12          0          0          0          0        116   dretinf.o
       408         56          0          0          0        168   dsqrt_umaal.o
        86          4          0          0          0        132   f2d.o
       140          4          0          0          0        132   fnaninf.o
        10          0          0          0          0        116   fpinit.o
        10          0          0          0          0        116   fretinf.o
         4          0          0          0          0        116   printf1.o
         0          0          0          0          0          0   usenofp.o
       864         94         80          0          0        280   asin.o
       744        106        152          0          0        352   atan.o
       496         64          0          0          0        192   atan2.o
       104         16          0          0          0        496   dunder.o
        24          0          0          0          0        124   fabs.o
        48          0          0          0          0        124   fpclassify.o
       248          0          0          0          0        152   poly.o
         0          0          8          0          0          0   qnan.o
       110          0          0          0          0        148   sqrt.o

    ----------------------------------------------------------------------
     11350        740        476          0         96       8112   Library Totals
        22          0          3          0          0          0   (incl. Padding)

    ----------------------------------------------------------------------

      Code (inc. data)   RO Data    RW Data    ZI Data      Debug   Library Name

      5714        216        233          0         96       3632   c_w.l
      2976        244          0          0          0       2612   fz_wm.l
      2638        280        240          0          0       1868   m_wm.l

    ----------------------------------------------------------------------
     11350        740        476          0         96       8112   Library Totals

    ----------------------------------------------------------------------

==============================================================================


      Code (inc. data)   RO Data    RW Data    ZI Data      Debug   

     60230       3100      10478        440       1864     670684   Grand Totals
     60230       3100      10478        132       1864     670684   ELF Image Totals (compressed)
     60230       3100      10478        132          0          0   ROM Totals

==============================================================================

    Total RO  Size (Code + RO Data)                70708 (  69.05kB)
    Total RW  Size (RW Data + ZI Data)              2304 (   2.25kB)
    Total ROM Size (Code + RO Data + RW Data)      70840 (  69.18kB)

==============================================================================

