Component: ARM Compiler 5.06 update 1 (build 61) Tool: armlink [4d35a8]

==============================================================================

Section Cross References

    startup_stm32f10x_hd.o(STACK) refers (Special) to heapauxi.o(.text) for __use_two_region_memory
    startup_stm32f10x_hd.o(HEAP) refers (Special) to heapauxi.o(.text) for __use_two_region_memory
    startup_stm32f10x_hd.o(RESET) refers (Special) to heapauxi.o(.text) for __use_two_region_memory
    startup_stm32f10x_hd.o(RESET) refers to startup_stm32f10x_hd.o(STACK) for __initial_sp
    startup_stm32f10x_hd.o(RESET) refers to startup_stm32f10x_hd.o(.text) for Reset_Handler
    startup_stm32f10x_hd.o(RESET) refers to stm32f10x_it.o(i.NMI_Handler) for NMI_Handler
    startup_stm32f10x_hd.o(RESET) refers to stm32f10x_it.o(i.HardFault_Handler) for HardFault_Handler
    startup_stm32f10x_hd.o(RESET) refers to stm32f10x_it.o(i.MemManage_Handler) for MemManage_Handler
    startup_stm32f10x_hd.o(RESET) refers to stm32f10x_it.o(i.BusFault_Handler) for BusFault_Handler
    startup_stm32f10x_hd.o(RESET) refers to stm32f10x_it.o(i.UsageFault_Handler) for UsageFault_Handler
    startup_stm32f10x_hd.o(RESET) refers to stm32f10x_it.o(i.SVC_Handler) for SVC_Handler
    startup_stm32f10x_hd.o(RESET) refers to stm32f10x_it.o(i.DebugMon_Handler) for DebugMon_Handler
    startup_stm32f10x_hd.o(RESET) refers to stm32f10x_it.o(i.PendSV_Handler) for PendSV_Handler
    startup_stm32f10x_hd.o(RESET) refers to stm32f10x_it.o(i.SysTick_Handler) for SysTick_Handler
    startup_stm32f10x_hd.o(RESET) refers to usart.o(i.USART1_IRQHandler) for USART1_IRQHandler
    startup_stm32f10x_hd.o(.text) refers (Special) to heapauxi.o(.text) for __use_two_region_memory
    startup_stm32f10x_hd.o(.text) refers to system_stm32f10x.o(i.SystemInit) for SystemInit
    startup_stm32f10x_hd.o(.text) refers to __main.o(!!!main) for __main
    startup_stm32f10x_hd.o(.text) refers to startup_stm32f10x_hd.o(HEAP) for Heap_Mem
    startup_stm32f10x_hd.o(.text) refers to startup_stm32f10x_hd.o(STACK) for Stack_Mem
    main.o(i.main) refers to system_stm32f10x.o(i.SystemInit) for SystemInit
    main.o(i.main) refers to delay.o(i.delay_init) for delay_init
    main.o(i.main) refers to misc.o(i.NVIC_PriorityGroupConfig) for NVIC_PriorityGroupConfig
    main.o(i.main) refers to usart.o(i.usart1_init) for usart1_init
    main.o(i.main) refers to usart2.o(i.USART2_Init) for USART2_Init
    main.o(i.main) refers to my_app.o(i.my_app_init) for my_app_init
    main.o(i.main) refers to my_app.o(i.my_app) for my_app
    system_stm32f10x.o(i.SetSysClock) refers to system_stm32f10x.o(i.SetSysClockTo72) for SetSysClockTo72
    system_stm32f10x.o(i.SystemCoreClockUpdate) refers to system_stm32f10x.o(.data) for SystemCoreClock
    system_stm32f10x.o(i.SystemInit) refers to system_stm32f10x.o(i.SetSysClock) for SetSysClock
    stm32f10x_rcc.o(i.RCC_GetClocksFreq) refers to stm32f10x_rcc.o(.data) for APBAHBPrescTable
    stm32f10x_rcc.o(i.RCC_WaitForHSEStartUp) refers to stm32f10x_rcc.o(i.RCC_GetFlagStatus) for RCC_GetFlagStatus
    stm32f10x_gpio.o(i.GPIO_AFIODeInit) refers to stm32f10x_rcc.o(i.RCC_APB2PeriphResetCmd) for RCC_APB2PeriphResetCmd
    stm32f10x_gpio.o(i.GPIO_DeInit) refers to stm32f10x_rcc.o(i.RCC_APB2PeriphResetCmd) for RCC_APB2PeriphResetCmd
    stm32f10x_spi.o(i.I2S_Init) refers to stm32f10x_rcc.o(i.RCC_GetClocksFreq) for RCC_GetClocksFreq
    stm32f10x_spi.o(i.SPI_I2S_DeInit) refers to stm32f10x_rcc.o(i.RCC_APB2PeriphResetCmd) for RCC_APB2PeriphResetCmd
    stm32f10x_spi.o(i.SPI_I2S_DeInit) refers to stm32f10x_rcc.o(i.RCC_APB1PeriphResetCmd) for RCC_APB1PeriphResetCmd
    stm32f10x_usart.o(i.USART_DeInit) refers to stm32f10x_rcc.o(i.RCC_APB2PeriphResetCmd) for RCC_APB2PeriphResetCmd
    stm32f10x_usart.o(i.USART_DeInit) refers to stm32f10x_rcc.o(i.RCC_APB1PeriphResetCmd) for RCC_APB1PeriphResetCmd
    stm32f10x_usart.o(i.USART_Init) refers to stm32f10x_rcc.o(i.RCC_GetClocksFreq) for RCC_GetClocksFreq
    sys.o(i.RCC_Configuration) refers to stm32f10x_rcc.o(i.RCC_DeInit) for RCC_DeInit
    sys.o(i.RCC_Configuration) refers to stm32f10x_rcc.o(i.RCC_HSEConfig) for RCC_HSEConfig
    sys.o(i.RCC_Configuration) refers to stm32f10x_rcc.o(i.RCC_WaitForHSEStartUp) for RCC_WaitForHSEStartUp
    sys.o(i.RCC_Configuration) refers to stm32f10x_rcc.o(i.RCC_PLLConfig) for RCC_PLLConfig
    sys.o(i.RCC_Configuration) refers to stm32f10x_rcc.o(i.RCC_PLLCmd) for RCC_PLLCmd
    sys.o(i.RCC_Configuration) refers to stm32f10x_rcc.o(i.RCC_GetFlagStatus) for RCC_GetFlagStatus
    sys.o(i.RCC_Configuration) refers to stm32f10x_rcc.o(i.RCC_SYSCLKConfig) for RCC_SYSCLKConfig
    sys.o(i.RCC_Configuration) refers to stm32f10x_rcc.o(i.RCC_GetSYSCLKSource) for RCC_GetSYSCLKSource
    sys.o(i.RCC_Configuration) refers to stm32f10x_rcc.o(i.RCC_HCLKConfig) for RCC_HCLKConfig
    sys.o(i.RCC_Configuration) refers to stm32f10x_rcc.o(i.RCC_PCLK2Config) for RCC_PCLK2Config
[...]
    ../clib/libinit.s                        0x00000000   Number         0  libshutdown.o ABSOLUTE
    ../clib/locale.c                         0x00000000   Number         0  _wcrtomb.o ABSOLUTE
    ../clib/locale.s                         0x00000000   Number         0  lc_ctype_c.o ABSOLUTE
    ../clib/locale.s                         0x00000000   Number         0  lc_numeric_c.o ABSOLUTE
    ../clib/longlong.s                       0x00000000   Number         0  lludiv10.o ABSOLUTE
    ../clib/memcpset.s                       0x00000000   Number         0  strcmpv7m.o ABSOLUTE
    ../clib/misc.s                           0x00000000   Number         0  printf_stubs.o ABSOLUTE
    ../clib/printf.c                         0x00000000   Number         0  _printf_char_common.o ABSOLUTE
    ../clib/printf.c                         0x00000000   Number         0  _printf_wctomb.o ABSOLUTE
    ../clib/printf.c                         0x00000000   Number         0  __printf.o ABSOLUTE
    ../clib/printf.c                         0x00000000   Number         0  _printf_longlong_dec.o ABSOLUTE
    ../clib/printf.c                         0x00000000   Number         0  _printf_fp_dec.o ABSOLUTE
    ../clib/printf.c                         0x00000000   Number         0  _printf_charcount.o ABSOLUTE
    ../clib/printf.c                         0x00000000   Number         0  _printf_dec.o ABSOLUTE
    ../clib/printf.c                         0x00000000   Number         0  _printf_truncate.o ABSOLUTE
    ../clib/printf.c                         0x00000000   Number         0  _printf_pad.o ABSOLUTE
    ../clib/printf.c                         0x00000000   Number         0  _printf_oct_ll.o ABSOLUTE
    ../clib/printf.c                         0x00000000   Number         0  noretval__2sprintf.o ABSOLUTE
    ../clib/printf.c                         0x00000000   Number         0  noretval__2printf.o ABSOLUTE
    ../clib/printf.c                         0x00000000   Number         0  _printf_oct_int_ll.o ABSOLUTE
    ../clib/printf.c                         0x00000000   Number         0  _printf_hex_ll.o ABSOLUTE
    ../clib/printf.c                         0x00000000   Number         0  __2printf.o ABSOLUTE
    ../clib/printf.c                         0x00000000   Number         0  _printf_hex_int.o ABSOLUTE
    ../clib/printf.c                         0x00000000   Number         0  _printf_hex_int_ll.o ABSOLUTE
    ../clib/printf.c                         0x00000000   Number         0  vprintf.o ABSOLUTE
    ../clib/printf.c                         0x00000000   Number         0  _printf_hex_ptr.o ABSOLUTE
    ../clib/printf.c                         0x00000000   Number         0  _printf_char_file.o ABSOLUTE
    ../clib/printf.c                         0x00000000   Number         0  _printf_char.o ABSOLUTE
    ../clib/printf.c                         0x00000000   Number         0  _printf_hex_int_ptr.o ABSOLUTE
    ../clib/printf.c                         0x00000000   Number         0  _sputc.o ABSOLUTE
    ../clib/printf.c                         0x00000000   Number         0  _printf_hex_ll_ptr.o ABSOLUTE
    ../clib/printf.c                         0x00000000   Number         0  __2sprintf.o ABSOLUTE
    ../clib/printf.c                         0x00000000   Number         0  _printf_hex_int_ll_ptr.o ABSOLUTE
    ../clib/printf.c                         0x00000000   Number         0  _printf_wchar.o ABSOLUTE
    ../clib/printf.c                         0x00000000   Number         0  __printf_nopercent.o ABSOLUTE
    ../clib/printf.c                         0x00000000   Number         0  _printf_fp_infnan.o ABSOLUTE
    ../clib/printf.c                         0x00000000   Number         0  _printf_fp_hex.o ABSOLUTE
    ../clib/printf.c                         0x00000000   Number         0  _printf_intcommon.o ABSOLUTE
    ../clib/printf.c                         0x00000000   Number         0  _printf_oct_int.o ABSOLUTE
    ../clib/printf.c                         0x00000000   Number         0  __printf_flags_ss_wp.o ABSOLUTE
    ../clib/printf.c                         0x00000000   Number         0  __printf_ss_wp.o ABSOLUTE
    ../clib/printf.c                         0x00000000   Number         0  __printf_flags_wp.o ABSOLUTE
    ../clib/printf.c                         0x00000000   Number         0  __printf_wp.o ABSOLUTE
    ../clib/printf.c                         0x00000000   Number         0  __printf_flags_ss.o ABSOLUTE
    ../clib/printf.c                         0x00000000   Number         0  __printf_ss.o ABSOLUTE
    ../clib/printf.c                         0x00000000   Number         0  __printf_flags.o ABSOLUTE
    ../clib/printf.c                         0x00000000   Number         0  _printf_str.o ABSOLUTE
    ../clib/printf_percent.s                 0x00000000   Number         0  _printf_e.o ABSOLUTE
    ../clib/printf_percent.s                 0x00000000   Number         0  _printf_percent_end.o ABSOLUTE
    ../clib/printf_percent.s                 0x00000000   Number         0  _printf_f.o ABSOLUTE
    ../clib/printf_percent.s                 0x00000000   Number         0  _printf_percent.o ABSOLUTE
    ../clib/printf_percent.s                 0x00000000   Number         0  _printf_u.o ABSOLUTE
    ../clib/printf_percent.s                 0x00000000   Number         0  _printf_a.o ABSOLUTE
    ../clib/printf_percent.s                 0x00000000   Number         0  _printf_d.o ABSOLUTE
    ../clib/printf_percent.s                 0x00000000   Number         0  _printf_o.o ABSOLUTE
    ../clib/printf_percent.s                 0x00000000   Number         0  _printf_lli.o ABSOLUTE
    ../clib/printf_percent.s                 0x00000000   Number         0  _printf_s.o ABSOLUTE
    ../clib/printf_percent.s                 0x00000000   Number         0  _printf_c.o ABSOLUTE
    ../clib/printf_percent.s                 0x00000000   Number         0  _printf_n.o ABSOLUTE
    ../clib/printf_percent.s                 0x00000000   Number         0  _printf_x.o ABSOLUTE
    ../clib/printf_percent.s                 0x00000000   Number         0  _printf_p.o ABSOLUTE
    ../clib/printf_percent.s                 0x00000000   Number         0  _printf_i.o ABSOLUTE
    ../clib/printf_percent.s                 0x00000000   Number         0  _printf_llx.o ABSOLUTE
    ../clib/printf_percent.s                 0x00000000   Number         0  _printf_llo.o ABSOLUTE
    ../clib/printf_percent.s                 0x00000000   Number         0  _printf_ls.o ABSOLUTE
    ../clib/printf_percent.s                 0x00000000   Number         0  _printf_lc.o ABSOLUTE
    ../clib/printf_percent.s                 0x00000000   Number         0  _printf_l.o ABSOLUTE
    ../clib/printf_percent.s                 0x00000000   Number         0  _printf_ll.o ABSOLUTE
    ../clib/printf_percent.s                 0x00000000   Number         0  _printf_llu.o ABSOLUTE
    ../clib/printf_percent.s                 0x00000000   Number         0  _printf_g.o ABSOLUTE
    ../clib/printf_percent.s                 0x00000000   Number         0  _printf_lld.o ABSOLUTE
    ../clib/signal.c                         0x00000000   Number         0  defsig_abrt_inner.o ABSOLUTE
    ../clib/signal.c                         0x00000000   Number         0  defsig_fpe_inner.o ABSOLUTE
    ../clib/signal.c                         0x00000000   Number         0  defsig_stak_inner.o ABSOLUTE
    ../clib/signal.c                         0x00000000   Number         0  defsig_pvfn_inner.o ABSOLUTE
    ../clib/signal.c                         0x00000000   Number         0  defsig_cppl_inner.o ABSOLUTE
    ../clib/signal.c                         0x00000000   Number         0  defsig_segv_inner.o ABSOLUTE
    ../clib/signal.c                         0x00000000   Number         0  defsig_other.o ABSOLUTE
    ../clib/signal.c                         0x00000000   Number         0  defsig_rtred_inner.o ABSOLUTE
    ../clib/signal.c                         0x00000000   Number         0  defsig_rtmem_outer.o ABSOLUTE
    ../clib/signal.c                         0x00000000   Number         0  defsig_rtmem_formal.o ABSOLUTE
    ../clib/signal.c                         0x00000000   Number         0  defsig_exit.o ABSOLUTE
    ../clib/signal.c                         0x00000000   Number         0  defsig_rtmem_inner.o ABSOLUTE
    ../clib/signal.c                         0x00000000   Number         0  __raise.o ABSOLUTE
    ../clib/signal.c                         0x00000000   Number         0  defsig_general.o ABSOLUTE
    ../clib/signal.s                         0x00000000   Number         0  defsig.o ABSOLUTE
    ../clib/stdlib.c                         0x00000000   Number         0  exit.o ABSOLUTE
    ../clib/string.c                         0x00000000   Number         0  strlen.o ABSOLUTE
    ../fplib/daddsub.s                       0x00000000   Number         0  daddsub_clz.o ABSOLUTE
    ../fplib/dcmpi.s                         0x00000000   Number         0  dcmpi.o ABSOLUTE
    ../fplib/ddiv.s                          0x00000000   Number         0  ddiv.o ABSOLUTE
    ../fplib/dflt.s                          0x00000000   Number         0  dflt_clz.o ABSOLUTE
    ../fplib/dleqf.s                         0x00000000   Number         0  dleqf.o ABSOLUTE
    ../fplib/dnaninf.s                       0x00000000   Number         0  dnaninf.o ABSOLUTE
    ../fplib/dretinf.s                       0x00000000   Number         0  dretinf.o ABSOLUTE
    ../fplib/drleqf.s                        0x00000000   Number         0  drleqf.o ABSOLUTE
    ../fplib/f2d.s                           0x00000000   Number         0  f2d.o ABSOLUTE
    ../fplib/fcmpi.s                         0x00000000   Number         0  fcmpi.o ABSOLUTE
    ../fplib/fdiv.s                          0x00000000   Number         0  fdiv.o ABSOLUTE
    ../fplib/fflt.s                          0x00000000   Number         0  fflt_clz.o ABSOLUTE
    ../fplib/fleqf.s                         0x00000000   Number         0  fleqf.o ABSOLUTE
    ../fplib/fnaninf.s                       0x00000000   Number         0  fnaninf.o ABSOLUTE
    ../fplib/fpinit.s                        0x00000000   Number         0  fpinit.o ABSOLUTE
    ../fplib/fretinf.s                       0x00000000   Number         0  fretinf.o ABSOLUTE
    ../fplib/frleqf.s                        0x00000000   Number         0  frleqf.o ABSOLUTE
    ../fplib/istatus.s                       0x00000000   Number         0  istatus.o ABSOLUTE
    ../fplib/printf1.s                       0x00000000   Number         0  printf1.o ABSOLUTE
    ../fplib/printf2.s                       0x00000000   Number         0  printf2.o ABSOLUTE
    ../fplib/printf2a.s                      0x00000000   Number         0  printf2a.o ABSOLUTE
    ../fplib/printf2b.s                      0x00000000   Number         0  printf2b.o ABSOLUTE
    ../fplib/usenofp.s                       0x00000000   Number         0  usenofp.o ABSOLUTE
    ../mathlib/fpclassify.c                  0x00000000   Number         0  fpclassify.o ABSOLUTE
    ..\APP\APP\src\my_app.c                  0x00000000   Number         0  my_app.o ABSOLUTE
    ..\APP\DRL\ads1292r.c                    0x00000000   Number         0  ads1292r.o ABSOLUTE
    ..\APP\GBK_LibDrive\GBK_LibDrive.c       0x00000000   Number         0  gbk_libdrive.o ABSOLUTE
    ..\APP\HAL\port_debug.c                  0x00000000   Number         0  port_debug.o ABSOLUTE
    ..\APP\HAL\port_delay.c                  0x00000000   Number         0  port_delay.o ABSOLUTE
    ..\APP\HAL\port_gpio.c                   0x00000000   Number         0  port_gpio.o ABSOLUTE
    ..\APP\HAL\port_spi.c                    0x00000000   Number         0  port_spi.o ABSOLUTE
    ..\APP\KEY\key.c                         0x00000000   Number         0  key.o ABSOLUTE
    ..\APP\LCD\Dis_Picture.c                 0x00000000   Number         0  dis_picture.o ABSOLUTE
    ..\APP\LCD\FONT.c                        0x00000000   Number         0  font.o ABSOLUTE
    ..\APP\LCD\Picture.c                     0x00000000   Number         0  picture.o ABSOLUTE
    ..\APP\LCD\Text.c                        0x00000000   Number         0  text.o ABSOLUTE
    ..\APP\LCD\lcd.c                         0x00000000   Number         0  lcd.o ABSOLUTE
    ..\APP\LED\led.c                         0x00000000   Number         0  led.o ABSOLUTE
    ..\CORE\core_cm3.c                       0x00000000   Number         0  core_cm3.o ABSOLUTE
    ..\CORE\startup_stm32f10x_hd.s           0x00000000   Number         0  startup_stm32f10x_hd.o ABSOLUTE
    ..\STM32F10x_FWLib\src\misc.c            0x00000000   Number         0  misc.o ABSOLUTE
    ..\STM32F10x_FWLib\src\stm32f10x_fsmc.c  0x00000000   Number         0  stm32f10x_fsmc.o ABSOLUTE
    ..\STM32F10x_FWLib\src\stm32f10x_gpio.c  0x00000000   Number         0  stm32f10x_gpio.o ABSOLUTE
    ..\STM32F10x_FWLib\src\stm32f10x_rcc.c   0x00000000   Number         0  stm32f10x_rcc.o ABSOLUTE
    ..\STM32F10x_FWLib\src\stm32f10x_spi.c   0x00000000   Number         0  stm32f10x_spi.o ABSOLUTE
    ..\STM32F10x_FWLib\src\stm32f10x_usart.c 0x00000000   Number         0  stm32f10x_usart.o ABSOLUTE
    ..\SYSTEM\delay\delay.c                  0x00000000   Number         0  delay.o ABSOLUTE
    ..\SYSTEM\sys\sys.c                      0x00000000   Number         0  sys.o ABSOLUTE
    ..\SYSTEM\usart2\usart2.c                0x00000000   Number         0  usart2.o ABSOLUTE
    ..\SYSTEM\usart\usart.c                  0x00000000   Number         0  usart.o ABSOLUTE
    ..\\CORE\\core_cm3.c                     0x00000000   Number         0  core_cm3.o ABSOLUTE
    ..\\SYSTEM\\sys\\sys.c                   0x00000000   Number         0  sys.o ABSOLUTE
    dc.s                                     0x00000000   Number         0  dc.o ABSOLUTE
    main.c                                   0x00000000   Number         0  main.o ABSOLUTE
    stm32f10x_it.c                           0x00000000   Number         0  stm32f10x_it.o ABSOLUTE
    system_stm32f10x.c                       0x00000000   Number         0  system_stm32f10x.o ABSOLUTE
    RESET                                    0x08000000   Section      304  startup_stm32f10x_hd.o(RESET)
    !!!main                                  0x08000130   Section        8  __main.o(!!!main)
    !!!scatter                               0x08000138   Section       52  __scatter.o(!!!scatter)
    !!handler_copy                           0x0800016c   Section       26  __scatter_copy.o(!!handler_copy)
    !!handler_zi                             0x08000188   Section       28  __scatter_zi.o(!!handler_zi)
    .ARM.Collect$$_printf_percent$$00000000  0x080001a4   Section        0  _printf_percent.o(.ARM.Collect$$_printf_percent$$00000000)
    .ARM.Collect$$_printf_percent$$00000003  0x080001a4   Section        6  _printf_f.o(.ARM.Collect$$_printf_percent$$00000003)
    .ARM.Collect$$_printf_percent$$00000017  0x080001aa   Section        4  _printf_percent_end.o(.ARM.Collect$$_printf_percent$$00000017)
    .ARM.Collect$$libinit$$00000000          0x080001ae   Section        2  libinit.o(.ARM.Collect$$libinit$$00000000)
    .ARM.Collect$$libinit$$00000002          0x080001b0   Section        0  libinit2.o(.ARM.Collect$$libinit$$00000002)
    .ARM.Collect$$libinit$$00000004          0x080001b0   Section        0  libinit2.o(.ARM.Collect$$libinit$$00000004)
    .ARM.Collect$$libinit$$0000000A          0x080001b0   Section        0  libinit2.o(.ARM.Collect$$libinit$$0000000A)
    .ARM.Collect$$libinit$$0000000C          0x080001b0   Section        0  libinit2.o(.ARM.Collect$$libinit$$0000000C)
    .ARM.Collect$$libinit$$0000000E          0x080001b0   Section        0  libinit2.o(.ARM.Collect$$libinit$$0000000E)
    .ARM.Collect$$libinit$$0000000F          0x080001b0   Section        6  libinit2.o(.ARM.Collect$$libinit$$0000000F)
    .ARM.Collect$$libinit$$00000011          0x080001b6   Section        0  libinit2.o(.ARM.Collect$$libinit$$00000011)
    .ARM.Collect$$libinit$$00000013          0x080001b6   Section        0  libinit2.o(.ARM.Collect$$libinit$$00000013)
    .ARM.Collect$$libinit$$00000015          0x080001b6   Section        0  libinit2.o(.ARM.Collect$$libinit$$00000015)
    .ARM.Collect$$libinit$$00000016          0x080001b6   Section       10  libinit2.o(.ARM.Collect$$libinit$$00000016)
    .ARM.Collect$$libinit$$00000017          0x080001c0   Section        0  libinit2.o(.ARM.Collect$$libinit$$00000017)
    .ARM.Collect$$libinit$$00000019          0x080001c0   Section        0  libinit2.o(.ARM.Collect$$libinit$$00000019)
    .ARM.Collect$$libinit$$0000001B          0x080001c0   Section        0  libinit2.o(.ARM.Collect$$libinit$$0000001B)
    .ARM.Collect$$libinit$$0000001D          0x080001c0   Section        0  libinit2.o(.ARM.Collect$$libinit$$0000001D)
    .ARM.Collect$$libinit$$0000001F          0x080001c0   Section        0  libinit2.o(.ARM.Collect$$libinit$$0000001F)
    .ARM.Collect$$libinit$$00000021          0x080001c0   Section        0  libinit2.o(.ARM.Collect$$libinit$$00000021)
    .ARM.Collect$$libinit$$00000023          0x080001c0   Section        0  libinit2.o(.ARM.Collect$$libinit$$00000023)
    .ARM.Collect$$libinit$$00000025          0x080001c0   Section        0  libinit2.o(.ARM.Collect$$libinit$$00000025)
    .ARM.Collect$$libinit$$0000002C          0x080001c0   Section        0  libinit2.o(.ARM.Collect$$libinit$$0000002C)
    .ARM.Collect$$libinit$$0000002E          0x080001c0   Section        0  libinit2.o(.ARM.Collect$$libinit$$0000002E)
    .ARM.Collect$$libinit$$00000030          0x080001c0   Section        0  libinit2.o(.ARM.Collect$$libinit$$00000030)
    .ARM.Collect$$libinit$$00000032          0x080001c0   Section        0  libinit2.o(.ARM.Collect$$libinit$$00000032)
    .ARM.Collect$$libinit$$00000033          0x080001c0   Section        2  libinit2.o(.ARM.Collect$$libinit$$00000033)
    .ARM.Collect$$libshutdown$$00000000      0x080001c2   Section        2  libshutdown.o(.ARM.Collect$$libshutdown$$00000000)
    .ARM.Collect$$libshutdown$$00000002      0x080001c4   Section        0  libshutdown2.o(.ARM.Collect$$libshutdown$$00000002)
    .ARM.Collect$$libshutdown$$00000004      0x080001c4   Section        0  libshutdown2.o(.ARM.Collect$$libshutdown$$00000004)
    .ARM.Collect$$libshutdown$$00000007      0x080001c4   Section        0  libshutdown2.o(.ARM.Collect$$libshutdown$$00000007)
    .ARM.Collect$$libshutdown$$0000000A      0x080001c4   Section        0  libshutdown2.o(.ARM.Collect$$libshutdown$$0000000A)
    .ARM.Collect$$libshutdown$$0000000C      0x080001c4   Section        0  libshutdown2.o(.ARM.Collect$$libshutdown$$0000000C)
    .ARM.Collect$$libshutdown$$0000000F      0x080001c4   Section        0  libshutdown2.o(.ARM.Collect$$libshutdown$$0000000F)
    .ARM.Collect$$libshutdown$$00000010      0x080001c4   Section        2  libshutdown2.o(.ARM.Collect$$libshutdown$$00000010)
    .ARM.Collect$$rtentry$$00000000          0x080001c6   Section        0  __rtentry.o(.ARM.Collect$$rtentry$$00000000)
    .ARM.Collect$$rtentry$$00000002          0x080001c6   Section        0  __rtentry2.o(.ARM.Collect$$rtentry$$00000002)
    .ARM.Collect$$rtentry$$00000004          0x080001c6   Section        6  __rtentry4.o(.ARM.Collect$$rtentry$$00000004)
    .ARM.Collect$$rtentry$$00000009          0x080001cc   Section        0  __rtentry2.o(.ARM.Collect$$rtentry$$00000009)
    .ARM.Collect$$rtentry$$0000000A          0x080001cc   Section        4  __rtentry2.o(.ARM.Collect$$rtentry$$0000000A)
    .ARM.Collect$$rtentry$$0000000C          0x080001d0   Section        0  __rtentry2.o(.ARM.Collect$$rtentry$$0000000C)
    .ARM.Collect$$rtentry$$0000000D          0x080001d0   Section        8  __rtentry2.o(.ARM.Collect$$rtentry$$0000000D)
    .ARM.Collect$$rtexit$$00000000           0x080001d8   Section        2  rtexit.o(.ARM.Collect$$rtexit$$00000000)
    .ARM.Collect$$rtexit$$00000002           0x080001da   Section        0  rtexit2.o(.ARM.Collect$$rtexit$$00000002)
    .ARM.Collect$$rtexit$$00000003           0x080001da   Section        4  rtexit2.o(.ARM.Collect$$rtexit$$00000003)
    .ARM.Collect$$rtexit$$00000004           0x080001de   Section        6  rtexit2.o(.ARM.Collect$$rtexit$$00000004)
    .text                                    0x080001e4   Section       64  startup_stm32f10x_hd.o(.text)
    .text                                    0x08000224   Section        2  use_no_semi.o(.text)
    .text                                    0x08000228   Section        0  __2sprintf.o(.text)
    .text                                    0x08000254   Section        0  __printf_flags_ss_wp.o(.text)
    .text                                    0x080003dc   Section        0  heapauxi.o(.text)
    .text                                    0x080003e2   Section        0  _printf_fp_dec.o(.text)
    _fp_digits                               0x080003e5   Thumb Code   428  _printf_fp_dec.o(.text)
    .text                                    0x080007fc   Section        0  _printf_char_common.o(.text)
    _printf_input_char                       0x080007fd   Thumb Code    10  _printf_char_common.o(.text)
    .text                                    0x0800082c   Section        0  _sputc.o(.text)
    .text                                    0x08000838   Section        8  rt_locale_intlibspace.o(.text)
    .text                                    0x08000840   Section      138  lludiv10.o(.text)
    .text                                    0x080008cc   Section        0  _printf_fp_infnan.o(.text)
    .text                                    0x0800094c   Section        0  bigflt0.o(.text)
    .text                                    0x08000a28   Section        8  libspace.o(.text)
    .text                                    0x08000a30   Section       74  sys_stackheap_outer.o(.text)
    .text                                    0x08000a7a   Section        0  exit.o(.text)
    .text                                    0x08000a8c   Section      128  strcmpv7m.o(.text)
    CL$$btod_d2e                             0x08000b0c   Section       62  btod.o(CL$$btod_d2e)
    CL$$btod_d2e_denorm_low                  0x08000b4a   Section       70  btod.o(CL$$btod_d2e_denorm_low)
    CL$$btod_d2e_norm_op1                    0x08000b90   Section       96  btod.o(CL$$btod_d2e_norm_op1)
    CL$$btod_div_common                      0x08000bf0   Section      824  btod.o(CL$$btod_div_common)
    CL$$btod_e2e                             0x08000f28   Section      198  btod.o(CL$$btod_e2e)
    CL$$btod_ediv                            0x08000fee   Section       40  btod.o(CL$$btod_ediv)
    CL$$btod_emul                            0x08001016   Section       40  btod.o(CL$$btod_emul)
    CL$$btod_mult_common                     0x0800103e   Section      580  btod.o(CL$$btod_mult_common)
    i.BusFault_Handler                       0x08001282   Section        0  stm32f10x_it.o(i.BusFault_Handler)
    i.DebugMon_Handler                       0x08001286   Section        0  stm32f10x_it.o(i.DebugMon_Handler)
    i.GPIO_Init                              0x08001288   Section        0  stm32f10x_gpio.o(i.GPIO_Init)
    i.HardFault_Handler                      0x0800139e   Section        0  stm32f10x_it.o(i.HardFault_Handler)
    i.MemManage_Handler                      0x080013a2   Section        0  stm32f10x_it.o(i.MemManage_Handler)
    i.NMI_Handler                            0x080013a6   Section        0  stm32f10x_it.o(i.NMI_Handler)
    i.NVIC_Init                              0x080013a8   Section        0  misc.o(i.NVIC_Init)
    i.NVIC_PriorityGroupConfig               0x08001418   Section        0  misc.o(i.NVIC_PriorityGroupConfig)
    i.PendSV_Handler                         0x0800142c   Section        0  stm32f10x_it.o(i.PendSV_Handler)
    i.RCC_APB1PeriphClockCmd                 0x08001430   Section        0  stm32f10x_rcc.o(i.RCC_APB1PeriphClockCmd)
    i.RCC_APB1PeriphResetCmd                 0x08001450   Section        0  stm32f10x_rcc.o(i.RCC_APB1PeriphResetCmd)
    i.RCC_APB2PeriphClockCmd                 0x08001470   Section        0  stm32f10x_rcc.o(i.RCC_APB2PeriphClockCmd)
    i.RCC_APB2PeriphResetCmd                 0x08001490   Section        0  stm32f10x_rcc.o(i.RCC_APB2PeriphResetCmd)
    i.RCC_GetClocksFreq                      0x080014b0   Section        0  stm32f10x_rcc.o(i.RCC_GetClocksFreq)
    i.SPI_Cmd                                0x08001584   Section        0  stm32f10x_spi.o(i.SPI_Cmd)
    i.SPI_I2S_GetFlagStatus                  0x0800159c   Section        0  stm32f10x_spi.o(i.SPI_I2S_GetFlagStatus)
    i.SPI_I2S_ReceiveData                    0x080015ae   Section        0  stm32f10x_spi.o(i.SPI_I2S_ReceiveData)
    i.SPI_I2S_SendData                       0x080015b4   Section        0  stm32f10x_spi.o(i.SPI_I2S_SendData)
    i.SPI_Init                               0x080015b8   Section        0  stm32f10x_spi.o(i.SPI_Init)
    i.SVC_Handler                            0x080015f4   Section        0  stm32f10x_it.o(i.SVC_Handler)
    i.SetSysClock                            0x080015f6   Section        0  system_stm32f10x.o(i.SetSysClock)
    SetSysClock                              0x080015f7   Thumb Code     8  system_stm32f10x.o(i.SetSysClock)
    i.SetSysClockTo72                        0x08001600   Section        0  system_stm32f10x.o(i.SetSysClockTo72)
    SetSysClockTo72                          0x08001601   Thumb Code   214  system_stm32f10x.o(i.SetSysClockTo72)
    i.SysTick_CLKSourceConfig                0x080016e0   Section        0  misc.o(i.SysTick_CLKSourceConfig)
    i.SysTick_Handler                        0x08001708   Section        0  stm32f10x_it.o(i.SysTick_Handler)
    i.SystemInit                             0x0800170c   Section        0  system_stm32f10x.o(i.SystemInit)
    i.USART1_IRQHandler                      0x0800176c   Section        0  usart.o(i.USART1_IRQHandler)
    i.USART2_Init                            0x08001770   Section        0  usart2.o(i.USART2_Init)
    i.USART_ClearFlag                        0x080017f4   Section        0  stm32f10x_usart.o(i.USART_ClearFlag)
    i.USART_Cmd                              0x08001806   Section        0  stm32f10x_usart.o(i.USART_Cmd)
    i.USART_DeInit                           0x08001820   Section        0  stm32f10x_usart.o(i.USART_DeInit)
    i.USART_GetFlagStatus                    0x080018bc   Section        0  stm32f10x_usart.o(i.USART_GetFlagStatus)
    i.USART_Init                             0x080018d8   Section        0  stm32f10x_usart.o(i.USART_Init)
    i.USART_SendData                         0x080019b0   Section        0  stm32f10x_usart.o(i.USART_SendData)
    i.UsageFault_Handler                     0x080019b8   Section        0  stm32f10x_it.o(i.UsageFault_Handler)
    i.Usart2_SendByte                        0x080019bc   Section        0  usart2.o(i.Usart2_SendByte)
    i.Usart2_SendStr_length                  0x080019dc   Section        0  usart2.o(i.Usart2_SendStr_length)
    i.__ARM_fpclassify                       0x080019f4   Section        0  fpclassify.o(i.__ARM_fpclassify)
    i._is_digit                              0x08001a1c   Section        0  __printf_wp.o(i._is_digit)
    i._sys_exit                              0x08001a2a   Section        0  port_debug.o(i._sys_exit)
    i.ads1292r_get_value                     0x08001a30   Section        0  ads1292r.o(i.ads1292r_get_value)
    i.ads1292r_init                          0x08001a68   Section        0  ads1292r.o(i.ads1292r_init)
    i.ads1292r_normal_adc_start              0x08001b70   Section        0  ads1292r.o(i.ads1292r_normal_adc_start)
    i.ads1292r_rw_reg                        0x08001c30   Section        0  ads1292r.o(i.ads1292r_rw_reg)
    i.ads1292r_send_cmd                      0x08001c80   Section        0  ads1292r.o(i.ads1292r_send_cmd)
    i.ads1292r_write_multiregs               0x08001cb4   Section        0  ads1292r.o(i.ads1292r_write_multiregs)
    i.delay_init                             0x08001d10   Section        0  delay.o(i.delay_init)
    i.i24toi32                               0x08001d54   Section        0  my_app.o(i.i24toi32)
    i.main                                   0x08001d78   Section        0  main.o(i.main)
    i.my_app                                 0x08001da0   Section        0  my_app.o(i.my_app)
    i.my_app_init                            0x08002100   Section        0  my_app.o(i.my_app_init)
    i.port_delay_init                        0x08002114   Section        0  port_delay.o(i.port_delay_init)
    i.port_delay_ms                          0x08002158   Section        0  port_delay.o(i.port_delay_ms)
    i.port_delay_us                          0x080021bc   Section        0  port_delay.o(i.port_delay_us)
    i.port_gpio_init                         0x08002220   Section        0  port_gpio.o(i.port_gpio_init)
    i.port_spi_init                          0x0800227c   Section        0  port_spi.o(i.port_spi_init)
    i.port_spi_transmit_receive              0x080022f8   Section        0  port_spi.o(i.port_spi_transmit_receive)
    i.tx_ads_data                            0x0800234c   Section        0  my_app.o(i.tx_ads_data)
    i.usart1_init                            0x080023a4   Section        0  usart.o(i.usart1_init)
    locale$$code                             0x08002450   Section       44  lc_numeric_c.o(locale$$code)
    x$fpl$dadd                               0x0800247c   Section      336  daddsub_clz.o(x$fpl$dadd)
    _dadd1                                   0x0800248d   Thumb Code     0  daddsub_clz.o(x$fpl$dadd)
    x$fpl$dcmpinf                            0x080025cc   Section       24  dcmpi.o(x$fpl$dcmpinf)
    x$fpl$ddiv                               0x080025e4   Section      688  ddiv.o(x$fpl$ddiv)
    ddiv_entry                               0x080025eb   Thumb Code     0  ddiv.o(x$fpl$ddiv)
    x$fpl$dflt                               0x08002894   Section       46  dflt_clz.o(x$fpl$dflt)
    x$fpl$dfltu                              0x080028c2   Section       38  dflt_clz.o(x$fpl$dfltu)
    x$fpl$dleqf                              0x080028e8   Section      120  dleqf.o(x$fpl$dleqf)
    x$fpl$dnaninf                            0x08002960   Section      156  dnaninf.o(x$fpl$dnaninf)
    x$fpl$dretinf                            0x080029fc   Section       12  dretinf.o(x$fpl$dretinf)
    x$fpl$drleqf                             0x08002a08   Section      108  drleqf.o(x$fpl$drleqf)
    x$fpl$dsub                               0x08002a74   Section      468  daddsub_clz.o(x$fpl$dsub)
    _dsub1                                   0x08002a85   Thumb Code     0  daddsub_clz.o(x$fpl$dsub)
    x$fpl$f2d                                0x08002c48   Section       86  f2d.o(x$fpl$f2d)
    x$fpl$fcmpinf                            0x08002c9e   Section       24  fcmpi.o(x$fpl$fcmpinf)
    x$fpl$fdiv                               0x08002cb8   Section      388  fdiv.o(x$fpl$fdiv)
    _fdiv1                                   0x08002cb9   Thumb Code     0  fdiv.o(x$fpl$fdiv)
    x$fpl$fflt                               0x08002e3c   Section       48  fflt_clz.o(x$fpl$fflt)
    x$fpl$fleqf                              0x08002e6c   Section      104  fleqf.o(x$fpl$fleqf)
    x$fpl$fnaninf                            0x08002ed4   Section      140  fnaninf.o(x$fpl$fnaninf)
    x$fpl$fretinf                            0x08002f60   Section       10  fretinf.o(x$fpl$fretinf)
    x$fpl$frleqf                             0x08002f6a   Section       98  frleqf.o(x$fpl$frleqf)
    x$fpl$printf1                            0x08002fcc   Section        4  printf1.o(x$fpl$printf1)
    .constdata                               0x08002fd0   Section       17  __printf_flags_ss_wp.o(.constdata)
    x$fpl$usenofp                            0x08002fd0   Section        0  usenofp.o(x$fpl$usenofp)
    maptable                                 0x08002fd0   Data          17  __printf_flags_ss_wp.o(.constdata)
    .constdata                               0x08002fe4   Section      148  bigflt0.o(.constdata)
    tenpwrs_x                                0x08002fe4   Data          60  bigflt0.o(.constdata)
    tenpwrs_i                                0x08003020   Data          64  bigflt0.o(.constdata)
    locale$$data                             0x08003098   Section       28  lc_numeric_c.o(locale$$data)
    __lcnum_c_name                           0x0800309c   Data           2  lc_numeric_c.o(locale$$data)
    __lcnum_c_start                          0x080030a4   Data           0  lc_numeric_c.o(locale$$data)
    __lcnum_c_point                          0x080030b0   Data           0  lc_numeric_c.o(locale$$data)
    __lcnum_c_thousands                      0x080030b2   Data           0  lc_numeric_c.o(locale$$data)
    __lcnum_c_grouping                       0x080030b3   Data           0  lc_numeric_c.o(locale$$data)
    __lcnum_c_end                            0x080030b4   Data           0  lc_numeric_c.o(locale$$data)
    .data                                    0x20000000   Section       20  system_stm32f10x.o(.data)
    .data                                    0x20000014   Section       20  stm32f10x_rcc.o(.data)
    APBAHBPrescTable                         0x20000014   Data          16  stm32f10x_rcc.o(.data)
    ADCPrescTable                            0x20000024   Data           4  stm32f10x_rcc.o(.data)
    .data                                    0x20000028   Section        2  usart.o(.data)
    .data                                    0x2000002a   Section        4  delay.o(.data)
    fac_us                                   0x2000002a   Data           1  delay.o(.data)
    fac_ms                                   0x2000002c   Data           2  delay.o(.data)
    .data                                    0x20000030   Section      116  my_app.o(.data)
    .data                                    0x200000a4   Section       12  ads1292r.o(.data)
    ads1292r_reg                             0x200000a4   Data          12  ads1292r.o(.data)
    .data                                    0x200000b0   Section        5  port_delay.o(.data)
    fac_us                                   0x200000b0   Data           1  port_delay.o(.data)
    fac_ms                                   0x200000b2   Data           2  port_delay.o(.data)
    delay_init_flag                          0x200000b4   Data           1  port_delay.o(.data)
    .bss                                     0x200000b8   Section     1682  my_app.o(.bss)
    .bss                                     0x2000074c   Section       96  libspace.o(.bss)
    HEAP                                     0x200007b0   Section      512  startup_stm32f10x_hd.o(HEAP)
    Heap_Mem                                 0x200007b0   Data         512  startup_stm32f10x_hd.o(HEAP)
    STACK                                    0x200009b0   Section     1024  startup_stm32f10x_hd.o(STACK)
    Stack_Mem                                0x200009b0   Data        1024  startup_stm32f10x_hd.o(STACK)
    __initial_sp                             0x20000db0   Data           0  startup_stm32f10x_hd.o(STACK)

    Global Symbols

    Symbol Name                              Value     Ov Type        Size  Object(Section)

    BuildAttributes$$THM_ISAv4$P$D$K$B$S$PE$A:L22UL41UL21$X:L11$S22US41US21$IEEE1$IW$USESV6$~STKCKD$USESV7$~SHL$OTIME$ROPI$IEEEJ$EBA8$UX$STANDARDLIB$REQ8$PRES8$EABIv2 0x00000000   Number         0  anon$$obj.o ABSOLUTE
    __ARM_use_no_argv                        0x00000000   Number         0  main.o ABSOLUTE
    _printf_flags                            0x00000000   Number         0  printf_stubs.o ABSOLUTE
    _printf_return_value                     0x00000000   Number         0  printf_stubs.o ABSOLUTE
    _printf_sizespec                         0x00000000   Number         0  printf_stubs.o ABSOLUTE
    _printf_widthprec                        0x00000000   Number         0  printf_stubs.o ABSOLUTE
    __ARM_exceptions_init                     - Undefined Weak Reference
    __alloca_initialize                       - Undefined Weak Reference
    __arm_preinit_                            - Undefined Weak Reference
    __cpp_initialize__aeabi_                  - Undefined Weak Reference
    __cxa_finalize                            - Undefined Weak Reference
    __sigvec_lookup                           - Undefined Weak Reference
    _atexit_init                              - Undefined Weak Reference
    _call_atexit_fns                          - Undefined Weak Reference
    _clock_init                               - Undefined Weak Reference
    _fp_trap_init                             - Undefined Weak Reference
    _fp_trap_shutdown                         - Undefined Weak Reference
    _get_lc_collate                           - Undefined Weak Reference
    _get_lc_monetary                          - Undefined Weak Reference
    _get_lc_time                              - Undefined Weak Reference
    _getenv_init                              - Undefined Weak Reference
    _handle_redirection                       - Undefined Weak Reference
    _init_alloc                               - Undefined Weak Reference
    _init_user_alloc                          - Undefined Weak Reference
    _initio                                   - Undefined Weak Reference
    _printf_mbtowc                            - Undefined Weak Reference
    _printf_wc                                - Undefined Weak Reference
    _rand_init                                - Undefined Weak Reference
    _signal_finish                            - Undefined Weak Reference
    _signal_init                              - Undefined Weak Reference
    _terminate_alloc                          - Undefined Weak Reference
    _terminate_user_alloc                     - Undefined Weak Reference
    _terminateio                              - Undefined Weak Reference
    __Vectors_Size                           0x00000130   Number         0  startup_stm32f10x_hd.o ABSOLUTE
    __Vectors                                0x08000000   Data           4  startup_stm32f10x_hd.o(RESET)
    __Vectors_End                            0x08000130   Data           0  startup_stm32f10x_hd.o(RESET)
    __main                                   0x08000131   Thumb Code     8  __main.o(!!!main)
    __scatterload                            0x08000139   Thumb Code     0  __scatter.o(!!!scatter)
    __scatterload_rt2                        0x08000139   Thumb Code    44  __scatter.o(!!!scatter)
    __scatterload_rt2_thumb_only             0x08000139   Thumb Code     0  __scatter.o(!!!scatter)
    __scatterload_null                       0x08000147   Thumb Code     0  __scatter.o(!!!scatter)
    __scatterload_copy                       0x0800016d   Thumb Code    26  __scatter_copy.o(!!handler_copy)
    __scatterload_zeroinit                   0x08000189   Thumb Code    28  __scatter_zi.o(!!handler_zi)
    _printf_f                                0x080001a5   Thumb Code     0  _printf_f.o(.ARM.Collect$$_printf_percent$$00000003)
    _printf_percent                          0x080001a5   Thumb Code     0  _printf_percent.o(.ARM.Collect$$_printf_percent$$00000000)
    _printf_percent_end                      0x080001ab   Thumb Code     0  _printf_percent_end.o(.ARM.Collect$$_printf_percent$$00000017)
    __rt_lib_init                            0x080001af   Thumb Code     0  libinit.o(.ARM.Collect$$libinit$$00000000)
    __rt_lib_init_fp_1                       0x080001b1   Thumb Code     0  libinit2.o(.ARM.Collect$$libinit$$00000002)
    __rt_lib_init_heap_1                     0x080001b1   Thumb Code     0  libinit2.o(.ARM.Collect$$libinit$$0000000A)
    __rt_lib_init_lc_common                  0x080001b1   Thumb Code     0  libinit2.o(.ARM.Collect$$libinit$$0000000F)
    __rt_lib_init_preinit_1                  0x080001b1   Thumb Code     0  libinit2.o(.ARM.Collect$$libinit$$00000004)
    __rt_lib_init_rand_1                     0x080001b1   Thumb Code     0  libinit2.o(.ARM.Collect$$libinit$$0000000E)
    __rt_lib_init_user_alloc_1               0x080001b1   Thumb Code     0  libinit2.o(.ARM.Collect$$libinit$$0000000C)
    __rt_lib_init_lc_collate_1               0x080001b7   Thumb Code     0  libinit2.o(.ARM.Collect$$libinit$$00000011)
    __rt_lib_init_lc_ctype_1                 0x080001b7   Thumb Code     0  libinit2.o(.ARM.Collect$$libinit$$00000013)
    __rt_lib_init_lc_monetary_1              0x080001b7   Thumb Code     0  libinit2.o(.ARM.Collect$$libinit$$00000015)
    __rt_lib_init_lc_numeric_2               0x080001b7   Thumb Code     0  libinit2.o(.ARM.Collect$$libinit$$00000016)
    __rt_lib_init_alloca_1                   0x080001c1   Thumb Code     0  libinit2.o(.ARM.Collect$$libinit$$0000002E)
    __rt_lib_init_argv_1                     0x080001c1   Thumb Code     0  libinit2.o(.ARM.Collect$$libinit$$0000002C)
    __rt_lib_init_atexit_1                   0x080001c1   Thumb Code     0  libinit2.o(.ARM.Collect$$libinit$$0000001B)
    __rt_lib_init_clock_1                    0x080001c1   Thumb Code     0  libinit2.o(.ARM.Collect$$libinit$$00000021)
    __rt_lib_init_cpp_1                      0x080001c1   Thumb Code     0  libinit2.o(.ARM.Collect$$libinit$$00000032)
    __rt_lib_init_exceptions_1               0x080001c1   Thumb Code     0  libinit2.o(.ARM.Collect$$libinit$$00000030)
    __rt_lib_init_fp_trap_1                  0x080001c1   Thumb Code     0  libinit2.o(.ARM.Collect$$libinit$$0000001F)
    __rt_lib_init_getenv_1                   0x080001c1   Thumb Code     0  libinit2.o(.ARM.Collect$$libinit$$00000023)
    __rt_lib_init_lc_numeric_1               0x080001c1   Thumb Code     0  libinit2.o(.ARM.Collect$$libinit$$00000017)
    __rt_lib_init_lc_time_1                  0x080001c1   Thumb Code     0  libinit2.o(.ARM.Collect$$libinit$$00000019)
    __rt_lib_init_return                     0x080001c1   Thumb Code     0  libinit2.o(.ARM.Collect$$libinit$$00000033)
    __rt_lib_init_signal_1                   0x080001c1   Thumb Code     0  libinit2.o(.ARM.Collect$$libinit$$0000001D)
    __rt_lib_init_stdio_1                    0x080001c1   Thumb Code     0  libinit2.o(.ARM.Collect$$libinit$$00000025)
    __rt_lib_shutdown                        0x080001c3   Thumb Code     0  libshutdown.o(.ARM.Collect$$libshutdown$$00000000)
    __rt_lib_shutdown_cpp_1                  0x080001c5   Thumb Code     0  libshutdown2.o(.ARM.Collect$$libshutdown$$00000002)
    __rt_lib_shutdown_fp_trap_1              0x080001c5   Thumb Code     0  libshutdown2.o(.ARM.Collect$$libshutdown$$00000007)
    __rt_lib_shutdown_heap_1                 0x080001c5   Thumb Code     0  libshutdown2.o(.ARM.Collect$$libshutdown$$0000000F)
    __rt_lib_shutdown_return                 0x080001c5   Thumb Code     0  libshutdown2.o(.ARM.Collect$$libshutdown$$00000010)
    __rt_lib_shutdown_signal_1               0x080001c5   Thumb Code     0  libshutdown2.o(.ARM.Collect$$libshutdown$$0000000A)
    __rt_lib_shutdown_stdio_1                0x080001c5   Thumb Code     0  libshutdown2.o(.ARM.Collect$$libshutdown$$00000004)
    __rt_lib_shutdown_user_alloc_1           0x080001c5   Thumb Code     0  libshutdown2.o(.ARM.Collect$$libshutdown$$0000000C)
    __rt_entry                               0x080001c7   Thumb Code     0  __rtentry.o(.ARM.Collect$$rtentry$$00000000)
    __rt_entry_presh_1                       0x080001c7   Thumb Code     0  __rtentry2.o(.ARM.Collect$$rtentry$$00000002)
    __rt_entry_sh                            0x080001c7   Thumb Code     0  __rtentry4.o(.ARM.Collect$$rtentry$$00000004)
    __rt_entry_li                            0x080001cd   Thumb Code     0  __rtentry2.o(.ARM.Collect$$rtentry$$0000000A)
    __rt_entry_postsh_1                      0x080001cd   Thumb Code     0  __rtentry2.o(.ARM.Collect$$rtentry$$00000009)
    __rt_entry_main                          0x080001d1   Thumb Code     0  __rtentry2.o(.ARM.Collect$$rtentry$$0000000D)
    __rt_entry_postli_1                      0x080001d1   Thumb Code     0  __rtentry2.o(.ARM.Collect$$rtentry$$0000000C)
    __rt_exit                                0x080001d9   Thumb Code     0  rtexit.o(.ARM.Collect$$rtexit$$00000000)
    __rt_exit_ls                             0x080001db   Thumb Code     0  rtexit2.o(.ARM.Collect$$rtexit$$00000003)
    __rt_exit_prels_1                        0x080001db   Thumb Code     0  rtexit2.o(.ARM.Collect$$rtexit$$00000002)
    __rt_exit_exit                           0x080001df   Thumb Code     0  rtexit2.o(.ARM.Collect$$rtexit$$00000004)
    Reset_Handler                            0x080001e5   Thumb Code     8  startup_stm32f10x_hd.o(.text)
    ADC1_2_IRQHandler                        0x080001ff   Thumb Code     0  startup_stm32f10x_hd.o(.text)
    ADC3_IRQHandler                          0x080001ff   Thumb Code     0  startup_stm32f10x_hd.o(.text)
    CAN1_RX1_IRQHandler                      0x080001ff   Thumb Code     0  startup_stm32f10x_hd.o(.text)
    CAN1_SCE_IRQHandler                      0x080001ff   Thumb Code     0  startup_stm32f10x_hd.o(.text)
    DMA1_Channel1_IRQHandler                 0x080001ff   Thumb Code     0  startup_stm32f10x_hd.o(.text)
    DMA1_Channel2_IRQHandler                 0x080001ff   Thumb Code     0  startup_stm32f10x_hd.o(.text)
    DMA1_Channel3_IRQHandler                 0x080001ff   Thumb Code     0  startup_stm32f10x_hd.o(.text)
    DMA1_Channel4_IRQHandler                 0x080001ff   Thumb Code     0  startup_stm32f10x_hd.o(.text)
    DMA1_Channel5_IRQHandler                 0x080001ff   Thumb Code     0  startup_stm32f10x_hd.o(.text)
    DMA1_Channel6_IRQHandler                 0x080001ff   Thumb Code     0  startup_stm32f10x_hd.o(.text)
    DMA1_Channel7_IRQHandler                 0x080001ff   Thumb Code     0  startup_stm32f10x_hd.o(.text)
    DMA2_Channel1_IRQHandler                 0x080001ff   Thumb Code     0  startup_stm32f10x_hd.o(.text)
    DMA2_Channel2_IRQHandler                 0x080001ff   Thumb Code     0  startup_stm32f10x_hd.o(.text)
    DMA2_Channel3_IRQHandler                 0x080001ff   Thumb Code     0  startup_stm32f10x_hd.o(.text)
    DMA2_Channel4_5_IRQHandler               0x080001ff   Thumb Code     0  startup_stm32f10x_hd.o(.text)
    EXTI0_IRQHandler                         0x080001ff   Thumb Code     0  startup_stm32f10x_hd.o(.text)
    EXTI15_10_IRQHandler                     0x080001ff   Thumb Code     0  startup_stm32f10x_hd.o(.text)
    EXTI1_IRQHandler                         0x080001ff   Thumb Code     0  startup_stm32f10x_hd.o(.text)
    EXTI2_IRQHandler                         0x080001ff   Thumb Code     0  startup_stm32f10x_hd.o(.text)
    EXTI3_IRQHandler                         0x080001ff   Thumb Code     0  startup_stm32f10x_hd.o(.text)
    EXTI4_IRQHandler                         0x080001ff   Thumb Code     0  startup_stm32f10x_hd.o(.text)
    EXTI9_5_IRQHandler                       0x080001ff   Thumb Code     0  startup_stm32f10x_hd.o(.text)
    FLASH_IRQHandler                         0x080001ff   Thumb Code     0  startup_stm32f10x_hd.o(.text)
    FSMC_IRQHandler                          0x080001ff   Thumb Code     0  startup_stm32f10x_hd.o(.text)
    I2C1_ER_IRQHandler                       0x080001ff   Thumb Code     0  startup_stm32f10x_hd.o(.text)
    I2C1_EV_IRQHandler                       0x080001ff   Thumb Code     0  startup_stm32f10x_hd.o(.text)
    I2C2_ER_IRQHandler                       0x080001ff   Thumb Code     0  startup_stm32f10x_hd.o(.text)
    I2C2_EV_IRQHandler                       0x080001ff   Thumb Code     0  startup_stm32f10x_hd.o(.text)
    PVD_IRQHandler                           0x080001ff   Thumb Code     0  startup_stm32f10x_hd.o(.text)
    RCC_IRQHandler                           0x080001ff   Thumb Code     0  startup_stm32f10x_hd.o(.text)
    RTCAlarm_IRQHandler                      0x080001ff   Thumb Code     0  startup_stm32f10x_hd.o(.text)
    RTC_IRQHandler                           0x080001ff   Thumb Code     0  startup_stm32f10x_hd.o(.text)
    SDIO_IRQHandler                          0x080001ff   Thumb Code     0  startup_stm32f10x_hd.o(.text)
    SPI1_IRQHandler                          0x080001ff   Thumb Code     0  startup_stm32f10x_hd.o(.text)
    SPI2_IRQHandler                          0x080001ff   Thumb Code     0  startup_stm32f10x_hd.o(.text)
    SPI3_IRQHandler                          0x080001ff   Thumb Code     0  startup_stm32f10x_hd.o(.text)
    TAMPER_IRQHandler                        0x080001ff   Thumb Code     0  startup_stm32f10x_hd.o(.text)
    TIM1_BRK_IRQHandler                      0x080001ff   Thumb Code     0  startup_stm32f10x_hd.o(.text)
    TIM1_CC_IRQHandler                       0x080001ff   Thumb Code     0  startup_stm32f10x_hd.o(.text)
    TIM1_TRG_COM_IRQHandler                  0x080001ff   Thumb Code     0  startup_stm32f10x_hd.o(.text)
    TIM1_UP_IRQHandler                       0x080001ff   Thumb Code     0  startup_stm32f10x_hd.o(.text)
    TIM2_IRQHandler                          0x080001ff   Thumb Code     0  startup_stm32f10x_hd.o(.text)
    TIM3_IRQHandler                          0x080001ff   Thumb Code     0  startup_stm32f10x_hd.o(.text)
    TIM4_IRQHandler                          0x080001ff   Thumb Code     0  startup_stm32f10x_hd.o(.text)
    TIM5_IRQHandler                          0x080001ff   Thumb Code     0  startup_stm32f10x_hd.o(.text)
    TIM6_IRQHandler                          0x080001ff   Thumb Code     0  startup_stm32f10x_hd.o(.text)
    TIM7_IRQHandler                          0x080001ff   Thumb Code     0  startup_stm32f10x_hd.o(.text)
    TIM8_BRK_IRQHandler                      0x080001ff   Thumb Code     0  startup_stm32f10x_hd.o(.text)
    TIM8_CC_IRQHandler                       0x080001ff   Thumb Code     0  startup_stm32f10x_hd.o(.text)
    TIM8_TRG_COM_IRQHandler                  0x080001ff   Thumb Code     0  startup_stm32f10x_hd.o(.text)
    TIM8_UP_IRQHandler                       0x080001ff   Thumb Code     0  startup_stm32f10x_hd.o(.text)
    UART4_IRQHandler                         0x080001ff   Thumb Code     0  startup_stm32f10x_hd.o(.text)
    UART5_IRQHandler                         0x080001ff   Thumb Code     0  startup_stm32f10x_hd.o(.text)
    USART2_IRQHandler                        0x080001ff   Thumb Code     0  startup_stm32f10x_hd.o(.text)
    USART3_IRQHandler                        0x080001ff   Thumb Code     0  startup_stm32f10x_hd.o(.text)
    USBWakeUp_IRQHandler                     0x080001ff   Thumb Code     0  startup_stm32f10x_hd.o(.text)
    USB_HP_CAN1_TX_IRQHandler                0x080001ff   Thumb Code     0  startup_stm32f10x_hd.o(.text)
    USB_LP_CAN1_RX0_IRQHandler               0x080001ff   Thumb Code     0  startup_stm32f10x_hd.o(.text)
    WWDG_IRQHandler                          0x080001ff   Thumb Code     0  startup_stm32f10x_hd.o(.text)
    __user_initial_stackheap                 0x08000201   Thumb Code     0  startup_stm32f10x_hd.o(.text)
    __I$use$semihosting                      0x08000225   Thumb Code     0  use_no_semi.o(.text)
    __use_no_semihosting_swi                 0x08000225   Thumb Code     2  use_no_semi.o(.text)
    __2sprintf                               0x08000229   Thumb Code    38  __2sprintf.o(.text)
    __printf                                 0x08000255   Thumb Code   388  __printf_flags_ss_wp.o(.text)
    __use_two_region_memory                  0x080003dd   Thumb Code     2  heapauxi.o(.text)
    __rt_heap_escrow$2region                 0x080003df   Thumb Code     2  heapauxi.o(.text)
    __rt_heap_expand$2region                 0x080003e1   Thumb Code     2  heapauxi.o(.text)
    __lib_sel_fp_printf                      0x080003e3   Thumb Code     2  _printf_fp_dec.o(.text)
    _printf_fp_dec_real                      0x08000591   Thumb Code   620  _printf_fp_dec.o(.text)
    _printf_char_common                      0x08000807   Thumb Code    32  _printf_char_common.o(.text)
    _sputc                                   0x0800082d   Thumb Code    10  _sputc.o(.text)
    __rt_locale                              0x08000839   Thumb Code     8  rt_locale_intlibspace.o(.text)
    _ll_udiv10                               0x08000841   Thumb Code   138  lludiv10.o(.text)
    _printf_fp_infnan                        0x080008cd   Thumb Code   112  _printf_fp_infnan.o(.text)
    _btod_etento                             0x0800094d   Thumb Code   216  bigflt0.o(.text)
    __user_libspace                          0x08000a29   Thumb Code     8  libspace.o(.text)
    __user_perproc_libspace                  0x08000a29   Thumb Code     0  libspace.o(.text)
    __user_perthread_libspace                0x08000a29   Thumb Code     0  libspace.o(.text)
    __user_setup_stackheap                   0x08000a31   Thumb Code    74  sys_stackheap_outer.o(.text)
    exit                                     0x08000a7b   Thumb Code    18  exit.o(.text)
    strcmp                                   0x08000a8d   Thumb Code   128  strcmpv7m.o(.text)
    _btod_d2e                                0x08000b0d   Thumb Code    62  btod.o(CL$$btod_d2e)
    _d2e_denorm_low                          0x08000b4b   Thumb Code    70  btod.o(CL$$btod_d2e_denorm_low)
    _d2e_norm_op1                            0x08000b91   Thumb Code    96  btod.o(CL$$btod_d2e_norm_op1)
    __btod_div_common                        0x08000bf1   Thumb Code   696  btod.o(CL$$btod_div_common)
    _e2e                                     0x08000f29   Thumb Code   198  btod.o(CL$$btod_e2e)
    _btod_ediv                               0x08000fef   Thumb Code    40  btod.o(CL$$btod_ediv)
    _btod_emul                               0x08001017   Thumb Code    40  btod.o(CL$$btod_emul)
    __btod_mult_common                       0x0800103f   Thumb Code   580  btod.o(CL$$btod_mult_common)
    BusFault_Handler                         0x08001283   Thumb Code     4  stm32f10x_it.o(i.BusFault_Handler)
    DebugMon_Handler                         0x08001287   Thumb Code     2  stm32f10x_it.o(i.DebugMon_Handler)
    GPIO_Init                                0x08001289   Thumb Code   278  stm32f10x_gpio.o(i.GPIO_Init)
    HardFault_Handler                        0x0800139f   Thumb Code     4  stm32f10x_it.o(i.HardFault_Handler)
    MemManage_Handler                        0x080013a3   Thumb Code     4  stm32f10x_it.o(i.MemManage_Handler)
    NMI_Handler                              0x080013a7   Thumb Code     2  stm32f10x_it.o(i.NMI_Handler)
    NVIC_Init                                0x080013a9   Thumb Code   100  misc.o(i.NVIC_Init)
    NVIC_PriorityGroupConfig                 0x08001419   Thumb Code    10  misc.o(i.NVIC_PriorityGroupConfig)
    PendSV_Handler                           0x0800142d   Thumb Code     2  stm32f10x_it.o(i.PendSV_Handler)
    RCC_APB1PeriphClockCmd                   0x08001431   Thumb Code    26  stm32f10x_rcc.o(i.RCC_APB1PeriphClockCmd)
    RCC_APB1PeriphResetCmd                   0x08001451   Thumb Code    26  stm32f10x_rcc.o(i.RCC_APB1PeriphResetCmd)
    RCC_APB2PeriphClockCmd                   0x08001471   Thumb Code    26  stm32f10x_rcc.o(i.RCC_APB2PeriphClockCmd)
    RCC_APB2PeriphResetCmd                   0x08001491   Thumb Code    26  stm32f10x_rcc.o(i.RCC_APB2PeriphResetCmd)
    RCC_GetClocksFreq                        0x080014b1   Thumb Code   192  stm32f10x_rcc.o(i.RCC_GetClocksFreq)
    SPI_Cmd                                  0x08001585   Thumb Code    24  stm32f10x_spi.o(i.SPI_Cmd)
    SPI_I2S_GetFlagStatus                    0x0800159d   Thumb Code    18  stm32f10x_spi.o(i.SPI_I2S_GetFlagStatus)
    SPI_I2S_ReceiveData                      0x080015af   Thumb Code     6  stm32f10x_spi.o(i.SPI_I2S_ReceiveData)
    SPI_I2S_SendData                         0x080015b5   Thumb Code     4  stm32f10x_spi.o(i.SPI_I2S_SendData)
    SPI_Init                                 0x080015b9   Thumb Code    60  stm32f10x_spi.o(i.SPI_Init)
    SVC_Handler                              0x080015f5   Thumb Code     2  stm32f10x_it.o(i.SVC_Handler)
    SysTick_CLKSourceConfig                  0x080016e1   Thumb Code    40  misc.o(i.SysTick_CLKSourceConfig)
    SysTick_Handler                          0x08001709   Thumb Code     2  stm32f10x_it.o(i.SysTick_Handler)
    SystemInit                               0x0800170d   Thumb Code    78  system_stm32f10x.o(i.SystemInit)
    USART1_IRQHandler                        0x0800176d   Thumb Code     2  usart.o(i.USART1_IRQHandler)
    USART2_Init                              0x08001771   Thumb Code   124  usart2.o(i.USART2_Init)
    USART_ClearFlag                          0x080017f5   Thumb Code    18  stm32f10x_usart.o(i.USART_ClearFlag)
    USART_Cmd                                0x08001807   Thumb Code    24  stm32f10x_usart.o(i.USART_Cmd)
    USART_DeInit                             0x08001821   Thumb Code   134  stm32f10x_usart.o(i.USART_DeInit)
    USART_GetFlagStatus                      0x080018bd   Thumb Code    26  stm32f10x_usart.o(i.USART_GetFlagStatus)
    USART_Init                               0x080018d9   Thumb Code   210  stm32f10x_usart.o(i.USART_Init)
    USART_SendData                           0x080019b1   Thumb Code     8  stm32f10x_usart.o(i.USART_SendData)
    UsageFault_Handler                       0x080019b9   Thumb Code     4  stm32f10x_it.o(i.UsageFault_Handler)
    Usart2_SendByte                          0x080019bd   Thumb Code    28  usart2.o(i.Usart2_SendByte)
    Usart2_SendStr_length                    0x080019dd   Thumb Code    24  usart2.o(i.Usart2_SendStr_length)
    __ARM_fpclassify                         0x080019f5   Thumb Code    40  fpclassify.o(i.__ARM_fpclassify)
    _is_digit                                0x08001a1d   Thumb Code    14  __printf_wp.o(i._is_digit)
    _sys_exit                                0x08001a2b   Thumb Code     4  port_debug.o(i._sys_exit)
    ads1292r_get_value                       0x08001a31   Thumb Code    48  ads1292r.o(i.ads1292r_get_value)
    ads1292r_init                            0x08001a69   Thumb Code   248  ads1292r.o(i.ads1292r_init)
    ads1292r_normal_adc_start                0x08001b71   Thumb Code   186  ads1292r.o(i.ads1292r_normal_adc_start)
    ads1292r_rw_reg                          0x08001c31   Thumb Code    74  ads1292r.o(i.ads1292r_rw_reg)
    ads1292r_send_cmd                        0x08001c81   Thumb Code    44  ads1292r.o(i.ads1292r_send_cmd)
    ads1292r_write_multiregs                 0x08001cb5   Thumb Code    86  ads1292r.o(i.ads1292r_write_multiregs)
    delay_init                               0x08001d11   Thumb Code    50  delay.o(i.delay_init)
    i24toi32                                 0x08001d55   Thumb Code    36  my_app.o(i.i24toi32)
    main                                     0x08001d79   Thumb Code    40  main.o(i.main)
    my_app                                   0x08001da1   Thumb Code   686  my_app.o(i.my_app)
    my_app_init                              0x08002101   Thumb Code    20  my_app.o(i.my_app_init)
    port_delay_init                          0x08002115   Thumb Code    50  port_delay.o(i.port_delay_init)
    port_delay_ms                            0x08002159   Thumb Code    90  port_delay.o(i.port_delay_ms)
    port_delay_us                            0x080021bd   Thumb Code    90  port_delay.o(i.port_delay_us)
    port_gpio_init                           0x08002221   Thumb Code    84  port_gpio.o(i.port_gpio_init)
    port_spi_init                            0x0800227d   Thumb Code   114  port_spi.o(i.port_spi_init)
    port_spi_transmit_receive                0x080022f9   Thumb Code    78  port_spi.o(i.port_spi_transmit_receive)
    tx_ads_data                              0x0800234d   Thumb Code    82  my_app.o(i.tx_ads_data)
    usart1_init                              0x080023a5   Thumb Code   160  usart.o(i.usart1_init)
    _get_lc_numeric                          0x08002451   Thumb Code    44  lc_numeric_c.o(locale$$code)
    __aeabi_dadd                             0x0800247d   Thumb Code     0  daddsub_clz.o(x$fpl$dadd)
    _dadd                                    0x0800247d   Thumb Code   332  daddsub_clz.o(x$fpl$dadd)
    __fpl_dcmp_Inf                           0x080025cd   Thumb Code    24  dcmpi.o(x$fpl$dcmpinf)
    __aeabi_ddiv                             0x080025e5   Thumb Code     0  ddiv.o(x$fpl$ddiv)
    _ddiv                                    0x080025e5   Thumb Code   552  ddiv.o(x$fpl$ddiv)
    __aeabi_i2d                              0x08002895   Thumb Code     0  dflt_clz.o(x$fpl$dflt)
    _dflt                                    0x08002895   Thumb Code    46  dflt_clz.o(x$fpl$dflt)
    __aeabi_ui2d                             0x080028c3   Thumb Code     0  dflt_clz.o(x$fpl$dfltu)
    _dfltu                                   0x080028c3   Thumb Code    38  dflt_clz.o(x$fpl$dfltu)
    __aeabi_cdcmple                          0x080028e9   Thumb Code     0  dleqf.o(x$fpl$dleqf)
    _dcmple                                  0x080028e9   Thumb Code   120  dleqf.o(x$fpl$dleqf)
    __fpl_dcmple_InfNaN                      0x0800294b   Thumb Code     0  dleqf.o(x$fpl$dleqf)
    __fpl_dnaninf                            0x08002961   Thumb Code   156  dnaninf.o(x$fpl$dnaninf)
    __fpl_dretinf                            0x080029fd   Thumb Code    12  dretinf.o(x$fpl$dretinf)
    __aeabi_cdrcmple                         0x08002a09   Thumb Code     0  drleqf.o(x$fpl$drleqf)
    _drcmple                                 0x08002a09   Thumb Code   108  drleqf.o(x$fpl$drleqf)
    __aeabi_dsub                             0x08002a75   Thumb Code     0  daddsub_clz.o(x$fpl$dsub)
    _dsub                                    0x08002a75   Thumb Code   464  daddsub_clz.o(x$fpl$dsub)
    __aeabi_f2d                              0x08002c49   Thumb Code     0  f2d.o(x$fpl$f2d)
    _f2d                                     0x08002c49   Thumb Code    86  f2d.o(x$fpl$f2d)
    __fpl_fcmp_Inf                           0x08002c9f   Thumb Code    24  fcmpi.o(x$fpl$fcmpinf)
    __aeabi_fdiv                             0x08002cb9   Thumb Code     0  fdiv.o(x$fpl$fdiv)
    _fdiv                                    0x08002cb9   Thumb Code   384  fdiv.o(x$fpl$fdiv)
    __aeabi_i2f                              0x08002e3d   Thumb Code     0  fflt_clz.o(x$fpl$fflt)
    _fflt                                    0x08002e3d   Thumb Code    48  fflt_clz.o(x$fpl$fflt)
    __aeabi_cfcmple                          0x08002e6d   Thumb Code     0  fleqf.o(x$fpl$fleqf)
    _fcmple                                  0x08002e6d   Thumb Code   104  fleqf.o(x$fpl$fleqf)
    __fpl_fcmple_InfNaN                      0x08002ebf   Thumb Code     0  fleqf.o(x$fpl$fleqf)
    __fpl_fnaninf                            0x08002ed5   Thumb Code   140  fnaninf.o(x$fpl$fnaninf)
    __fpl_fretinf                            0x08002f61   Thumb Code    10  fretinf.o(x$fpl$fretinf)
    __aeabi_cfrcmple                         0x08002f6b   Thumb Code     0  frleqf.o(x$fpl$frleqf)
    _frcmple                                 0x08002f6b   Thumb Code    98  frleqf.o(x$fpl$frleqf)
    _printf_fp_dec                           0x08002fcd   Thumb Code     4  printf1.o(x$fpl$printf1)
    __I$use$fp                               0x08002fd0   Number         0  usenofp.o(x$fpl$usenofp)
    Region$$Table$$Base                      0x08003078   Number         0  anon$$obj.o(Region$$Table)
    Region$$Table$$Limit                     0x08003098   Number         0  anon$$obj.o(Region$$Table)
    SystemCoreClock                          0x20000000   Data           4  system_stm32f10x.o(.data)
    AHBPrescTable                            0x20000004   Data          16  system_stm32f10x.o(.data)
    USART1_RX_STA                            0x20000028   Data           2  usart.o(.data)
    ad_rr                                    0x20000030   Data           8  my_app.o(.data)
    ad_rr2                                   0x20000038   Data           8  my_app.o(.data)
    ads_frame_tx                             0x20000040   Data          11  my_app.o(.data)
    h_freq                                   0x2000004c   Data           4  my_app.o(.data)
    h_j                                      0x20000050   Data           4  my_app.o(.data)
    heart_avg                                0x20000058   Data           8  my_app.o(.data)
    yu                                       0x20000060   Data           8  my_app.o(.data)
    h_index                                  0x20000068   Data           4  my_app.o(.data)
    h_instance                               0x2000006c   Data           4  my_app.o(.data)
    all_avg                                  0x20000070   Data           8  my_app.o(.data)
    all_flag                                 0x20000078   Data           4  my_app.o(.data)
    all_sum                                  0x20000080   Data           8  my_app.o(.data)
    tmp                                      0x20000088   Data           4  my_app.o(.data)
    h_x                                      0x2000008c   Data           4  my_app.o(.data)
    h_windows                                0x20000090   Data           4  my_app.o(.data)
    end                                      0x20000094   Data           1  my_app.o(.data)
    end2                                     0x20000095   Data           1  my_app.o(.data)
    hea_sum                                  0x20000098   Data           4  my_app.o(.data)
    max                                      0x2000009c   Data           8  my_app.o(.data)
    ad_b                                     0x200000b8   Data           9  my_app.o(.bss)
    heart_sum                                0x200000c4   Data        1200  my_app.o(.bss)
    h_str                                    0x20000574   Data          80  my_app.o(.bss)
    h_str2                                   0x200005c4   Data         150  my_app.o(.bss)
    h_str3                                   0x2000065a   Data          80  my_app.o(.bss)
    h_str4                                   0x200006aa   Data          80  my_app.o(.bss)
    h_all_avg                                0x200006fa   Data          80  my_app.o(.bss)
    __libspace_start                         0x2000074c   Data          96  libspace.o(.bss)
    __temporary_stack_top$libspace           0x200007ac   Data           0  libspace.o(.bss)



==============================================================================

Memory Map of the image

  Image Entry point : 0x08000131

  Load Region LR_IROM1 (Base: 0x08000000, Size: 0x0000316c, Max: 0x00010000, ABSOLUTE)

    Execution Region ER_IROM1 (Exec base: 0x08000000, Load base: 0x08000000, Size: 0x000030b4, Max: 0x00010000, ABSOLUTE)

    Exec Addr    Load Addr    Size         Type   Attr      Idx    E Section Name        Object

    0x08000000   0x08000000   0x00000130   Data   RO           19    RESET               startup_stm32f10x_hd.o
    0x08000130   0x08000130   0x00000008   Code   RO         2197  * !!!main             c_w.l(__main.o)
    0x08000138   0x08000138   0x00000034   Code   RO         2535    !!!scatter          c_w.l(__scatter.o)
    0x0800016c   0x0800016c   0x0000001a   Code   RO         2537    !!handler_copy      c_w.l(__scatter_copy.o)
    0x08000186   0x08000186   0x00000002   PAD
    0x08000188   0x08000188   0x0000001c   Code   RO         2539    !!handler_zi        c_w.l(__scatter_zi.o)
    0x080001a4   0x080001a4   0x00000000   Code   RO         2192    .ARM.Collect$$_printf_percent$$00000000  c_w.l(_printf_percent.o)
    0x080001a4   0x080001a4   0x00000006   Code   RO         2191    .ARM.Collect$$_printf_percent$$00000003  c_w.l(_printf_f.o)
    0x080001aa   0x080001aa   0x00000004   Code   RO         2299    .ARM.Collect$$_printf_percent$$00000017  c_w.l(_printf_percent_end.o)
    0x080001ae   0x080001ae   0x00000002   Code   RO         2411    .ARM.Collect$$libinit$$00000000  c_w.l(libinit.o)
    0x080001b0   0x080001b0   0x00000000   Code   RO         2413    .ARM.Collect$$libinit$$00000002  c_w.l(libinit2.o)
    0x080001b0   0x080001b0   0x00000000   Code   RO         2415    .ARM.Collect$$libinit$$00000004  c_w.l(libinit2.o)
    0x080001b0   0x080001b0   0x00000000   Code   RO         2418    .ARM.Collect$$libinit$$0000000A  c_w.l(libinit2.o)
    0x080001b0   0x080001b0   0x00000000   Code   RO         2420    .ARM.Collect$$libinit$$0000000C  c_w.l(libinit2.o)
    0x080001b0   0x080001b0   0x00000000   Code   RO         2422    .ARM.Collect$$libinit$$0000000E  c_w.l(libinit2.o)
    0x080001b0   0x080001b0   0x00000006   Code   RO         2423    .ARM.Collect$$libinit$$0000000F  c_w.l(libinit2.o)
    0x080001b6   0x080001b6   0x00000000   Code   RO         2425    .ARM.Collect$$libinit$$00000011  c_w.l(libinit2.o)
    0x080001b6   0x080001b6   0x00000000   Code   RO         2427    .ARM.Collect$$libinit$$00000013  c_w.l(libinit2.o)
    0x080001b6   0x080001b6   0x00000000   Code   RO         2429    .ARM.Collect$$libinit$$00000015  c_w.l(libinit2.o)
    0x080001b6   0x080001b6   0x0000000a   Code   RO         2430    .ARM.Collect$$libinit$$00000016  c_w.l(libinit2.o)
    0x080001c0   0x080001c0   0x00000000   Code   RO         2431    .ARM.Collect$$libinit$$00000017  c_w.l(libinit2.o)
    0x080001c0   0x080001c0   0x00000000   Code   RO         2433    .ARM.Collect$$libinit$$00000019  c_w.l(libinit2.o)
    0x080001c0   0x080001c0   0x00000000   Code   RO         2435    .ARM.Collect$$libinit$$0000001B  c_w.l(libinit2.o)
    0x080001c0   0x080001c0   0x00000000   Code   RO         2437    .ARM.Collect$$libinit$$0000001D  c_w.l(libinit2.o)
    0x080001c0   0x080001c0   0x00000000   Code   RO         2439    .ARM.Collect$$libinit$$0000001F  c_w.l(libinit2.o)
    0x080001c0   0x080001c0   0x00000000   Code   RO         2441    .ARM.Collect$$libinit$$00000021  c_w.l(libinit2.o)
    0x080001c0   0x080001c0   0x00000000   Code   RO         2443    .ARM.Collect$$libinit$$00000023  c_w.l(libinit2.o)
    0x080001c0   0x080001c0   0x00000000   Code   RO         2445    .ARM.Collect$$libinit$$00000025  c_w.l(libinit2.o)
    0x080001c0   0x080001c0   0x00000000   Code   RO         2449    .ARM.Collect$$libinit$$0000002C  c_w.l(libinit2.o)
    0x080001c0   0x080001c0   0x00000000   Code   RO         2451    .ARM.Collect$$libinit$$0000002E  c_w.l(libinit2.o)
    0x080001c0   0x080001c0   0x00000000   Code   RO         2453    .ARM.Collect$$libinit$$00000030  c_w.l(libinit2.o)
    0x080001c0   0x080001c0   0x00000000   Code   RO         2455    .ARM.Collect$$libinit$$00000032  c_w.l(libinit2.o)
    0x080001c0   0x080001c0   0x00000002   Code   RO         2456    .ARM.Collect$$libinit$$00000033  c_w.l(libinit2.o)
    0x080001c2   0x080001c2   0x00000002   Code   RO         2487    .ARM.Collect$$libshutdown$$00000000  c_w.l(libshutdown.o)
    0x080001c4   0x080001c4   0x00000000   Code   RO         2496    .ARM.Collect$$libshutdown$$00000002  c_w.l(libshutdown2.o)
    0x080001c4   0x080001c4   0x00000000   Code   RO         2498    .ARM.Collect$$libshutdown$$00000004  c_w.l(libshutdown2.o)
    0x080001c4   0x080001c4   0x00000000   Code   RO         2501    .ARM.Collect$$libshutdown$$00000007  c_w.l(libshutdown2.o)
    0x080001c4   0x080001c4   0x00000000   Code   RO         2504    .ARM.Collect$$libshutdown$$0000000A  c_w.l(libshutdown2.o)
    0x080001c4   0x080001c4   0x00000000   Code   RO         2506    .ARM.Collect$$libshutdown$$0000000C  c_w.l(libshutdown2.o)
    0x080001c4   0x080001c4   0x00000000   Code   RO         2509    .ARM.Collect$$libshutdown$$0000000F  c_w.l(libshutdown2.o)
    0x080001c4   0x080001c4   0x00000002   Code   RO         2510    .ARM.Collect$$libshutdown$$00000010  c_w.l(libshutdown2.o)
    0x080001c6   0x080001c6   0x00000000   Code   RO         2237    .ARM.Collect$$rtentry$$00000000  c_w.l(__rtentry.o)
    0x080001c6   0x080001c6   0x00000000   Code   RO         2329    .ARM.Collect$$rtentry$$00000002  c_w.l(__rtentry2.o)
    0x080001c6   0x080001c6   0x00000006   Code   RO         2341    .ARM.Collect$$rtentry$$00000004  c_w.l(__rtentry4.o)
    0x080001cc   0x080001cc   0x00000000   Code   RO         2331    .ARM.Collect$$rtentry$$00000009  c_w.l(__rtentry2.o)
    0x080001cc   0x080001cc   0x00000004   Code   RO         2332    .ARM.Collect$$rtentry$$0000000A  c_w.l(__rtentry2.o)
    0x080001d0   0x080001d0   0x00000000   Code   RO         2334    .ARM.Collect$$rtentry$$0000000C  c_w.l(__rtentry2.o)
    0x080001d0   0x080001d0   0x00000008   Code   RO         2335    .ARM.Collect$$rtentry$$0000000D  c_w.l(__rtentry2.o)
    0x080001d8   0x080001d8   0x00000002   Code   RO         2457    .ARM.Collect$$rtexit$$00000000  c_w.l(rtexit.o)
    0x080001da   0x080001da   0x00000000   Code   RO         2467    .ARM.Collect$$rtexit$$00000002  c_w.l(rtexit2.o)
    0x080001da   0x080001da   0x00000004   Code   RO         2468    .ARM.Collect$$rtexit$$00000003  c_w.l(rtexit2.o)
    0x080001de   0x080001de   0x00000006   Code   RO         2469    .ARM.Collect$$rtexit$$00000004  c_w.l(rtexit2.o)
    0x080001e4   0x080001e4   0x00000040   Code   RO           20    .text               startup_stm32f10x_hd.o
    0x08000224   0x08000224   0x00000002   Code   RO         2154    .text               c_w.l(use_no_semi.o)
    0x08000226   0x08000226   0x00000002   PAD
    0x08000228   0x08000228   0x0000002c   Code   RO         2160    .text               c_w.l(__2sprintf.o)
    0x08000254   0x08000254   0x00000188   Code   RO         2187    .text               c_w.l(__printf_flags_ss_wp.o)
    0x080003dc   0x080003dc   0x00000006   Code   RO         2195    .text               c_w.l(heapauxi.o)
    0x080003e2   0x080003e2   0x0000041a   Code   RO         2246    .text               c_w.l(_printf_fp_dec.o)
    0x080007fc   0x080007fc   0x00000030   Code   RO         2248    .text               c_w.l(_printf_char_common.o)
    0x0800082c   0x0800082c   0x0000000a   Code   RO         2250    .text               c_w.l(_sputc.o)
    0x08000836   0x08000836   0x00000002   PAD
    0x08000838   0x08000838   0x00000008   Code   RO         2346    .text               c_w.l(rt_locale_intlibspace.o)
    0x08000840   0x08000840   0x0000008a   Code   RO         2348    .text               c_w.l(lludiv10.o)
    0x080008ca   0x080008ca   0x00000002   PAD
    0x080008cc   0x080008cc   0x00000080   Code   RO         2355    .text               c_w.l(_printf_fp_infnan.o)
    0x0800094c   0x0800094c   0x000000dc   Code   RO         2361    .text               c_w.l(bigflt0.o)
    0x08000a28   0x08000a28   0x00000008   Code   RO         2395    .text               c_w.l(libspace.o)
    0x08000a30   0x08000a30   0x0000004a   Code   RO         2398    .text               c_w.l(sys_stackheap_outer.o)
    0x08000a7a   0x08000a7a   0x00000012   Code   RO         2402    .text               c_w.l(exit.o)
    0x08000a8c   0x08000a8c   0x00000080   Code   RO         2404    .text               c_w.l(strcmpv7m.o)
    0x08000b0c   0x08000b0c   0x0000003e   Code   RO         2364    CL$$btod_d2e        c_w.l(btod.o)
    0x08000b4a   0x08000b4a   0x00000046   Code   RO         2366    CL$$btod_d2e_denorm_low  c_w.l(btod.o)
    0x08000b90   0x08000b90   0x00000060   Code   RO         2365    CL$$btod_d2e_norm_op1  c_w.l(btod.o)
    0x08000bf0   0x08000bf0   0x00000338   Code   RO         2374    CL$$btod_div_common  c_w.l(btod.o)
    0x08000f28   0x08000f28   0x000000c6   Code   RO         2371    CL$$btod_e2e        c_w.l(btod.o)
    0x08000fee   0x08000fee   0x00000028   Code   RO         2368    CL$$btod_ediv       c_w.l(btod.o)
    0x08001016   0x08001016   0x00000028   Code   RO         2367    CL$$btod_emul       c_w.l(btod.o)
    0x0800103e   0x0800103e   0x00000244   Code   RO         2373    CL$$btod_mult_common  c_w.l(btod.o)
    0x08001282   0x08001282   0x00000004   Code   RO          170    i.BusFault_Handler  stm32f10x_it.o
    0x08001286   0x08001286   0x00000002   Code   RO          171    i.DebugMon_Handler  stm32f10x_it.o
    0x08001288   0x08001288   0x00000116   Code   RO          618    i.GPIO_Init         stm32f10x_gpio.o
    0x0800139e   0x0800139e   0x00000004   Code   RO          172    i.HardFault_Handler  stm32f10x_it.o
    0x080013a2   0x080013a2   0x00000004   Code   RO          173    i.MemManage_Handler  stm32f10x_it.o
    0x080013a6   0x080013a6   0x00000002   Code   RO          174    i.NMI_Handler       stm32f10x_it.o
    0x080013a8   0x080013a8   0x00000070   Code   RO          576    i.NVIC_Init         misc.o
    0x08001418   0x08001418   0x00000014   Code   RO          577    i.NVIC_PriorityGroupConfig  misc.o
    0x0800142c   0x0800142c   0x00000002   Code   RO          175    i.PendSV_Handler    stm32f10x_it.o
    0x0800142e   0x0800142e   0x00000002   PAD
    0x08001430   0x08001430   0x00000020   Code   RO          352    i.RCC_APB1PeriphClockCmd  stm32f10x_rcc.o
    0x08001450   0x08001450   0x00000020   Code   RO          353    i.RCC_APB1PeriphResetCmd  stm32f10x_rcc.o
    0x08001470   0x08001470   0x00000020   Code   RO          354    i.RCC_APB2PeriphClockCmd  stm32f10x_rcc.o
    0x08001490   0x08001490   0x00000020   Code   RO          355    i.RCC_APB2PeriphResetCmd  stm32f10x_rcc.o
    0x080014b0   0x080014b0   0x000000d4   Code   RO          362    i.RCC_GetClocksFreq  stm32f10x_rcc.o
    0x08001584   0x08001584   0x00000018   Code   RO          757    i.SPI_Cmd           stm32f10x_spi.o
    0x0800159c   0x0800159c   0x00000012   Code   RO          765    i.SPI_I2S_GetFlagStatus  stm32f10x_spi.o
    0x080015ae   0x080015ae   0x00000006   Code   RO          768    i.SPI_I2S_ReceiveData  stm32f10x_spi.o
    0x080015b4   0x080015b4   0x00000004   Code   RO          769    i.SPI_I2S_SendData  stm32f10x_spi.o
    0x080015b8   0x080015b8   0x0000003c   Code   RO          770    i.SPI_Init          stm32f10x_spi.o
    0x080015f4   0x080015f4   0x00000002   Code   RO          176    i.SVC_Handler       stm32f10x_it.o
    0x080015f6   0x080015f6   0x00000008   Code   RO          316    i.SetSysClock       system_stm32f10x.o
    0x080015fe   0x080015fe   0x00000002   PAD
    0x08001600   0x08001600   0x000000e0   Code   RO          317    i.SetSysClockTo72   system_stm32f10x.o
    0x080016e0   0x080016e0   0x00000028   Code   RO          580    i.SysTick_CLKSourceConfig  misc.o
    0x08001708   0x08001708   0x00000002   Code   RO          177    i.SysTick_Handler   stm32f10x_it.o
    0x0800170a   0x0800170a   0x00000002   PAD
    0x0800170c   0x0800170c   0x00000060   Code   RO          319    i.SystemInit        system_stm32f10x.o
    0x0800176c   0x0800176c   0x00000002   Code   RO         1237    i.USART1_IRQHandler  usart.o
    0x0800176e   0x0800176e   0x00000002   PAD
    0x08001770   0x08001770   0x00000084   Code   RO         1305    i.USART2_Init       usart2.o
    0x080017f4   0x080017f4   0x00000012   Code   RO          896    i.USART_ClearFlag   stm32f10x_usart.o
    0x08001806   0x08001806   0x00000018   Code   RO          900    i.USART_Cmd         stm32f10x_usart.o
    0x0800181e   0x0800181e   0x00000002   PAD
    0x08001820   0x08001820   0x0000009c   Code   RO          902    i.USART_DeInit      stm32f10x_usart.o
    0x080018bc   0x080018bc   0x0000001a   Code   RO          903    i.USART_GetFlagStatus  stm32f10x_usart.o
    0x080018d6   0x080018d6   0x00000002   PAD
    0x080018d8   0x080018d8   0x000000d8   Code   RO          907    i.USART_Init        stm32f10x_usart.o
    0x080019b0   0x080019b0   0x00000008   Code   RO          917    i.USART_SendData    stm32f10x_usart.o
    0x080019b8   0x080019b8   0x00000004   Code   RO          178    i.UsageFault_Handler  stm32f10x_it.o
    0x080019bc   0x080019bc   0x00000020   Code   RO         1306    i.Usart2_SendByte   usart2.o
    0x080019dc   0x080019dc   0x00000018   Code   RO         1307    i.Usart2_SendStr_length  usart2.o
    0x080019f4   0x080019f4   0x00000028   Code   RO         2393    i.__ARM_fpclassify  m_ws.l(fpclassify.o)
    0x08001a1c   0x08001a1c   0x0000000e   Code   RO         2180    i._is_digit         c_w.l(__printf_wp.o)
    0x08001a2a   0x08001a2a   0x00000004   Code   RO         1540    i._sys_exit         port_debug.o
    0x08001a2e   0x08001a2e   0x00000002   PAD
    0x08001a30   0x08001a30   0x00000038   Code   RO         1404    i.ads1292r_get_value  ads1292r.o
    0x08001a68   0x08001a68   0x00000108   Code   RO         1405    i.ads1292r_init     ads1292r.o
    0x08001b70   0x08001b70   0x000000c0   Code   RO         1406    i.ads1292r_normal_adc_start  ads1292r.o
    0x08001c30   0x08001c30   0x00000050   Code   RO         1408    i.ads1292r_rw_reg   ads1292r.o
    0x08001c80   0x08001c80   0x00000034   Code   RO         1409    i.ads1292r_send_cmd  ads1292r.o
    0x08001cb4   0x08001cb4   0x0000005c   Code   RO         1411    i.ads1292r_write_multiregs  ads1292r.o
    0x08001d10   0x08001d10   0x00000044   Code   RO         1266    i.delay_init        delay.o
    0x08001d54   0x08001d54   0x00000024   Code   RO         1344    i.i24toi32          my_app.o
    0x08001d78   0x08001d78   0x00000028   Code   RO           24    i.main              main.o
    0x08001da0   0x08001da0   0x00000360   Code   RO         1345    i.my_app            my_app.o
    0x08002100   0x08002100   0x00000014   Code   RO         1346    i.my_app_init       my_app.o
    0x08002114   0x08002114   0x00000044   Code   RO         1513    i.port_delay_init   port_delay.o
    0x08002158   0x08002158   0x00000064   Code   RO         1514    i.port_delay_ms     port_delay.o
    0x080021bc   0x080021bc   0x00000064   Code   RO         1515    i.port_delay_us     port_delay.o
    0x08002220   0x08002220   0x0000005c   Code   RO         1497    i.port_gpio_init    port_gpio.o
    0x0800227c   0x0800227c   0x0000007c   Code   RO         1479    i.port_spi_init     port_spi.o
    0x080022f8   0x080022f8   0x00000054   Code   RO         1480    i.port_spi_transmit_receive  port_spi.o
    0x0800234c   0x0800234c   0x00000058   Code   RO         1347    i.tx_ads_data       my_app.o
    0x080023a4   0x080023a4   0x000000ac   Code   RO         1238    i.usart1_init       usart.o
    0x08002450   0x08002450   0x0000002c   Code   RO         2389    locale$$code        c_w.l(lc_numeric_c.o)
    0x0800247c   0x0800247c   0x00000150   Code   RO         2199    x$fpl$dadd          fz_ws.l(daddsub_clz.o)
    0x080025cc   0x080025cc   0x00000018   Code   RO         2309    x$fpl$dcmpinf       fz_ws.l(dcmpi.o)
    0x080025e4   0x080025e4   0x000002b0   Code   RO         2206    x$fpl$ddiv          fz_ws.l(ddiv.o)
    0x08002894   0x08002894   0x0000002e   Code   RO         2210    x$fpl$dflt          fz_ws.l(dflt_clz.o)
    0x080028c2   0x080028c2   0x00000026   Code   RO         2209    x$fpl$dfltu         fz_ws.l(dflt_clz.o)
    0x080028e8   0x080028e8   0x00000078   Code   RO         2215    x$fpl$dleqf         fz_ws.l(dleqf.o)
    0x08002960   0x08002960   0x0000009c   Code   RO         2311    x$fpl$dnaninf       fz_ws.l(dnaninf.o)
    0x080029fc   0x080029fc   0x0000000c   Code   RO         2313    x$fpl$dretinf       fz_ws.l(dretinf.o)
    0x08002a08   0x08002a08   0x0000006c   Code   RO         2217    x$fpl$drleqf        fz_ws.l(drleqf.o)
    0x08002a74   0x08002a74   0x000001d4   Code   RO         2201    x$fpl$dsub          fz_ws.l(daddsub_clz.o)
    0x08002c48   0x08002c48   0x00000056   Code   RO         2219    x$fpl$f2d           fz_ws.l(f2d.o)
    0x08002c9e   0x08002c9e   0x00000018   Code   RO         2315    x$fpl$fcmpinf       fz_ws.l(fcmpi.o)
    0x08002cb6   0x08002cb6   0x00000002   PAD
    0x08002cb8   0x08002cb8   0x00000184   Code   RO         2222    x$fpl$fdiv          fz_ws.l(fdiv.o)
    0x08002e3c   0x08002e3c   0x00000030   Code   RO         2226    x$fpl$fflt          fz_ws.l(fflt_clz.o)
    0x08002e6c   0x08002e6c   0x00000068   Code   RO         2231    x$fpl$fleqf         fz_ws.l(fleqf.o)
    0x08002ed4   0x08002ed4   0x0000008c   Code   RO         2317    x$fpl$fnaninf       fz_ws.l(fnaninf.o)
    0x08002f60   0x08002f60   0x0000000a   Code   RO         2319    x$fpl$fretinf       fz_ws.l(fretinf.o)
    0x08002f6a   0x08002f6a   0x00000062   Code   RO         2233    x$fpl$frleqf        fz_ws.l(frleqf.o)
    0x08002fcc   0x08002fcc   0x00000004   Code   RO         2235    x$fpl$printf1       fz_ws.l(printf1.o)
    0x08002fd0   0x08002fd0   0x00000000   Code   RO         2327    x$fpl$usenofp       fz_ws.l(usenofp.o)
    0x08002fd0   0x08002fd0   0x00000011   Data   RO         2188    .constdata          c_w.l(__printf_flags_ss_wp.o)
    0x08002fe1   0x08002fe1   0x00000003   PAD
    0x08002fe4   0x08002fe4   0x00000094   Data   RO         2362    .constdata          c_w.l(bigflt0.o)
    0x08003078   0x08003078   0x00000020   Data   RO         2533    Region$$Table       anon$$obj.o
    0x08003098   0x08003098   0x0000001c   Data   RO         2388    locale$$data        c_w.l(lc_numeric_c.o)


    Execution Region RW_IRAM1 (Exec base: 0x20000000, Load base: 0x080030b4, Size: 0x00000db0, Max: 0x00005000, ABSOLUTE)

    Exec Addr    Load Addr    Size         Type   Attr      Idx    E Section Name        Object

    0x20000000   0x080030b4   0x00000014   Data   RW          320    .data               system_stm32f10x.o
    0x20000014   0x080030c8   0x00000014   Data   RW          382    .data               stm32f10x_rcc.o
    0x20000028   0x080030dc   0x00000002   Data   RW         1240    .data               usart.o
    0x2000002a   0x080030de   0x00000004   Data   RW         1270    .data               delay.o
    0x2000002e   0x080030e2   0x00000002   PAD
    0x20000030   0x080030e4   0x00000074   Data   RW         1349    .data               my_app.o
    0x200000a4   0x08003158   0x0000000c   Data   RW         1412    .data               ads1292r.o
    0x200000b0   0x08003164   0x00000005   Data   RW         1516    .data               port_delay.o
    0x200000b5   0x08003169   0x00000003   PAD
    0x200000b8        -       0x00000692   Zero   RW         1348    .bss                my_app.o
    0x2000074a   0x08003169   0x00000002   PAD
    0x2000074c        -       0x00000060   Zero   RW         2396    .bss                c_w.l(libspace.o)
    0x200007ac   0x08003169   0x00000004   PAD
    0x200007b0        -       0x00000200   Zero   RW           18    HEAP                startup_stm32f10x_hd.o
    0x200009b0        -       0x00000400   Zero   RW           17    STACK               startup_stm32f10x_hd.o


==============================================================================

Image component sizes


      Code (inc. data)   RO Data    RW Data    ZI Data      Debug   Object Name

       736         50          0         12          0       4890   ads1292r.o
         0          0          0          0          0       4528   core_cm3.o
        68         18          0          4          0        741   delay.o
        40          0          0          0          0      30655   main.o
       172         22          0          0          0       2313   misc.o
      1008        184          0        116       1682       4331   my_app.o
         4          0          0          0          0        468   port_debug.o
       268         38          0          5          0       2010   port_delay.o
        92          8          0          0          0        549   port_gpio.o
       208         16          0          0          0       1332   port_spi.o
        64         26        304          0       1536        832   startup_stm32f10x_hd.o
       278          0          0          0          0     203852   stm32f10x_gpio.o
        26          0          0          0          0      34234   stm32f10x_it.o
       340         44          0         20          0     209384   stm32f10x_rcc.o
       112          0          0          0          0       4158   stm32f10x_spi.o
       448         28          0          0          0       5481   stm32f10x_usart.o
       328         28          0         20          0       2381   system_stm32f10x.o
       174         12          0          2          0       2062   usart.o
       188         12          0          0          0       2348   usart2.o

    ----------------------------------------------------------------------
      4568        486        336        184       3220     516549   Object Totals
         0          0         32          0          0          0   (incl. Generated)
        14          0          0          5          2          0   (incl. Padding)

    ----------------------------------------------------------------------

      Code (inc. data)   RO Data    RW Data    ZI Data      Debug   Library Member Name

        44          6          0          0          0         84   __2sprintf.o
         8          0          0          0          0         68   __main.o
       392          4         17          0          0         92   __printf_flags_ss_wp.o
        14          0          0          0          0         68   __printf_wp.o
         0          0          0          0          0          0   __rtentry.o
        12          0          0          0          0          0   __rtentry2.o
         6          0          0          0          0          0   __rtentry4.o
        52          8          0          0          0          0   __scatter.o
        26          0          0          0          0          0   __scatter_copy.o
        28          0          0          0          0          0   __scatter_zi.o
        48          6          0          0          0         96   _printf_char_common.o
         6          0          0          0          0          0   _printf_f.o
      1050          0          0          0          0        216   _printf_fp_dec.o
       128         16          0          0          0         84   _printf_fp_infnan.o
         0          0          0          0          0          0   _printf_percent.o
         4          0          0          0          0          0   _printf_percent_end.o
        10          0          0          0          0         68   _sputc.o
       220          4        148          0          0         96   bigflt0.o
      1910        128          0          0          0        672   btod.o
        18          0          0          0          0         80   exit.o
         6          0          0          0          0        152   heapauxi.o
        44         10         28          0          0         76   lc_numeric_c.o
         2          0          0          0          0          0   libinit.o
        18          0          0          0          0          0   libinit2.o
         2          0          0          0          0          0   libshutdown.o
         2          0          0          0          0          0   libshutdown2.o
         8          4          0          0         96         68   libspace.o
       138          0          0          0          0         80   lludiv10.o
         8          4          0          0          0         68   rt_locale_intlibspace.o
         2          0          0          0          0          0   rtexit.o
        10          0          0          0          0          0   rtexit2.o
       128          0          0          0          0         68   strcmpv7m.o
        74          0          0          0          0         80   sys_stackheap_outer.o
         2          0          0          0          0         68   use_no_semi.o
       804         16          0          0          0        272   daddsub_clz.o
        24          0          0          0          0         68   dcmpi.o
       688        140          0          0          0        208   ddiv.o
        84          0          0          0          0        136   dflt_clz.o
       120          4          0          0          0         92   dleqf.o
       156          4          0          0          0         92   dnaninf.o
        12          0          0          0          0         68   dretinf.o
       108          0          0          0          0         80   drleqf.o
        86          4          0          0          0         84   f2d.o
        24          0          0          0          0         68   fcmpi.o
       388         76          0          0          0         96   fdiv.o
        48          0          0          0          0         68   fflt_clz.o
       104          4          0          0          0         84   fleqf.o
       140          4          0          0          0         84   fnaninf.o
        10          0          0          0          0         68   fretinf.o
        98          0          0          0          0         68   frleqf.o
         4          0          0          0          0         68   printf1.o
         0          0          0          0          0          0   usenofp.o
        40          0          0          0          0         68   fpclassify.o

    ----------------------------------------------------------------------
      7368        442        196          0        100       4056   Library Totals
        10          0          3          0          4          0   (incl. Padding)

    ----------------------------------------------------------------------

      Code (inc. data)   RO Data    RW Data    ZI Data      Debug   Library Name

      4420        190        193          0         96       2284   c_w.l
      2898        252          0          0          0       1704   fz_ws.l
        40          0          0          0          0         68   m_ws.l

    ----------------------------------------------------------------------
      7368        442        196          0        100       4056   Library Totals

    ----------------------------------------------------------------------

==============================================================================


      Code (inc. data)   RO Data    RW Data    ZI Data      Debug   

     11936        928        532        184       3320     515713   Grand Totals
     11936        928        532        184       3320     515713   ELF Image Totals
     11936        928        532        184          0          0   ROM Totals

==============================================================================

    Total RO  Size (Code + RO Data)                12468 (  12.18kB)
    Total RW  Size (RW Data + ZI Data)              3504 (   3.42kB)
    Total ROM Size (Code + RO Data + RW Data)      12652 (  12.36kB)

==============================================================================

