Component: ARM Compiler 5.06 update 1 (build 61) Tool: armlink [4d35a8]

==============================================================================

Section Cross References

    main.o(i.main) refers to sys.o(i.RCC_Configuration) for RCC_Configuration
    main.o(i.main) refers to usart.o(i.usart1_init) for usart1_init
    main.o(i.main) refers to my_app.o(i.my_app_init) for my_app_init
    main.o(i.main) refers to my_app.o(i.my_app) for my_app
    system_stm32f10x.o(i.SetSysClock) refers to system_stm32f10x.o(i.SetSysClockTo72) for SetSysClockTo72
    system_stm32f10x.o(i.SystemCoreClockUpdate) refers to system_stm32f10x.o(.data) for SystemCoreClock
    system_stm32f10x.o(i.SystemInit) refers to system_stm32f10x.o(i.SetSysClock) for SetSysClock
    startup_stm32f10x_hd.o(STACK) refers (Special) to heapauxi.o(.text) for __use_two_region_memory
    startup_stm32f10x_hd.o(HEAP) refers (Special) to heapauxi.o(.text) for __use_two_region_memory
    startup_stm32f10x_hd.o(RESET) refers (Special) to heapauxi.o(.text) for __use_two_region_memory
    startup_stm32f10x_hd.o(RESET) refers to startup_stm32f10x_hd.o(STACK) for __initial_sp
    startup_stm32f10x_hd.o(RESET) refers to startup_stm32f10x_hd.o(.text) for Reset_Handler
    startup_stm32f10x_hd.o(RESET) refers to stm32f10x_it.o(i.NMI_Handler) for NMI_Handler
    startup_stm32f10x_hd.o(RESET) refers to stm32f10x_it.o(i.HardFault_Handler) for HardFault_Handler
    startup_stm32f10x_hd.o(RESET) refers to stm32f10x_it.o(i.MemManage_Handler) for MemManage_Handler
    startup_stm32f10x_hd.o(RESET) refers to stm32f10x_it.o(i.BusFault_Handler) for BusFault_Handler
    startup_stm32f10x_hd.o(RESET) refers to stm32f10x_it.o(i.UsageFault_Handler) for UsageFault_Handler
    startup_stm32f10x_hd.o(RESET) refers to stm32f10x_it.o(i.SVC_Handler) for SVC_Handler
    startup_stm32f10x_hd.o(RESET) refers to stm32f10x_it.o(i.DebugMon_Handler) for DebugMon_Handler
    startup_stm32f10x_hd.o(RESET) refers to stm32f10x_it.o(i.PendSV_Handler) for PendSV_Handler
    startup_stm32f10x_hd.o(RESET) refers to stm32f10x_it.o(i.SysTick_Handler) for SysTick_Handler
    startup_stm32f10x_hd.o(RESET) refers to usart.o(i.USART1_IRQHandler) for USART1_IRQHandler
    startup_stm32f10x_hd.o(.text) refers (Special) to heapauxi.o(.text) for __use_two_region_memory
    startup_stm32f10x_hd.o(.text) refers to system_stm32f10x.o(i.SystemInit) for SystemInit
    startup_stm32f10x_hd.o(.text) refers to __main.o(!!!main) for __main
    startup_stm32f10x_hd.o(.text) refers to startup_stm32f10x_hd.o(HEAP) for Heap_Mem
    startup_stm32f10x_hd.o(.text) refers to startup_stm32f10x_hd.o(STACK) for Stack_Mem
    stm32f10x_gpio.o(i.GPIO_AFIODeInit) refers to stm32f10x_rcc.o(i.RCC_APB2PeriphResetCmd) for RCC_APB2PeriphResetCmd
    stm32f10x_gpio.o(i.GPIO_DeInit) refers to stm32f10x_rcc.o(i.RCC_APB2PeriphResetCmd) for RCC_APB2PeriphResetCmd
    stm32f10x_rcc.o(i.RCC_GetClocksFreq) refers to stm32f10x_rcc.o(.data) for APBAHBPrescTable
    stm32f10x_rcc.o(i.RCC_WaitForHSEStartUp) refers to stm32f10x_rcc.o(i.RCC_GetFlagStatus) for RCC_GetFlagStatus
    stm32f10x_tim.o(i.TIM_DeInit) refers to stm32f10x_rcc.o(i.RCC_APB2PeriphResetCmd) for RCC_APB2PeriphResetCmd
    stm32f10x_tim.o(i.TIM_DeInit) refers to stm32f10x_rcc.o(i.RCC_APB1PeriphResetCmd) for RCC_APB1PeriphResetCmd
    stm32f10x_tim.o(i.TIM_ETRClockMode1Config) refers to stm32f10x_tim.o(i.TIM_ETRConfig) for TIM_ETRConfig
    stm32f10x_tim.o(i.TIM_ETRClockMode2Config) refers to stm32f10x_tim.o(i.TIM_ETRConfig) for TIM_ETRConfig
    stm32f10x_tim.o(i.TIM_ICInit) refers to stm32f10x_tim.o(i.TI1_Config) for TI1_Config
    stm32f10x_tim.o(i.TIM_ICInit) refers to stm32f10x_tim.o(i.TIM_SetIC1Prescaler) for TIM_SetIC1Prescaler
    stm32f10x_tim.o(i.TIM_ICInit) refers to stm32f10x_tim.o(i.TI2_Config) for TI2_Config
    stm32f10x_tim.o(i.TIM_ICInit) refers to stm32f10x_tim.o(i.TIM_SetIC2Prescaler) for TIM_SetIC2Prescaler
    stm32f10x_tim.o(i.TIM_ICInit) refers to stm32f10x_tim.o(i.TI3_Config) for TI3_Config
    stm32f10x_tim.o(i.TIM_ICInit) refers to stm32f10x_tim.o(i.TIM_SetIC3Prescaler) for TIM_SetIC3Prescaler
    stm32f10x_tim.o(i.TIM_ICInit) refers to stm32f10x_tim.o(i.TI4_Config) for TI4_Config
    stm32f10x_tim.o(i.TIM_ICInit) refers to stm32f10x_tim.o(i.TIM_SetIC4Prescaler) for TIM_SetIC4Prescaler
    stm32f10x_tim.o(i.TIM_ITRxExternalClockConfig) refers to stm32f10x_tim.o(i.TIM_SelectInputTrigger) for TIM_SelectInputTrigger
    stm32f10x_tim.o(i.TIM_PWMIConfig) refers to stm32f10x_tim.o(i.TI1_Config) for TI1_Config
    stm32f10x_tim.o(i.TIM_PWMIConfig) refers to stm32f10x_tim.o(i.TIM_SetIC1Prescaler) for TIM_SetIC1Prescaler
    stm32f10x_tim.o(i.TIM_PWMIConfig) refers to stm32f10x_tim.o(i.TI2_Config) for TI2_Config
    stm32f10x_tim.o(i.TIM_PWMIConfig) refers to stm32f10x_tim.o(i.TIM_SetIC2Prescaler) for TIM_SetIC2Prescaler
    stm32f10x_tim.o(i.TIM_TIxExternalClockConfig) refers to stm32f10x_tim.o(i.TI2_Config) for TI2_Config
[...]
    .ARM.Collect$$libshutdown$$00000000      0x08000254   Section        2  libshutdown.o(.ARM.Collect$$libshutdown$$00000000)
    .ARM.Collect$$libshutdown$$00000002      0x08000256   Section        0  libshutdown2.o(.ARM.Collect$$libshutdown$$00000002)
    .ARM.Collect$$libshutdown$$00000004      0x08000256   Section        0  libshutdown2.o(.ARM.Collect$$libshutdown$$00000004)
    .ARM.Collect$$libshutdown$$00000007      0x08000256   Section        0  libshutdown2.o(.ARM.Collect$$libshutdown$$00000007)
    .ARM.Collect$$libshutdown$$0000000A      0x08000256   Section        0  libshutdown2.o(.ARM.Collect$$libshutdown$$0000000A)
    .ARM.Collect$$libshutdown$$0000000C      0x08000256   Section        0  libshutdown2.o(.ARM.Collect$$libshutdown$$0000000C)
    .ARM.Collect$$libshutdown$$0000000F      0x08000256   Section        0  libshutdown2.o(.ARM.Collect$$libshutdown$$0000000F)
    .ARM.Collect$$libshutdown$$00000010      0x08000256   Section        2  libshutdown2.o(.ARM.Collect$$libshutdown$$00000010)
    .ARM.Collect$$rtentry$$00000000          0x08000258   Section        0  __rtentry.o(.ARM.Collect$$rtentry$$00000000)
    .ARM.Collect$$rtentry$$00000002          0x08000258   Section        0  __rtentry2.o(.ARM.Collect$$rtentry$$00000002)
    .ARM.Collect$$rtentry$$00000004          0x08000258   Section        6  __rtentry4.o(.ARM.Collect$$rtentry$$00000004)
    .ARM.Collect$$rtentry$$00000009          0x0800025e   Section        0  __rtentry2.o(.ARM.Collect$$rtentry$$00000009)
    .ARM.Collect$$rtentry$$0000000A          0x0800025e   Section        4  __rtentry2.o(.ARM.Collect$$rtentry$$0000000A)
    .ARM.Collect$$rtentry$$0000000C          0x08000262   Section        0  __rtentry2.o(.ARM.Collect$$rtentry$$0000000C)
    .ARM.Collect$$rtentry$$0000000D          0x08000262   Section        8  __rtentry2.o(.ARM.Collect$$rtentry$$0000000D)
    .ARM.Collect$$rtexit$$00000000           0x0800026a   Section        2  rtexit.o(.ARM.Collect$$rtexit$$00000000)
    .ARM.Collect$$rtexit$$00000002           0x0800026c   Section        0  rtexit2.o(.ARM.Collect$$rtexit$$00000002)
    .ARM.Collect$$rtexit$$00000003           0x0800026c   Section        4  rtexit2.o(.ARM.Collect$$rtexit$$00000003)
    .ARM.Collect$$rtexit$$00000004           0x08000270   Section        6  rtexit2.o(.ARM.Collect$$rtexit$$00000004)
    .text                                    0x08000278   Section       64  startup_stm32f10x_hd.o(.text)
    .text                                    0x080002b8   Section        2  use_no_semi.o(.text)
    .text                                    0x080002bc   Section        0  vprintf.o(.text)
    .text                                    0x080002c8   Section        0  __2printf.o(.text)
    .text                                    0x080002e0   Section        0  _printf_str.o(.text)
    .text                                    0x08000334   Section        0  __printf_flags_ss_wp.o(.text)
    .text                                    0x080004bc   Section        0  heapauxi.o(.text)
    .text                                    0x080004c2   Section        0  _printf_pad.o(.text)
    .text                                    0x08000510   Section        0  _printf_truncate.o(.text)
    .text                                    0x08000534   Section        0  _printf_dec.o(.text)
    .text                                    0x080005ac   Section        0  _printf_charcount.o(.text)
    .text                                    0x080005d4   Section        0  _printf_char.o(.text)
    .text                                    0x08000600   Section        0  _printf_char_file.o(.text)
    .text                                    0x08000624   Section        0  _printf_wctomb.o(.text)
    .text                                    0x080006e0   Section        0  _printf_longlong_dec.o(.text)
    .text                                    0x0800075c   Section        0  _printf_oct_int_ll.o(.text)
    _printf_longlong_oct_internal            0x0800075d   Thumb Code     0  _printf_oct_int_ll.o(.text)
    .text                                    0x080007cc   Section        0  _printf_hex_int_ll_ptr.o(.text)
    _printf_hex_common                       0x080007cd   Thumb Code     0  _printf_hex_int_ll_ptr.o(.text)
    .text                                    0x08000860   Section      138  lludiv10.o(.text)
    .text                                    0x080008ea   Section        0  _printf_intcommon.o(.text)
    .text                                    0x0800099c   Section        0  _printf_fp_dec.o(.text)
    _fp_digits                               0x0800099f   Thumb Code   428  _printf_fp_dec.o(.text)
    .text                                    0x08000db8   Section        0  _printf_fp_hex.o(.text)
    .text                                    0x080010b4   Section        0  _printf_char_common.o(.text)
    _printf_input_char                       0x080010b5   Thumb Code    10  _printf_char_common.o(.text)
    .text                                    0x080010e4   Section        0  _printf_wchar.o(.text)
    .text                                    0x08001110   Section        0  _wcrtomb.o(.text)
    .text                                    0x08001150   Section       74  sys_stackheap_outer.o(.text)
    .text                                    0x0800119c   Section       16  rt_ctype_table.o(.text)
    .text                                    0x080011ac   Section        8  rt_locale_intlibspace.o(.text)
    .text                                    0x080011b4   Section        0  _printf_fp_infnan.o(.text)
    .text                                    0x08001234   Section        0  bigflt0.o(.text)
    .text                                    0x08001310   Section        0  exit.o(.text)
    .text                                    0x08001324   Section        8  libspace.o(.text)
    .text                                    0x0800132c   Section      128  strcmpv7m.o(.text)
    CL$$btod_d2e                             0x080013ac   Section       62  btod.o(CL$$btod_d2e)
    CL$$btod_d2e_denorm_low                  0x080013ea   Section       70  btod.o(CL$$btod_d2e_denorm_low)
    CL$$btod_d2e_norm_op1                    0x08001430   Section       96  btod.o(CL$$btod_d2e_norm_op1)
    CL$$btod_div_common                      0x08001490   Section      824  btod.o(CL$$btod_div_common)
    CL$$btod_e2e                             0x080017c8   Section      198  btod.o(CL$$btod_e2e)
    CL$$btod_ediv                            0x0800188e   Section       40  btod.o(CL$$btod_ediv)
    CL$$btod_emul                            0x080018b6   Section       40  btod.o(CL$$btod_emul)
    CL$$btod_mult_common                     0x080018de   Section      580  btod.o(CL$$btod_mult_common)
    i.BusFault_Handler                       0x08001b22   Section        0  stm32f10x_it.o(i.BusFault_Handler)
    i.DebugMon_Handler                       0x08001b26   Section        0  stm32f10x_it.o(i.DebugMon_Handler)
    i.GPIO_Init                              0x08001b28   Section        0  stm32f10x_gpio.o(i.GPIO_Init)
    i.HardFault_Handler                      0x08001c3e   Section        0  stm32f10x_it.o(i.HardFault_Handler)
    i.MemManage_Handler                      0x08001c42   Section        0  stm32f10x_it.o(i.MemManage_Handler)
    i.NMI_Handler                            0x08001c46   Section        0  stm32f10x_it.o(i.NMI_Handler)
    i.NVIC_Init                              0x08001c48   Section        0  misc.o(i.NVIC_Init)
    i.PendSV_Handler                         0x08001cb8   Section        0  stm32f10x_it.o(i.PendSV_Handler)
    i.RCC_APB1PeriphResetCmd                 0x08001cbc   Section        0  stm32f10x_rcc.o(i.RCC_APB1PeriphResetCmd)
    i.RCC_APB2PeriphClockCmd                 0x08001cdc   Section        0  stm32f10x_rcc.o(i.RCC_APB2PeriphClockCmd)
    i.RCC_APB2PeriphResetCmd                 0x08001cfc   Section        0  stm32f10x_rcc.o(i.RCC_APB2PeriphResetCmd)
    i.RCC_Configuration                      0x08001d1c   Section        0  sys.o(i.RCC_Configuration)
    i.RCC_DeInit                             0x08001d78   Section        0  stm32f10x_rcc.o(i.RCC_DeInit)
    i.RCC_GetClocksFreq                      0x08001dc4   Section        0  stm32f10x_rcc.o(i.RCC_GetClocksFreq)
    i.RCC_GetFlagStatus                      0x08001e98   Section        0  stm32f10x_rcc.o(i.RCC_GetFlagStatus)
    i.RCC_GetSYSCLKSource                    0x08001ed4   Section        0  stm32f10x_rcc.o(i.RCC_GetSYSCLKSource)
    i.RCC_HCLKConfig                         0x08001ee4   Section        0  stm32f10x_rcc.o(i.RCC_HCLKConfig)
    i.RCC_HSEConfig                          0x08001efc   Section        0  stm32f10x_rcc.o(i.RCC_HSEConfig)
    i.RCC_PCLK1Config                        0x08001f48   Section        0  stm32f10x_rcc.o(i.RCC_PCLK1Config)
    i.RCC_PCLK2Config                        0x08001f60   Section        0  stm32f10x_rcc.o(i.RCC_PCLK2Config)
    i.RCC_PLLCmd                             0x08001f78   Section        0  stm32f10x_rcc.o(i.RCC_PLLCmd)
    i.RCC_PLLConfig                          0x08001f84   Section        0  stm32f10x_rcc.o(i.RCC_PLLConfig)
    i.RCC_SYSCLKConfig                       0x08001fa0   Section        0  stm32f10x_rcc.o(i.RCC_SYSCLKConfig)
    i.RCC_WaitForHSEStartUp                  0x08001fb8   Section        0  stm32f10x_rcc.o(i.RCC_WaitForHSEStartUp)
    i.SVC_Handler                            0x08001ff0   Section        0  stm32f10x_it.o(i.SVC_Handler)
    i.SetSysClock                            0x08001ff2   Section        0  system_stm32f10x.o(i.SetSysClock)
    SetSysClock                              0x08001ff3   Thumb Code     8  system_stm32f10x.o(i.SetSysClock)
    i.SetSysClockTo72                        0x08001ffc   Section        0  system_stm32f10x.o(i.SetSysClockTo72)
    SetSysClockTo72                          0x08001ffd   Thumb Code   214  system_stm32f10x.o(i.SetSysClockTo72)
    i.SysTick_CLKSourceConfig                0x080020dc   Section        0  misc.o(i.SysTick_CLKSourceConfig)
    i.SysTick_Handler                        0x08002104   Section        0  stm32f10x_it.o(i.SysTick_Handler)
    i.SystemInit                             0x08002108   Section        0  system_stm32f10x.o(i.SystemInit)
    i.USART1_IRQHandler                      0x08002168   Section        0  usart.o(i.USART1_IRQHandler)
    i.USART_ClearFlag                        0x0800216a   Section        0  stm32f10x_usart.o(i.USART_ClearFlag)
    i.USART_Cmd                              0x0800217c   Section        0  stm32f10x_usart.o(i.USART_Cmd)
    i.USART_DeInit                           0x08002194   Section        0  stm32f10x_usart.o(i.USART_DeInit)
    i.USART_Init                             0x08002230   Section        0  stm32f10x_usart.o(i.USART_Init)
    i.UsageFault_Handler                     0x08002308   Section        0  stm32f10x_it.o(i.UsageFault_Handler)
    i.__ARM_fpclassify                       0x0800230c   Section        0  fpclassify.o(i.__ARM_fpclassify)
    i._is_digit                              0x08002334   Section        0  __printf_wp.o(i._is_digit)
    i._sys_exit                              0x08002342   Section        0  port_debug.o(i._sys_exit)
    i.ferror                                 0x08002346   Section        0  port_debug.o(i.ferror)
    i.fputc                                  0x08002350   Section        0  port_debug.o(i.fputc)
    i.haltserach                             0x0800236c   Section        0  lmt70.o(i.haltserach)
    haltserach                               0x0800236d   Thumb Code    70  lmt70.o(i.haltserach)
    i.iic_init                               0x080023b8   Section        0  port_iic.o(i.iic_init)
    i.iic_master_receive                     0x080023f4   Section        0  port_iic.o(i.iic_master_receive)
    i.iic_read_byte                          0x08002484   Section        0  port_iic.o(i.iic_read_byte)
    iic_read_byte                            0x08002485   Thumb Code    84  port_iic.o(i.iic_read_byte)
    i.iic_send_ack                           0x080024e4   Section        0  port_iic.o(i.iic_send_ack)
    iic_send_ack                             0x080024e5   Thumb Code    66  port_iic.o(i.iic_send_ack)
    i.iic_send_byte                          0x08002534   Section        0  port_iic.o(i.iic_send_byte)
    iic_send_byte                            0x08002535   Thumb Code   106  port_iic.o(i.iic_send_byte)
    i.iic_send_nack                          0x080025ac   Section        0  port_iic.o(i.iic_send_nack)
    iic_send_nack                            0x080025ad   Thumb Code    66  port_iic.o(i.iic_send_nack)
    i.iic_start                              0x080025fc   Section        0  port_iic.o(i.iic_start)
    iic_start                                0x080025fd   Thumb Code    64  port_iic.o(i.iic_start)
    i.iic_stop                               0x08002648   Section        0  port_iic.o(i.iic_stop)
    iic_stop                                 0x08002649   Thumb Code    62  port_iic.o(i.iic_stop)
    i.iic_wait_ack                           0x08002694   Section        0  port_iic.o(i.iic_wait_ack)
    iic_wait_ack                             0x08002695   Thumb Code    84  port_iic.o(i.iic_wait_ack)
    i.lmt70_get_temp                         0x080026f4   Section        0  lmt70.o(i.lmt70_get_temp)
    i.lmt70_init                             0x08002760   Section        0  lmt70.o(i.lmt70_init)
    i.main                                   0x08002762   Section        0  main.o(i.main)
    i.mcp3421_init                           0x0800277a   Section        0  mcp3421.o(i.mcp3421_init)
    i.mcp3421_one_conversion                 0x08002798   Section        0  mcp3421.o(i.mcp3421_one_conversion)
    i.my_app                                 0x080029e4   Section        0  my_app.o(i.my_app)
    i.my_app_init                            0x08002a7c   Section        0  my_app.o(i.my_app_init)
    i.port_delay_init                        0x08002a90   Section        0  port_delay.o(i.port_delay_init)
    port_delay_init                          0x08002a91   Thumb Code    50  port_delay.o(i.port_delay_init)
    i.port_delay_ms                          0x08002ad4   Section        0  port_delay.o(i.port_delay_ms)
    i.port_delay_us                          0x08002b38   Section        0  port_delay.o(i.port_delay_us)
    i.pr                                     0x08002b9c   Section        0  port_debug.o(i.pr)
    i.usart1_init                            0x08002bdc   Section        0  usart.o(i.usart1_init)
    locale$$code                             0x08002c88   Section       44  lc_numeric_c.o(locale$$code)
    locale$$code                             0x08002cb4   Section       44  lc_ctype_c.o(locale$$code)
    x$fpl$d2f                                0x08002ce0   Section       98  d2f.o(x$fpl$d2f)
    x$fpl$ddiv                               0x08002d44   Section      688  ddiv.o(x$fpl$ddiv)
    ddiv_entry                               0x08002d4b   Thumb Code     0  ddiv.o(x$fpl$ddiv)
    x$fpl$dfltu                              0x08002ff4   Section       38  dflt_clz.o(x$fpl$dfltu)
    x$fpl$dmul                               0x0800301c   Section      340  dmul.o(x$fpl$dmul)
    x$fpl$dnaninf                            0x08003170   Section      156  dnaninf.o(x$fpl$dnaninf)
    x$fpl$dretinf                            0x0800320c   Section       12  dretinf.o(x$fpl$dretinf)
    x$fpl$f2d                                0x08003218   Section       86  f2d.o(x$fpl$f2d)
    x$fpl$fadd                               0x08003270   Section      196  faddsub_clz.o(x$fpl$fadd)
    _fadd1                                   0x0800327f   Thumb Code     0  faddsub_clz.o(x$fpl$fadd)
    x$fpl$fcmpinf                            0x08003334   Section       24  fcmpi.o(x$fpl$fcmpinf)
    x$fpl$fdiv                               0x0800334c   Section      388  fdiv.o(x$fpl$fdiv)
    _fdiv1                                   0x0800334d   Thumb Code     0  fdiv.o(x$fpl$fdiv)
    x$fpl$ffix                               0x080034d0   Section       54  ffix.o(x$fpl$ffix)
    x$fpl$fflt                               0x08003508   Section       48  fflt_clz.o(x$fpl$fflt)
    x$fpl$fleqf                              0x08003538   Section      104  fleqf.o(x$fpl$fleqf)
    x$fpl$fmul                               0x080035a0   Section      258  fmul.o(x$fpl$fmul)
    x$fpl$fnaninf                            0x080036a2   Section      140  fnaninf.o(x$fpl$fnaninf)
    x$fpl$fretinf                            0x0800372e   Section       10  fretinf.o(x$fpl$fretinf)
    x$fpl$frleqf                             0x08003738   Section       98  frleqf.o(x$fpl$frleqf)
    x$fpl$frsb                               0x0800379a   Section       20  faddsub_clz.o(x$fpl$frsb)
    x$fpl$fsub                               0x080037b0   Section      234  faddsub_clz.o(x$fpl$fsub)
    _fsub1                                   0x080037bf   Thumb Code     0  faddsub_clz.o(x$fpl$fsub)
    x$fpl$printf1                            0x0800389a   Section        4  printf1.o(x$fpl$printf1)
    x$fpl$printf2                            0x0800389e   Section        4  printf2.o(x$fpl$printf2)
    .constdata                               0x080038a2   Section       17  __printf_flags_ss_wp.o(.constdata)
    x$fpl$usenofp                            0x080038a2   Section        0  usenofp.o(x$fpl$usenofp)
    maptable                                 0x080038a2   Data          17  __printf_flags_ss_wp.o(.constdata)
    .constdata                               0x080038b4   Section        8  _printf_wctomb.o(.constdata)
    initial_mbstate                          0x080038b4   Data           8  _printf_wctomb.o(.constdata)
    .constdata                               0x080038bc   Section       40  _printf_hex_int_ll_ptr.o(.constdata)
    uc_hextab                                0x080038bc   Data          20  _printf_hex_int_ll_ptr.o(.constdata)
    lc_hextab                                0x080038d0   Data          20  _printf_hex_int_ll_ptr.o(.constdata)
    .constdata                               0x080038e4   Section       38  _printf_fp_hex.o(.constdata)
    lc_hextab                                0x080038e4   Data          19  _printf_fp_hex.o(.constdata)
    uc_hextab                                0x080038f7   Data          19  _printf_fp_hex.o(.constdata)
    .constdata                               0x0800390c   Section      148  bigflt0.o(.constdata)
    tenpwrs_x                                0x0800390c   Data          60  bigflt0.o(.constdata)
    tenpwrs_i                                0x08003948   Data          64  bigflt0.o(.constdata)
    locale$$data                             0x080039c0   Section       28  lc_numeric_c.o(locale$$data)
    __lcnum_c_name                           0x080039c4   Data           2  lc_numeric_c.o(locale$$data)
    __lcnum_c_start                          0x080039cc   Data           0  lc_numeric_c.o(locale$$data)
    __lcnum_c_point                          0x080039d8   Data           0  lc_numeric_c.o(locale$$data)
    __lcnum_c_thousands                      0x080039da   Data           0  lc_numeric_c.o(locale$$data)
    __lcnum_c_grouping                       0x080039db   Data           0  lc_numeric_c.o(locale$$data)
    locale$$data                             0x080039dc   Section      272  lc_ctype_c.o(locale$$data)
    __lcnum_c_end                            0x080039dc   Data           0  lc_numeric_c.o(locale$$data)
    __lcctype_c_name                         0x080039e0   Data           2  lc_ctype_c.o(locale$$data)
    __lcctype_c_start                        0x080039e8   Data           0  lc_ctype_c.o(locale$$data)
    __lcctype_c_end                          0x08003aec   Data           0  lc_ctype_c.o(locale$$data)
    .data                                    0x20000000   Section       20  system_stm32f10x.o(.data)
    .data                                    0x20000014   Section       20  stm32f10x_rcc.o(.data)
    APBAHBPrescTable                         0x20000014   Data          16  stm32f10x_rcc.o(.data)
    ADCPrescTable                            0x20000024   Data           4  stm32f10x_rcc.o(.data)
    .data                                    0x20000028   Section        2  usart.o(.data)
    .data                                    0x2000002c   Section       33  my_app.o(.data)
    .data                                    0x20000050   Section      168  lmt70.o(.data)
    .data                                    0x200000f8   Section        5  port_delay.o(.data)
    fac_us                                   0x200000f8   Data           1  port_delay.o(.data)
    fac_ms                                   0x200000fa   Data           2  port_delay.o(.data)
    delay_init_flag                          0x200000fc   Data           1  port_delay.o(.data)
    .data                                    0x20000100   Section       12  port_debug.o(.data)
    .bss                                     0x2000010c   Section       96  libspace.o(.bss)
    HEAP                                     0x20000170   Section      512  startup_stm32f10x_hd.o(HEAP)
    Heap_Mem                                 0x20000170   Data         512  startup_stm32f10x_hd.o(HEAP)
    STACK                                    0x20000370   Section     1024  startup_stm32f10x_hd.o(STACK)
    Stack_Mem                                0x20000370   Data        1024  startup_stm32f10x_hd.o(STACK)
    __initial_sp                             0x20000770   Data           0  startup_stm32f10x_hd.o(STACK)

    Global Symbols

    Symbol Name                              Value     Ov Type        Size  Object(Section)

    BuildAttributes$$THM_ISAv4$P$D$K$B$S$PE$A:L22UL41UL21$X:L11$S22US41US21$IEEE1$IW$USESV6$~STKCKD$USESV7$~SHL$OTIME$ROPI$IEEEJ$EBA8$UX$STANDARDLIB$REQ8$PRES8$EABIv2 0x00000000   Number         0  anon$$obj.o ABSOLUTE
    __ARM_use_no_argv                        0x00000000   Number         0  main.o ABSOLUTE
    _printf_flags                            0x00000000   Number         0  printf_stubs.o ABSOLUTE
    _printf_return_value                     0x00000000   Number         0  printf_stubs.o ABSOLUTE
    _printf_sizespec                         0x00000000   Number         0  printf_stubs.o ABSOLUTE
    _printf_widthprec                        0x00000000   Number         0  printf_stubs.o ABSOLUTE
    __ARM_exceptions_init                     - Undefined Weak Reference
    __alloca_initialize                       - Undefined Weak Reference
    __arm_preinit_                            - Undefined Weak Reference
    __cpp_initialize__aeabi_                  - Undefined Weak Reference
    __cxa_finalize                            - Undefined Weak Reference
    __sigvec_lookup                           - Undefined Weak Reference
    _atexit_init                              - Undefined Weak Reference
    _call_atexit_fns                          - Undefined Weak Reference
    _clock_init                               - Undefined Weak Reference
    _fp_trap_init                             - Undefined Weak Reference
    _fp_trap_shutdown                         - Undefined Weak Reference
    _get_lc_collate                           - Undefined Weak Reference
    _get_lc_monetary                          - Undefined Weak Reference
    _get_lc_time                              - Undefined Weak Reference
    _getenv_init                              - Undefined Weak Reference
    _handle_redirection                       - Undefined Weak Reference
    _init_alloc                               - Undefined Weak Reference
    _init_user_alloc                          - Undefined Weak Reference
    _initio                                   - Undefined Weak Reference
    _printf_mbtowc                            - Undefined Weak Reference
    _printf_wc                                - Undefined Weak Reference
    _rand_init                                - Undefined Weak Reference
    _signal_finish                            - Undefined Weak Reference
    _signal_init                              - Undefined Weak Reference
    _terminate_alloc                          - Undefined Weak Reference
    _terminate_user_alloc                     - Undefined Weak Reference
    _terminateio                              - Undefined Weak Reference
    __Vectors_Size                           0x00000130   Number         0  startup_stm32f10x_hd.o ABSOLUTE
    __Vectors                                0x08000000   Data           4  startup_stm32f10x_hd.o(RESET)
    __Vectors_End                            0x08000130   Data           0  startup_stm32f10x_hd.o(RESET)
    __main                                   0x08000131   Thumb Code     8  __main.o(!!!main)
    __scatterload                            0x08000139   Thumb Code     0  __scatter.o(!!!scatter)
    __scatterload_rt2                        0x08000139   Thumb Code    44  __scatter.o(!!!scatter)
    __scatterload_rt2_thumb_only             0x08000139   Thumb Code     0  __scatter.o(!!!scatter)
    __scatterload_null                       0x08000147   Thumb Code     0  __scatter.o(!!!scatter)
    __scatterload_copy                       0x0800016d   Thumb Code    26  __scatter_copy.o(!!handler_copy)
    __scatterload_zeroinit                   0x08000189   Thumb Code    28  __scatter_zi.o(!!handler_zi)
    _printf_n                                0x080001a5   Thumb Code     0  _printf_n.o(.ARM.Collect$$_printf_percent$$00000001)
    _printf_percent                          0x080001a5   Thumb Code     0  _printf_percent.o(.ARM.Collect$$_printf_percent$$00000000)
    _printf_p                                0x080001ab   Thumb Code     0  _printf_p.o(.ARM.Collect$$_printf_percent$$00000002)
    _printf_f                                0x080001b1   Thumb Code     0  _printf_f.o(.ARM.Collect$$_printf_percent$$00000003)
    _printf_e                                0x080001b7   Thumb Code     0  _printf_e.o(.ARM.Collect$$_printf_percent$$00000004)
    _printf_g                                0x080001bd   Thumb Code     0  _printf_g.o(.ARM.Collect$$_printf_percent$$00000005)
    _printf_a                                0x080001c3   Thumb Code     0  _printf_a.o(.ARM.Collect$$_printf_percent$$00000006)
    _printf_ll                               0x080001c9   Thumb Code     0  _printf_ll.o(.ARM.Collect$$_printf_percent$$00000007)
    _printf_i                                0x080001d3   Thumb Code     0  _printf_i.o(.ARM.Collect$$_printf_percent$$00000008)
    _printf_d                                0x080001d9   Thumb Code     0  _printf_d.o(.ARM.Collect$$_printf_percent$$00000009)
    _printf_u                                0x080001df   Thumb Code     0  _printf_u.o(.ARM.Collect$$_printf_percent$$0000000A)
    _printf_o                                0x080001e5   Thumb Code     0  _printf_o.o(.ARM.Collect$$_printf_percent$$0000000B)
    _printf_x                                0x080001eb   Thumb Code     0  _printf_x.o(.ARM.Collect$$_printf_percent$$0000000C)
    _printf_lli                              0x080001f1   Thumb Code     0  _printf_lli.o(.ARM.Collect$$_printf_percent$$0000000D)
    _printf_lld                              0x080001f7   Thumb Code     0  _printf_lld.o(.ARM.Collect$$_printf_percent$$0000000E)
    _printf_llu                              0x080001fd   Thumb Code     0  _printf_llu.o(.ARM.Collect$$_printf_percent$$0000000F)
    _printf_llo                              0x08000203   Thumb Code     0  _printf_llo.o(.ARM.Collect$$_printf_percent$$00000010)
    _printf_llx                              0x08000209   Thumb Code     0  _printf_llx.o(.ARM.Collect$$_printf_percent$$00000011)
    _printf_l                                0x0800020f   Thumb Code     0  _printf_l.o(.ARM.Collect$$_printf_percent$$00000012)
    _printf_c                                0x08000219   Thumb Code     0  _printf_c.o(.ARM.Collect$$_printf_percent$$00000013)
    _printf_s                                0x0800021f   Thumb Code     0  _printf_s.o(.ARM.Collect$$_printf_percent$$00000014)
    _printf_lc                               0x08000225   Thumb Code     0  _printf_lc.o(.ARM.Collect$$_printf_percent$$00000015)
    _printf_ls                               0x0800022b   Thumb Code     0  _printf_ls.o(.ARM.Collect$$_printf_percent$$00000016)
    _printf_percent_end                      0x08000231   Thumb Code     0  _printf_percent_end.o(.ARM.Collect$$_printf_percent$$00000017)
    __rt_lib_init                            0x08000235   Thumb Code     0  libinit.o(.ARM.Collect$$libinit$$00000000)
    __rt_lib_init_fp_1                       0x08000237   Thumb Code     0  libinit2.o(.ARM.Collect$$libinit$$00000002)
    __rt_lib_init_heap_1                     0x08000237   Thumb Code     0  libinit2.o(.ARM.Collect$$libinit$$0000000A)
    __rt_lib_init_lc_common                  0x08000237   Thumb Code     0  libinit2.o(.ARM.Collect$$libinit$$0000000F)
    __rt_lib_init_preinit_1                  0x08000237   Thumb Code     0  libinit2.o(.ARM.Collect$$libinit$$00000004)
    __rt_lib_init_rand_1                     0x08000237   Thumb Code     0  libinit2.o(.ARM.Collect$$libinit$$0000000E)
    __rt_lib_init_user_alloc_1               0x08000237   Thumb Code     0  libinit2.o(.ARM.Collect$$libinit$$0000000C)
    __rt_lib_init_lc_collate_1               0x0800023d   Thumb Code     0  libinit2.o(.ARM.Collect$$libinit$$00000011)
    __rt_lib_init_lc_ctype_2                 0x0800023d   Thumb Code     0  libinit2.o(.ARM.Collect$$libinit$$00000012)
    __rt_lib_init_lc_ctype_1                 0x08000249   Thumb Code     0  libinit2.o(.ARM.Collect$$libinit$$00000013)
    __rt_lib_init_lc_monetary_1              0x08000249   Thumb Code     0  libinit2.o(.ARM.Collect$$libinit$$00000015)
    __rt_lib_init_lc_numeric_2               0x08000249   Thumb Code     0  libinit2.o(.ARM.Collect$$libinit$$00000016)
    __rt_lib_init_alloca_1                   0x08000253   Thumb Code     0  libinit2.o(.ARM.Collect$$libinit$$0000002E)
    __rt_lib_init_argv_1                     0x08000253   Thumb Code     0  libinit2.o(.ARM.Collect$$libinit$$0000002C)
    __rt_lib_init_atexit_1                   0x08000253   Thumb Code     0  libinit2.o(.ARM.Collect$$libinit$$0000001B)
    __rt_lib_init_clock_1                    0x08000253   Thumb Code     0  libinit2.o(.ARM.Collect$$libinit$$00000021)
    __rt_lib_init_cpp_1                      0x08000253   Thumb Code     0  libinit2.o(.ARM.Collect$$libinit$$00000032)
    __rt_lib_init_exceptions_1               0x08000253   Thumb Code     0  libinit2.o(.ARM.Collect$$libinit$$00000030)
    __rt_lib_init_fp_trap_1                  0x08000253   Thumb Code     0  libinit2.o(.ARM.Collect$$libinit$$0000001F)
    __rt_lib_init_getenv_1                   0x08000253   Thumb Code     0  libinit2.o(.ARM.Collect$$libinit$$00000023)
    __rt_lib_init_lc_numeric_1               0x08000253   Thumb Code     0  libinit2.o(.ARM.Collect$$libinit$$00000017)
    __rt_lib_init_lc_time_1                  0x08000253   Thumb Code     0  libinit2.o(.ARM.Collect$$libinit$$00000019)
    __rt_lib_init_return                     0x08000253   Thumb Code     0  libinit2.o(.ARM.Collect$$libinit$$00000033)
    __rt_lib_init_signal_1                   0x08000253   Thumb Code     0  libinit2.o(.ARM.Collect$$libinit$$0000001D)
    __rt_lib_init_stdio_1                    0x08000253   Thumb Code     0  libinit2.o(.ARM.Collect$$libinit$$00000025)
    __rt_lib_shutdown                        0x08000255   Thumb Code     0  libshutdown.o(.ARM.Collect$$libshutdown$$00000000)
    __rt_lib_shutdown_cpp_1                  0x08000257   Thumb Code     0  libshutdown2.o(.ARM.Collect$$libshutdown$$00000002)
    __rt_lib_shutdown_fp_trap_1              0x08000257   Thumb Code     0  libshutdown2.o(.ARM.Collect$$libshutdown$$00000007)
    __rt_lib_shutdown_heap_1                 0x08000257   Thumb Code     0  libshutdown2.o(.ARM.Collect$$libshutdown$$0000000F)
    __rt_lib_shutdown_return                 0x08000257   Thumb Code     0  libshutdown2.o(.ARM.Collect$$libshutdown$$00000010)
    __rt_lib_shutdown_signal_1               0x08000257   Thumb Code     0  libshutdown2.o(.ARM.Collect$$libshutdown$$0000000A)
    __rt_lib_shutdown_stdio_1                0x08000257   Thumb Code     0  libshutdown2.o(.ARM.Collect$$libshutdown$$00000004)
    __rt_lib_shutdown_user_alloc_1           0x08000257   Thumb Code     0  libshutdown2.o(.ARM.Collect$$libshutdown$$0000000C)
    __rt_entry                               0x08000259   Thumb Code     0  __rtentry.o(.ARM.Collect$$rtentry$$00000000)
    __rt_entry_presh_1                       0x08000259   Thumb Code     0  __rtentry2.o(.ARM.Collect$$rtentry$$00000002)
    __rt_entry_sh                            0x08000259   Thumb Code     0  __rtentry4.o(.ARM.Collect$$rtentry$$00000004)
    __rt_entry_li                            0x0800025f   Thumb Code     0  __rtentry2.o(.ARM.Collect$$rtentry$$0000000A)
    __rt_entry_postsh_1                      0x0800025f   Thumb Code     0  __rtentry2.o(.ARM.Collect$$rtentry$$00000009)
    __rt_entry_main                          0x08000263   Thumb Code     0  __rtentry2.o(.ARM.Collect$$rtentry$$0000000D)
    __rt_entry_postli_1                      0x08000263   Thumb Code     0  __rtentry2.o(.ARM.Collect$$rtentry$$0000000C)
    __rt_exit                                0x0800026b   Thumb Code     0  rtexit.o(.ARM.Collect$$rtexit$$00000000)
    __rt_exit_ls                             0x0800026d   Thumb Code     0  rtexit2.o(.ARM.Collect$$rtexit$$00000003)
    __rt_exit_prels_1                        0x0800026d   Thumb Code     0  rtexit2.o(.ARM.Collect$$rtexit$$00000002)
    __rt_exit_exit                           0x08000271   Thumb Code     0  rtexit2.o(.ARM.Collect$$rtexit$$00000004)
    Reset_Handler                            0x08000279   Thumb Code     8  startup_stm32f10x_hd.o(.text)
    ADC1_2_IRQHandler                        0x08000293   Thumb Code     0  startup_stm32f10x_hd.o(.text)
    ADC3_IRQHandler                          0x08000293   Thumb Code     0  startup_stm32f10x_hd.o(.text)
    CAN1_RX1_IRQHandler                      0x08000293   Thumb Code     0  startup_stm32f10x_hd.o(.text)
    CAN1_SCE_IRQHandler                      0x08000293   Thumb Code     0  startup_stm32f10x_hd.o(.text)
    DMA1_Channel1_IRQHandler                 0x08000293   Thumb Code     0  startup_stm32f10x_hd.o(.text)
    DMA1_Channel2_IRQHandler                 0x08000293   Thumb Code     0  startup_stm32f10x_hd.o(.text)
    DMA1_Channel3_IRQHandler                 0x08000293   Thumb Code     0  startup_stm32f10x_hd.o(.text)
    DMA1_Channel4_IRQHandler                 0x08000293   Thumb Code     0  startup_stm32f10x_hd.o(.text)
    DMA1_Channel5_IRQHandler                 0x08000293   Thumb Code     0  startup_stm32f10x_hd.o(.text)
    DMA1_Channel6_IRQHandler                 0x08000293   Thumb Code     0  startup_stm32f10x_hd.o(.text)
    DMA1_Channel7_IRQHandler                 0x08000293   Thumb Code     0  startup_stm32f10x_hd.o(.text)
    DMA2_Channel1_IRQHandler                 0x08000293   Thumb Code     0  startup_stm32f10x_hd.o(.text)
    DMA2_Channel2_IRQHandler                 0x08000293   Thumb Code     0  startup_stm32f10x_hd.o(.text)
    DMA2_Channel3_IRQHandler                 0x08000293   Thumb Code     0  startup_stm32f10x_hd.o(.text)
    DMA2_Channel4_5_IRQHandler               0x08000293   Thumb Code     0  startup_stm32f10x_hd.o(.text)
    EXTI0_IRQHandler                         0x08000293   Thumb Code     0  startup_stm32f10x_hd.o(.text)
    EXTI15_10_IRQHandler                     0x08000293   Thumb Code     0  startup_stm32f10x_hd.o(.text)
    EXTI1_IRQHandler                         0x08000293   Thumb Code     0  startup_stm32f10x_hd.o(.text)
    EXTI2_IRQHandler                         0x08000293   Thumb Code     0  startup_stm32f10x_hd.o(.text)
    EXTI3_IRQHandler                         0x08000293   Thumb Code     0  startup_stm32f10x_hd.o(.text)
    EXTI4_IRQHandler                         0x08000293   Thumb Code     0  startup_stm32f10x_hd.o(.text)
    EXTI9_5_IRQHandler                       0x08000293   Thumb Code     0  startup_stm32f10x_hd.o(.text)
    FLASH_IRQHandler                         0x08000293   Thumb Code     0  startup_stm32f10x_hd.o(.text)
    FSMC_IRQHandler                          0x08000293   Thumb Code     0  startup_stm32f10x_hd.o(.text)
    I2C1_ER_IRQHandler                       0x08000293   Thumb Code     0  startup_stm32f10x_hd.o(.text)
    I2C1_EV_IRQHandler                       0x08000293   Thumb Code     0  startup_stm32f10x_hd.o(.text)
    I2C2_ER_IRQHandler                       0x08000293   Thumb Code     0  startup_stm32f10x_hd.o(.text)
    I2C2_EV_IRQHandler                       0x08000293   Thumb Code     0  startup_stm32f10x_hd.o(.text)
    PVD_IRQHandler                           0x08000293   Thumb Code     0  startup_stm32f10x_hd.o(.text)
    RCC_IRQHandler                           0x08000293   Thumb Code     0  startup_stm32f10x_hd.o(.text)
    RTCAlarm_IRQHandler                      0x08000293   Thumb Code     0  startup_stm32f10x_hd.o(.text)
    RTC_IRQHandler                           0x08000293   Thumb Code     0  startup_stm32f10x_hd.o(.text)
    SDIO_IRQHandler                          0x08000293   Thumb Code     0  startup_stm32f10x_hd.o(.text)
    SPI1_IRQHandler                          0x08000293   Thumb Code     0  startup_stm32f10x_hd.o(.text)
    SPI2_IRQHandler                          0x08000293   Thumb Code     0  startup_stm32f10x_hd.o(.text)
    SPI3_IRQHandler                          0x08000293   Thumb Code     0  startup_stm32f10x_hd.o(.text)
    TAMPER_IRQHandler                        0x08000293   Thumb Code     0  startup_stm32f10x_hd.o(.text)
    TIM1_BRK_IRQHandler                      0x08000293   Thumb Code     0  startup_stm32f10x_hd.o(.text)
    TIM1_CC_IRQHandler                       0x08000293   Thumb Code     0  startup_stm32f10x_hd.o(.text)
    TIM1_TRG_COM_IRQHandler                  0x08000293   Thumb Code     0  startup_stm32f10x_hd.o(.text)
    TIM1_UP_IRQHandler                       0x08000293   Thumb Code     0  startup_stm32f10x_hd.o(.text)
    TIM2_IRQHandler                          0x08000293   Thumb Code     0  startup_stm32f10x_hd.o(.text)
    TIM3_IRQHandler                          0x08000293   Thumb Code     0  startup_stm32f10x_hd.o(.text)
    TIM4_IRQHandler                          0x08000293   Thumb Code     0  startup_stm32f10x_hd.o(.text)
    TIM5_IRQHandler                          0x08000293   Thumb Code     0  startup_stm32f10x_hd.o(.text)
    TIM6_IRQHandler                          0x08000293   Thumb Code     0  startup_stm32f10x_hd.o(.text)
    TIM7_IRQHandler                          0x08000293   Thumb Code     0  startup_stm32f10x_hd.o(.text)
    TIM8_BRK_IRQHandler                      0x08000293   Thumb Code     0  startup_stm32f10x_hd.o(.text)
    TIM8_CC_IRQHandler                       0x08000293   Thumb Code     0  startup_stm32f10x_hd.o(.text)
    TIM8_TRG_COM_IRQHandler                  0x08000293   Thumb Code     0  startup_stm32f10x_hd.o(.text)
    TIM8_UP_IRQHandler                       0x08000293   Thumb Code     0  startup_stm32f10x_hd.o(.text)
    UART4_IRQHandler                         0x08000293   Thumb Code     0  startup_stm32f10x_hd.o(.text)
    UART5_IRQHandler                         0x08000293   Thumb Code     0  startup_stm32f10x_hd.o(.text)
    USART2_IRQHandler                        0x08000293   Thumb Code     0  startup_stm32f10x_hd.o(.text)
    USART3_IRQHandler                        0x08000293   Thumb Code     0  startup_stm32f10x_hd.o(.text)
    USBWakeUp_IRQHandler                     0x08000293   Thumb Code     0  startup_stm32f10x_hd.o(.text)
    USB_HP_CAN1_TX_IRQHandler                0x08000293   Thumb Code     0  startup_stm32f10x_hd.o(.text)
    USB_LP_CAN1_RX0_IRQHandler               0x08000293   Thumb Code     0  startup_stm32f10x_hd.o(.text)
    WWDG_IRQHandler                          0x08000293   Thumb Code     0  startup_stm32f10x_hd.o(.text)
    __user_initial_stackheap                 0x08000295   Thumb Code     0  startup_stm32f10x_hd.o(.text)
    __I$use$semihosting                      0x080002b9   Thumb Code     0  use_no_semi.o(.text)
    __use_no_semihosting_swi                 0x080002b9   Thumb Code     2  use_no_semi.o(.text)
    vprintf                                  0x080002bd   Thumb Code     8  vprintf.o(.text)
    __2printf                                0x080002c9   Thumb Code    20  __2printf.o(.text)
    _printf_str                              0x080002e1   Thumb Code    82  _printf_str.o(.text)
    __printf                                 0x08000335   Thumb Code   388  __printf_flags_ss_wp.o(.text)
    __use_two_region_memory                  0x080004bd   Thumb Code     2  heapauxi.o(.text)
    __rt_heap_escrow$2region                 0x080004bf   Thumb Code     2  heapauxi.o(.text)
    __rt_heap_expand$2region                 0x080004c1   Thumb Code     2  heapauxi.o(.text)
    _printf_pre_padding                      0x080004c3   Thumb Code    44  _printf_pad.o(.text)
    _printf_post_padding                     0x080004ef   Thumb Code    34  _printf_pad.o(.text)
    _printf_truncate_signed                  0x08000511   Thumb Code    18  _printf_truncate.o(.text)
    _printf_truncate_unsigned                0x08000523   Thumb Code    18  _printf_truncate.o(.text)
    _printf_int_dec                          0x08000535   Thumb Code   104  _printf_dec.o(.text)
    _printf_charcount                        0x080005ad   Thumb Code    40  _printf_charcount.o(.text)
    _printf_cs_common                        0x080005d5   Thumb Code    20  _printf_char.o(.text)
    _printf_char                             0x080005e9   Thumb Code    16  _printf_char.o(.text)
    _printf_string                           0x080005f9   Thumb Code     8  _printf_char.o(.text)
    _printf_char_file                        0x08000601   Thumb Code    32  _printf_char_file.o(.text)
    _printf_wctomb                           0x08000625   Thumb Code   182  _printf_wctomb.o(.text)
    _printf_longlong_dec                     0x080006e1   Thumb Code   108  _printf_longlong_dec.o(.text)
    _printf_longlong_oct                     0x0800075d   Thumb Code    68  _printf_oct_int_ll.o(.text)
    _printf_int_oct                          0x080007a1   Thumb Code    24  _printf_oct_int_ll.o(.text)
    _printf_ll_oct                           0x080007b9   Thumb Code    12  _printf_oct_int_ll.o(.text)
    _printf_longlong_hex                     0x080007cd   Thumb Code    86  _printf_hex_int_ll_ptr.o(.text)
    _printf_int_hex                          0x08000823   Thumb Code    28  _printf_hex_int_ll_ptr.o(.text)
    _printf_ll_hex                           0x0800083f   Thumb Code    12  _printf_hex_int_ll_ptr.o(.text)
    _printf_hex_ptr                          0x0800084b   Thumb Code    18  _printf_hex_int_ll_ptr.o(.text)
    _ll_udiv10                               0x08000861   Thumb Code   138  lludiv10.o(.text)
    _printf_int_common                       0x080008eb   Thumb Code   178  _printf_intcommon.o(.text)
    __lib_sel_fp_printf                      0x0800099d   Thumb Code     2  _printf_fp_dec.o(.text)
    _printf_fp_dec_real                      0x08000b4b   Thumb Code   620  _printf_fp_dec.o(.text)
    _printf_fp_hex_real                      0x08000db9   Thumb Code   754  _printf_fp_hex.o(.text)
    _printf_char_common                      0x080010bf   Thumb Code    32  _printf_char_common.o(.text)
    _printf_lcs_common                       0x080010e5   Thumb Code    20  _printf_wchar.o(.text)
    _printf_wchar                            0x080010f9   Thumb Code    16  _printf_wchar.o(.text)
    _printf_wstring                          0x08001109   Thumb Code     8  _printf_wchar.o(.text)
    _wcrtomb                                 0x08001111   Thumb Code    64  _wcrtomb.o(.text)
    __user_setup_stackheap                   0x08001151   Thumb Code    74  sys_stackheap_outer.o(.text)
    __rt_ctype_table                         0x0800119d   Thumb Code    16  rt_ctype_table.o(.text)
    __rt_locale                              0x080011ad   Thumb Code     8  rt_locale_intlibspace.o(.text)
    _printf_fp_infnan                        0x080011b5   Thumb Code   112  _printf_fp_infnan.o(.text)
    _btod_etento                             0x08001235   Thumb Code   216  bigflt0.o(.text)
    exit                                     0x08001311   Thumb Code    18  exit.o(.text)
    __user_libspace                          0x08001325   Thumb Code     8  libspace.o(.text)
    __user_perproc_libspace                  0x08001325   Thumb Code     0  libspace.o(.text)
    __user_perthread_libspace                0x08001325   Thumb Code     0  libspace.o(.text)
    strcmp                                   0x0800132d   Thumb Code   128  strcmpv7m.o(.text)
    _btod_d2e                                0x080013ad   Thumb Code    62  btod.o(CL$$btod_d2e)
    _d2e_denorm_low                          0x080013eb   Thumb Code    70  btod.o(CL$$btod_d2e_denorm_low)
    _d2e_norm_op1                            0x08001431   Thumb Code    96  btod.o(CL$$btod_d2e_norm_op1)
    __btod_div_common                        0x08001491   Thumb Code   696  btod.o(CL$$btod_div_common)
    _e2e                                     0x080017c9   Thumb Code   198  btod.o(CL$$btod_e2e)
    _btod_ediv                               0x0800188f   Thumb Code    40  btod.o(CL$$btod_ediv)
    _btod_emul                               0x080018b7   Thumb Code    40  btod.o(CL$$btod_emul)
    __btod_mult_common                       0x080018df   Thumb Code   580  btod.o(CL$$btod_mult_common)
    BusFault_Handler                         0x08001b23   Thumb Code     4  stm32f10x_it.o(i.BusFault_Handler)
    DebugMon_Handler                         0x08001b27   Thumb Code     2  stm32f10x_it.o(i.DebugMon_Handler)
    GPIO_Init                                0x08001b29   Thumb Code   278  stm32f10x_gpio.o(i.GPIO_Init)
    HardFault_Handler                        0x08001c3f   Thumb Code     4  stm32f10x_it.o(i.HardFault_Handler)
    MemManage_Handler                        0x08001c43   Thumb Code     4  stm32f10x_it.o(i.MemManage_Handler)
    NMI_Handler                              0x08001c47   Thumb Code     2  stm32f10x_it.o(i.NMI_Handler)
    NVIC_Init                                0x08001c49   Thumb Code   100  misc.o(i.NVIC_Init)
    PendSV_Handler                           0x08001cb9   Thumb Code     2  stm32f10x_it.o(i.PendSV_Handler)
    RCC_APB1PeriphResetCmd                   0x08001cbd   Thumb Code    26  stm32f10x_rcc.o(i.RCC_APB1PeriphResetCmd)
    RCC_APB2PeriphClockCmd                   0x08001cdd   Thumb Code    26  stm32f10x_rcc.o(i.RCC_APB2PeriphClockCmd)
    RCC_APB2PeriphResetCmd                   0x08001cfd   Thumb Code    26  stm32f10x_rcc.o(i.RCC_APB2PeriphResetCmd)
    RCC_Configuration                        0x08001d1d   Thumb Code    90  sys.o(i.RCC_Configuration)
    RCC_DeInit                               0x08001d79   Thumb Code    64  stm32f10x_rcc.o(i.RCC_DeInit)
    RCC_GetClocksFreq                        0x08001dc5   Thumb Code   192  stm32f10x_rcc.o(i.RCC_GetClocksFreq)
    RCC_GetFlagStatus                        0x08001e99   Thumb Code    56  stm32f10x_rcc.o(i.RCC_GetFlagStatus)
    RCC_GetSYSCLKSource                      0x08001ed5   Thumb Code    10  stm32f10x_rcc.o(i.RCC_GetSYSCLKSource)
    RCC_HCLKConfig                           0x08001ee5   Thumb Code    18  stm32f10x_rcc.o(i.RCC_HCLKConfig)
    RCC_HSEConfig                            0x08001efd   Thumb Code    70  stm32f10x_rcc.o(i.RCC_HSEConfig)
    RCC_PCLK1Config                          0x08001f49   Thumb Code    18  stm32f10x_rcc.o(i.RCC_PCLK1Config)
    RCC_PCLK2Config                          0x08001f61   Thumb Code    20  stm32f10x_rcc.o(i.RCC_PCLK2Config)
    RCC_PLLCmd                               0x08001f79   Thumb Code     6  stm32f10x_rcc.o(i.RCC_PLLCmd)
    RCC_PLLConfig                            0x08001f85   Thumb Code    24  stm32f10x_rcc.o(i.RCC_PLLConfig)
    RCC_SYSCLKConfig                         0x08001fa1   Thumb Code    18  stm32f10x_rcc.o(i.RCC_SYSCLKConfig)
    RCC_WaitForHSEStartUp                    0x08001fb9   Thumb Code    56  stm32f10x_rcc.o(i.RCC_WaitForHSEStartUp)
    SVC_Handler                              0x08001ff1   Thumb Code     2  stm32f10x_it.o(i.SVC_Handler)
    SysTick_CLKSourceConfig                  0x080020dd   Thumb Code    40  misc.o(i.SysTick_CLKSourceConfig)
    SysTick_Handler                          0x08002105   Thumb Code     2  stm32f10x_it.o(i.SysTick_Handler)
    SystemInit                               0x08002109   Thumb Code    78  system_stm32f10x.o(i.SystemInit)
    USART1_IRQHandler                        0x08002169   Thumb Code     2  usart.o(i.USART1_IRQHandler)
    USART_ClearFlag                          0x0800216b   Thumb Code    18  stm32f10x_usart.o(i.USART_ClearFlag)
    USART_Cmd                                0x0800217d   Thumb Code    24  stm32f10x_usart.o(i.USART_Cmd)
    USART_DeInit                             0x08002195   Thumb Code   134  stm32f10x_usart.o(i.USART_DeInit)
    USART_Init                               0x08002231   Thumb Code   210  stm32f10x_usart.o(i.USART_Init)
    UsageFault_Handler                       0x08002309   Thumb Code     4  stm32f10x_it.o(i.UsageFault_Handler)
    __ARM_fpclassify                         0x0800230d   Thumb Code    40  fpclassify.o(i.__ARM_fpclassify)
    _is_digit                                0x08002335   Thumb Code    14  __printf_wp.o(i._is_digit)
    _sys_exit                                0x08002343   Thumb Code     4  port_debug.o(i._sys_exit)
    ferror                                   0x08002347   Thumb Code     8  port_debug.o(i.ferror)
    fputc                                    0x08002351   Thumb Code    24  port_debug.o(i.fputc)
    iic_init                                 0x080023b9   Thumb Code    52  port_iic.o(i.iic_init)
    iic_master_receive                       0x080023f5   Thumb Code   142  port_iic.o(i.iic_master_receive)
    lmt70_get_temp                           0x080026f5   Thumb Code    96  lmt70.o(i.lmt70_get_temp)
    lmt70_init                               0x08002761   Thumb Code     2  lmt70.o(i.lmt70_init)
    main                                     0x08002763   Thumb Code    24  main.o(i.main)
    mcp3421_init                             0x0800277b   Thumb Code    30  mcp3421.o(i.mcp3421_init)
    mcp3421_one_conversion                   0x08002799   Thumb Code   570  mcp3421.o(i.mcp3421_one_conversion)
    my_app                                   0x080029e5   Thumb Code   106  my_app.o(i.my_app)
    my_app_init                              0x08002a7d   Thumb Code    14  my_app.o(i.my_app_init)
    port_delay_ms                            0x08002ad5   Thumb Code    90  port_delay.o(i.port_delay_ms)
    port_delay_us                            0x08002b39   Thumb Code    90  port_delay.o(i.port_delay_us)
    pr                                       0x08002b9d   Thumb Code    52  port_debug.o(i.pr)
    usart1_init                              0x08002bdd   Thumb Code   160  usart.o(i.usart1_init)
    _get_lc_numeric                          0x08002c89   Thumb Code    44  lc_numeric_c.o(locale$$code)
    _get_lc_ctype                            0x08002cb5   Thumb Code    44  lc_ctype_c.o(locale$$code)
    __aeabi_d2f                              0x08002ce1   Thumb Code     0  d2f.o(x$fpl$d2f)
    _d2f                                     0x08002ce1   Thumb Code    98  d2f.o(x$fpl$d2f)
    __aeabi_ddiv                             0x08002d45   Thumb Code     0  ddiv.o(x$fpl$ddiv)
    _ddiv                                    0x08002d45   Thumb Code   552  ddiv.o(x$fpl$ddiv)
    __aeabi_ui2d                             0x08002ff5   Thumb Code     0  dflt_clz.o(x$fpl$dfltu)
    _dfltu                                   0x08002ff5   Thumb Code    38  dflt_clz.o(x$fpl$dfltu)
    __aeabi_dmul                             0x0800301d   Thumb Code     0  dmul.o(x$fpl$dmul)
    _dmul                                    0x0800301d   Thumb Code   332  dmul.o(x$fpl$dmul)
    __fpl_dnaninf                            0x08003171   Thumb Code   156  dnaninf.o(x$fpl$dnaninf)
    __fpl_dretinf                            0x0800320d   Thumb Code    12  dretinf.o(x$fpl$dretinf)
    __aeabi_f2d                              0x08003219   Thumb Code     0  f2d.o(x$fpl$f2d)
    _f2d                                     0x08003219   Thumb Code    86  f2d.o(x$fpl$f2d)
    __aeabi_fadd                             0x08003271   Thumb Code     0  faddsub_clz.o(x$fpl$fadd)
    _fadd                                    0x08003271   Thumb Code   196  faddsub_clz.o(x$fpl$fadd)
    __fpl_fcmp_Inf                           0x08003335   Thumb Code    24  fcmpi.o(x$fpl$fcmpinf)
    __aeabi_fdiv                             0x0800334d   Thumb Code     0  fdiv.o(x$fpl$fdiv)
    _fdiv                                    0x0800334d   Thumb Code   384  fdiv.o(x$fpl$fdiv)
    __aeabi_f2iz                             0x080034d1   Thumb Code     0  ffix.o(x$fpl$ffix)
    _ffix                                    0x080034d1   Thumb Code    54  ffix.o(x$fpl$ffix)
    __aeabi_i2f                              0x08003509   Thumb Code     0  fflt_clz.o(x$fpl$fflt)
    _fflt                                    0x08003509   Thumb Code    48  fflt_clz.o(x$fpl$fflt)
    __aeabi_cfcmple                          0x08003539   Thumb Code     0  fleqf.o(x$fpl$fleqf)
    _fcmple                                  0x08003539   Thumb Code   104  fleqf.o(x$fpl$fleqf)
    __fpl_fcmple_InfNaN                      0x0800358b   Thumb Code     0  fleqf.o(x$fpl$fleqf)
    __aeabi_fmul                             0x080035a1   Thumb Code     0  fmul.o(x$fpl$fmul)
    _fmul                                    0x080035a1   Thumb Code   258  fmul.o(x$fpl$fmul)
    __fpl_fnaninf                            0x080036a3   Thumb Code   140  fnaninf.o(x$fpl$fnaninf)
    __fpl_fretinf                            0x0800372f   Thumb Code    10  fretinf.o(x$fpl$fretinf)
    __aeabi_cfrcmple                         0x08003739   Thumb Code     0  frleqf.o(x$fpl$frleqf)
    _frcmple                                 0x08003739   Thumb Code    98  frleqf.o(x$fpl$frleqf)
    __aeabi_frsub                            0x0800379b   Thumb Code     0  faddsub_clz.o(x$fpl$frsb)
    _frsb                                    0x0800379b   Thumb Code    20  faddsub_clz.o(x$fpl$frsb)
    __aeabi_fsub                             0x080037b1   Thumb Code     0  faddsub_clz.o(x$fpl$fsub)
    _fsub                                    0x080037b1   Thumb Code   234  faddsub_clz.o(x$fpl$fsub)
    _printf_fp_dec                           0x0800389b   Thumb Code     4  printf1.o(x$fpl$printf1)
    _printf_fp_hex                           0x0800389f   Thumb Code     4  printf2.o(x$fpl$printf2)
    __I$use$fp                               0x080038a2   Number         0  usenofp.o(x$fpl$usenofp)
    Region$$Table$$Base                      0x080039a0   Number         0  anon$$obj.o(Region$$Table)
    Region$$Table$$Limit                     0x080039c0   Number         0  anon$$obj.o(Region$$Table)
    __ctype                                  0x080039e9   Data           0  lc_ctype_c.o(locale$$data)
    SystemCoreClock                          0x20000000   Data           4  system_stm32f10x.o(.data)
    AHBPrescTable                            0x20000004   Data          16  system_stm32f10x.o(.data)
    USART1_RX_STA                            0x20000028   Data           2  usart.o(.data)
    TAG                                      0x2000002c   Data           4  my_app.o(.data)
    port_ad                                  0x20000030   Data           4  my_app.o(.data)
    tep                                      0x20000034   Data           4  my_app.o(.data)
    temp_end                                 0x20000038   Data           4  my_app.o(.data)
    temp                                     0x2000003c   Data           4  my_app.o(.data)
    temp_xiaoshu                             0x20000040   Data           4  my_app.o(.data)
    voltage1                                 0x20000044   Data           4  my_app.o(.data)
    mcp                                      0x20000048   Data           5  my_app.o(.data)
    v2t_tabl                                 0x20000050   Data          84  lmt70.o(.data)
    slope_tabl                               0x200000a4   Data          84  lmt70.o(.data)
    __stdout                                 0x20000100   Data           4  port_debug.o(.data)
    __stdin                                  0x20000104   Data           4  port_debug.o(.data)
    ITM_RxBuffer                             0x20000108   Data           4  port_debug.o(.data)
    __libspace_start                         0x2000010c   Data          96  libspace.o(.bss)
    __temporary_stack_top$libspace           0x2000016c   Data           0  libspace.o(.bss)



==============================================================================

Memory Map of the image

  Image Entry point : 0x08000131

  Load Region LR_IROM1 (Base: 0x08000000, Size: 0x00003bf8, Max: 0x00010000, ABSOLUTE)

    Execution Region ER_IROM1 (Exec base: 0x08000000, Load base: 0x08000000, Size: 0x00003aec, Max: 0x00010000, ABSOLUTE)

    Exec Addr    Load Addr    Size         Type   Attr      Idx    E Section Name        Object

    0x08000000   0x08000000   0x00000130   Data   RO          238    RESET               startup_stm32f10x_hd.o
    0x08000130   0x08000130   0x00000008   Code   RO         1753  * !!!main             c_w.l(__main.o)
    0x08000138   0x08000138   0x00000034   Code   RO         2094    !!!scatter          c_w.l(__scatter.o)
    0x0800016c   0x0800016c   0x0000001a   Code   RO         2096    !!handler_copy      c_w.l(__scatter_copy.o)
    0x08000186   0x08000186   0x00000002   PAD
    0x08000188   0x08000188   0x0000001c   Code   RO         2098    !!handler_zi        c_w.l(__scatter_zi.o)
    0x080001a4   0x080001a4   0x00000000   Code   RO         1750    .ARM.Collect$$_printf_percent$$00000000  c_w.l(_printf_percent.o)
    0x080001a4   0x080001a4   0x00000006   Code   RO         1843    .ARM.Collect$$_printf_percent$$00000001  c_w.l(_printf_n.o)
    0x080001aa   0x080001aa   0x00000006   Code   RO         1845    .ARM.Collect$$_printf_percent$$00000002  c_w.l(_printf_p.o)
    0x080001b0   0x080001b0   0x00000006   Code   RO         1850    .ARM.Collect$$_printf_percent$$00000003  c_w.l(_printf_f.o)
    0x080001b6   0x080001b6   0x00000006   Code   RO         1851    .ARM.Collect$$_printf_percent$$00000004  c_w.l(_printf_e.o)
    0x080001bc   0x080001bc   0x00000006   Code   RO         1852    .ARM.Collect$$_printf_percent$$00000005  c_w.l(_printf_g.o)
    0x080001c2   0x080001c2   0x00000006   Code   RO         1853    .ARM.Collect$$_printf_percent$$00000006  c_w.l(_printf_a.o)
    0x080001c8   0x080001c8   0x0000000a   Code   RO         1858    .ARM.Collect$$_printf_percent$$00000007  c_w.l(_printf_ll.o)
    0x080001d2   0x080001d2   0x00000006   Code   RO         1847    .ARM.Collect$$_printf_percent$$00000008  c_w.l(_printf_i.o)
    0x080001d8   0x080001d8   0x00000006   Code   RO         1848    .ARM.Collect$$_printf_percent$$00000009  c_w.l(_printf_d.o)
    0x080001de   0x080001de   0x00000006   Code   RO         1849    .ARM.Collect$$_printf_percent$$0000000A  c_w.l(_printf_u.o)
    0x080001e4   0x080001e4   0x00000006   Code   RO         1846    .ARM.Collect$$_printf_percent$$0000000B  c_w.l(_printf_o.o)
    0x080001ea   0x080001ea   0x00000006   Code   RO         1844    .ARM.Collect$$_printf_percent$$0000000C  c_w.l(_printf_x.o)
    0x080001f0   0x080001f0   0x00000006   Code   RO         1855    .ARM.Collect$$_printf_percent$$0000000D  c_w.l(_printf_lli.o)
    0x080001f6   0x080001f6   0x00000006   Code   RO         1856    .ARM.Collect$$_printf_percent$$0000000E  c_w.l(_printf_lld.o)
    0x080001fc   0x080001fc   0x00000006   Code   RO         1857    .ARM.Collect$$_printf_percent$$0000000F  c_w.l(_printf_llu.o)
    0x08000202   0x08000202   0x00000006   Code   RO         1862    .ARM.Collect$$_printf_percent$$00000010  c_w.l(_printf_llo.o)
    0x08000208   0x08000208   0x00000006   Code   RO         1863    .ARM.Collect$$_printf_percent$$00000011  c_w.l(_printf_llx.o)
    0x0800020e   0x0800020e   0x0000000a   Code   RO         1859    .ARM.Collect$$_printf_percent$$00000012  c_w.l(_printf_l.o)
    0x08000218   0x08000218   0x00000006   Code   RO         1842    .ARM.Collect$$_printf_percent$$00000013  c_w.l(_printf_c.o)
    0x0800021e   0x0800021e   0x00000006   Code   RO         1749    .ARM.Collect$$_printf_percent$$00000014  c_w.l(_printf_s.o)
    0x08000224   0x08000224   0x00000006   Code   RO         1860    .ARM.Collect$$_printf_percent$$00000015  c_w.l(_printf_lc.o)
    0x0800022a   0x0800022a   0x00000006   Code   RO         1861    .ARM.Collect$$_printf_percent$$00000016  c_w.l(_printf_ls.o)
    0x08000230   0x08000230   0x00000004   Code   RO         1854    .ARM.Collect$$_printf_percent$$00000017  c_w.l(_printf_percent_end.o)
    0x08000234   0x08000234   0x00000002   Code   RO         1961    .ARM.Collect$$libinit$$00000000  c_w.l(libinit.o)
    0x08000236   0x08000236   0x00000000   Code   RO         1977    .ARM.Collect$$libinit$$00000002  c_w.l(libinit2.o)
    0x08000236   0x08000236   0x00000000   Code   RO         1979    .ARM.Collect$$libinit$$00000004  c_w.l(libinit2.o)
    0x08000236   0x08000236   0x00000000   Code   RO         1982    .ARM.Collect$$libinit$$0000000A  c_w.l(libinit2.o)
    0x08000236   0x08000236   0x00000000   Code   RO         1984    .ARM.Collect$$libinit$$0000000C  c_w.l(libinit2.o)
    0x08000236   0x08000236   0x00000000   Code   RO         1986    .ARM.Collect$$libinit$$0000000E  c_w.l(libinit2.o)
    0x08000236   0x08000236   0x00000006   Code   RO         1987    .ARM.Collect$$libinit$$0000000F  c_w.l(libinit2.o)
    0x0800023c   0x0800023c   0x00000000   Code   RO         1989    .ARM.Collect$$libinit$$00000011  c_w.l(libinit2.o)
    0x0800023c   0x0800023c   0x0000000c   Code   RO         1990    .ARM.Collect$$libinit$$00000012  c_w.l(libinit2.o)
    0x08000248   0x08000248   0x00000000   Code   RO         1991    .ARM.Collect$$libinit$$00000013  c_w.l(libinit2.o)
    0x08000248   0x08000248   0x00000000   Code   RO         1993    .ARM.Collect$$libinit$$00000015  c_w.l(libinit2.o)
    0x08000248   0x08000248   0x0000000a   Code   RO         1994    .ARM.Collect$$libinit$$00000016  c_w.l(libinit2.o)
    0x08000252   0x08000252   0x00000000   Code   RO         1995    .ARM.Collect$$libinit$$00000017  c_w.l(libinit2.o)
    0x08000252   0x08000252   0x00000000   Code   RO         1997    .ARM.Collect$$libinit$$00000019  c_w.l(libinit2.o)
    0x08000252   0x08000252   0x00000000   Code   RO         1999    .ARM.Collect$$libinit$$0000001B  c_w.l(libinit2.o)
    0x08000252   0x08000252   0x00000000   Code   RO         2001    .ARM.Collect$$libinit$$0000001D  c_w.l(libinit2.o)
    0x08000252   0x08000252   0x00000000   Code   RO         2003    .ARM.Collect$$libinit$$0000001F  c_w.l(libinit2.o)
    0x08000252   0x08000252   0x00000000   Code   RO         2005    .ARM.Collect$$libinit$$00000021  c_w.l(libinit2.o)
    0x08000252   0x08000252   0x00000000   Code   RO         2007    .ARM.Collect$$libinit$$00000023  c_w.l(libinit2.o)
    0x08000252   0x08000252   0x00000000   Code   RO         2009    .ARM.Collect$$libinit$$00000025  c_w.l(libinit2.o)
    0x08000252   0x08000252   0x00000000   Code   RO         2013    .ARM.Collect$$libinit$$0000002C  c_w.l(libinit2.o)
    0x08000252   0x08000252   0x00000000   Code   RO         2015    .ARM.Collect$$libinit$$0000002E  c_w.l(libinit2.o)
    0x08000252   0x08000252   0x00000000   Code   RO         2017    .ARM.Collect$$libinit$$00000030  c_w.l(libinit2.o)
    0x08000252   0x08000252   0x00000000   Code   RO         2019    .ARM.Collect$$libinit$$00000032  c_w.l(libinit2.o)
    0x08000252   0x08000252   0x00000002   Code   RO         2020    .ARM.Collect$$libinit$$00000033  c_w.l(libinit2.o)
    0x08000254   0x08000254   0x00000002   Code   RO         2038    .ARM.Collect$$libshutdown$$00000000  c_w.l(libshutdown.o)
    0x08000256   0x08000256   0x00000000   Code   RO         2048    .ARM.Collect$$libshutdown$$00000002  c_w.l(libshutdown2.o)
    0x08000256   0x08000256   0x00000000   Code   RO         2050    .ARM.Collect$$libshutdown$$00000004  c_w.l(libshutdown2.o)
    0x08000256   0x08000256   0x00000000   Code   RO         2053    .ARM.Collect$$libshutdown$$00000007  c_w.l(libshutdown2.o)
    0x08000256   0x08000256   0x00000000   Code   RO         2056    .ARM.Collect$$libshutdown$$0000000A  c_w.l(libshutdown2.o)
    0x08000256   0x08000256   0x00000000   Code   RO         2058    .ARM.Collect$$libshutdown$$0000000C  c_w.l(libshutdown2.o)
    0x08000256   0x08000256   0x00000000   Code   RO         2061    .ARM.Collect$$libshutdown$$0000000F  c_w.l(libshutdown2.o)
    0x08000256   0x08000256   0x00000002   Code   RO         2062    .ARM.Collect$$libshutdown$$00000010  c_w.l(libshutdown2.o)
    0x08000258   0x08000258   0x00000000   Code   RO         1797    .ARM.Collect$$rtentry$$00000000  c_w.l(__rtentry.o)
    0x08000258   0x08000258   0x00000000   Code   RO         1884    .ARM.Collect$$rtentry$$00000002  c_w.l(__rtentry2.o)
    0x08000258   0x08000258   0x00000006   Code   RO         1896    .ARM.Collect$$rtentry$$00000004  c_w.l(__rtentry4.o)
    0x0800025e   0x0800025e   0x00000000   Code   RO         1886    .ARM.Collect$$rtentry$$00000009  c_w.l(__rtentry2.o)
    0x0800025e   0x0800025e   0x00000004   Code   RO         1887    .ARM.Collect$$rtentry$$0000000A  c_w.l(__rtentry2.o)
    0x08000262   0x08000262   0x00000000   Code   RO         1889    .ARM.Collect$$rtentry$$0000000C  c_w.l(__rtentry2.o)
    0x08000262   0x08000262   0x00000008   Code   RO         1890    .ARM.Collect$$rtentry$$0000000D  c_w.l(__rtentry2.o)
    0x0800026a   0x0800026a   0x00000002   Code   RO         1969    .ARM.Collect$$rtexit$$00000000  c_w.l(rtexit.o)
    0x0800026c   0x0800026c   0x00000000   Code   RO         2022    .ARM.Collect$$rtexit$$00000002  c_w.l(rtexit2.o)
    0x0800026c   0x0800026c   0x00000004   Code   RO         2023    .ARM.Collect$$rtexit$$00000003  c_w.l(rtexit2.o)
    0x08000270   0x08000270   0x00000006   Code   RO         2024    .ARM.Collect$$rtexit$$00000004  c_w.l(rtexit2.o)
    0x08000276   0x08000276   0x00000002   PAD
    0x08000278   0x08000278   0x00000040   Code   RO          239    .text               startup_stm32f10x_hd.o
    0x080002b8   0x080002b8   0x00000002   Code   RO         1717    .text               c_w.l(use_no_semi.o)
    0x080002ba   0x080002ba   0x00000002   PAD
    0x080002bc   0x080002bc   0x0000000c   Code   RO         1719    .text               c_w.l(vprintf.o)
    0x080002c8   0x080002c8   0x00000018   Code   RO         1721    .text               c_w.l(__2printf.o)
    0x080002e0   0x080002e0   0x00000052   Code   RO         1727    .text               c_w.l(_printf_str.o)
    0x08000332   0x08000332   0x00000002   PAD
    0x08000334   0x08000334   0x00000188   Code   RO         1746    .text               c_w.l(__printf_flags_ss_wp.o)
    0x080004bc   0x080004bc   0x00000006   Code   RO         1751    .text               c_w.l(heapauxi.o)
    0x080004c2   0x080004c2   0x0000004e   Code   RO         1798    .text               c_w.l(_printf_pad.o)
    0x08000510   0x08000510   0x00000024   Code   RO         1800    .text               c_w.l(_printf_truncate.o)
    0x08000534   0x08000534   0x00000078   Code   RO         1802    .text               c_w.l(_printf_dec.o)
    0x080005ac   0x080005ac   0x00000028   Code   RO         1804    .text               c_w.l(_printf_charcount.o)
    0x080005d4   0x080005d4   0x0000002c   Code   RO         1806    .text               c_w.l(_printf_char.o)
    0x08000600   0x08000600   0x00000024   Code   RO         1808    .text               c_w.l(_printf_char_file.o)
    0x08000624   0x08000624   0x000000bc   Code   RO         1810    .text               c_w.l(_printf_wctomb.o)
    0x080006e0   0x080006e0   0x0000007c   Code   RO         1813    .text               c_w.l(_printf_longlong_dec.o)
    0x0800075c   0x0800075c   0x00000070   Code   RO         1819    .text               c_w.l(_printf_oct_int_ll.o)
    0x080007cc   0x080007cc   0x00000094   Code   RO         1839    .text               c_w.l(_printf_hex_int_ll_ptr.o)
    0x08000860   0x08000860   0x0000008a   Code   RO         1898    .text               c_w.l(lludiv10.o)
    0x080008ea   0x080008ea   0x000000b2   Code   RO         1900    .text               c_w.l(_printf_intcommon.o)
    0x0800099c   0x0800099c   0x0000041a   Code   RO         1902    .text               c_w.l(_printf_fp_dec.o)
    0x08000db6   0x08000db6   0x00000002   PAD
    0x08000db8   0x08000db8   0x000002fc   Code   RO         1904    .text               c_w.l(_printf_fp_hex.o)
    0x080010b4   0x080010b4   0x00000030   Code   RO         1907    .text               c_w.l(_printf_char_common.o)
    0x080010e4   0x080010e4   0x0000002c   Code   RO         1909    .text               c_w.l(_printf_wchar.o)
    0x08001110   0x08001110   0x00000040   Code   RO         1911    .text               c_w.l(_wcrtomb.o)
    0x08001150   0x08001150   0x0000004a   Code   RO         1913    .text               c_w.l(sys_stackheap_outer.o)
    0x0800119a   0x0800119a   0x00000002   PAD
    0x0800119c   0x0800119c   0x00000010   Code   RO         1915    .text               c_w.l(rt_ctype_table.o)
    0x080011ac   0x080011ac   0x00000008   Code   RO         1920    .text               c_w.l(rt_locale_intlibspace.o)
    0x080011b4   0x080011b4   0x00000080   Code   RO         1922    .text               c_w.l(_printf_fp_infnan.o)
    0x08001234   0x08001234   0x000000dc   Code   RO         1926    .text               c_w.l(bigflt0.o)
    0x08001310   0x08001310   0x00000012   Code   RO         1954    .text               c_w.l(exit.o)
    0x08001322   0x08001322   0x00000002   PAD
    0x08001324   0x08001324   0x00000008   Code   RO         1966    .text               c_w.l(libspace.o)
    0x0800132c   0x0800132c   0x00000080   Code   RO         1974    .text               c_w.l(strcmpv7m.o)
    0x080013ac   0x080013ac   0x0000003e   Code   RO         1929    CL$$btod_d2e        c_w.l(btod.o)
    0x080013ea   0x080013ea   0x00000046   Code   RO         1931    CL$$btod_d2e_denorm_low  c_w.l(btod.o)
    0x08001430   0x08001430   0x00000060   Code   RO         1930    CL$$btod_d2e_norm_op1  c_w.l(btod.o)
    0x08001490   0x08001490   0x00000338   Code   RO         1939    CL$$btod_div_common  c_w.l(btod.o)
    0x080017c8   0x080017c8   0x000000c6   Code   RO         1936    CL$$btod_e2e        c_w.l(btod.o)
    0x0800188e   0x0800188e   0x00000028   Code   RO         1933    CL$$btod_ediv       c_w.l(btod.o)
    0x080018b6   0x080018b6   0x00000028   Code   RO         1932    CL$$btod_emul       c_w.l(btod.o)
    0x080018de   0x080018de   0x00000244   Code   RO         1938    CL$$btod_mult_common  c_w.l(btod.o)
    0x08001b22   0x08001b22   0x00000004   Code   RO          128    i.BusFault_Handler  stm32f10x_it.o
    0x08001b26   0x08001b26   0x00000002   Code   RO          129    i.DebugMon_Handler  stm32f10x_it.o
    0x08001b28   0x08001b28   0x00000116   Code   RO          249    i.GPIO_Init         stm32f10x_gpio.o
    0x08001c3e   0x08001c3e   0x00000004   Code   RO          130    i.HardFault_Handler  stm32f10x_it.o
    0x08001c42   0x08001c42   0x00000004   Code   RO          131    i.MemManage_Handler  stm32f10x_it.o
    0x08001c46   0x08001c46   0x00000002   Code   RO          132    i.NMI_Handler       stm32f10x_it.o
    0x08001c48   0x08001c48   0x00000070   Code   RO         1131    i.NVIC_Init         misc.o
    0x08001cb8   0x08001cb8   0x00000002   Code   RO          133    i.PendSV_Handler    stm32f10x_it.o
    0x08001cba   0x08001cba   0x00000002   PAD
    0x08001cbc   0x08001cbc   0x00000020   Code   RO          386    i.RCC_APB1PeriphResetCmd  stm32f10x_rcc.o
    0x08001cdc   0x08001cdc   0x00000020   Code   RO          387    i.RCC_APB2PeriphClockCmd  stm32f10x_rcc.o
    0x08001cfc   0x08001cfc   0x00000020   Code   RO          388    i.RCC_APB2PeriphResetCmd  stm32f10x_rcc.o
    0x08001d1c   0x08001d1c   0x0000005a   Code   RO         1350    i.RCC_Configuration  sys.o
    0x08001d76   0x08001d76   0x00000002   PAD
    0x08001d78   0x08001d78   0x0000004c   Code   RO          394    i.RCC_DeInit        stm32f10x_rcc.o
    0x08001dc4   0x08001dc4   0x000000d4   Code   RO          395    i.RCC_GetClocksFreq  stm32f10x_rcc.o
    0x08001e98   0x08001e98   0x0000003c   Code   RO          396    i.RCC_GetFlagStatus  stm32f10x_rcc.o
    0x08001ed4   0x08001ed4   0x00000010   Code   RO          398    i.RCC_GetSYSCLKSource  stm32f10x_rcc.o
    0x08001ee4   0x08001ee4   0x00000018   Code   RO          399    i.RCC_HCLKConfig    stm32f10x_rcc.o
    0x08001efc   0x08001efc   0x0000004c   Code   RO          400    i.RCC_HSEConfig     stm32f10x_rcc.o
    0x08001f48   0x08001f48   0x00000018   Code   RO          406    i.RCC_PCLK1Config   stm32f10x_rcc.o
    0x08001f60   0x08001f60   0x00000018   Code   RO          407    i.RCC_PCLK2Config   stm32f10x_rcc.o
    0x08001f78   0x08001f78   0x0000000c   Code   RO          408    i.RCC_PLLCmd        stm32f10x_rcc.o
    0x08001f84   0x08001f84   0x0000001c   Code   RO          409    i.RCC_PLLConfig     stm32f10x_rcc.o
    0x08001fa0   0x08001fa0   0x00000018   Code   RO          412    i.RCC_SYSCLKConfig  stm32f10x_rcc.o
    0x08001fb8   0x08001fb8   0x00000038   Code   RO          414    i.RCC_WaitForHSEStartUp  stm32f10x_rcc.o
    0x08001ff0   0x08001ff0   0x00000002   Code   RO          134    i.SVC_Handler       stm32f10x_it.o
    0x08001ff2   0x08001ff2   0x00000008   Code   RO          191    i.SetSysClock       system_stm32f10x.o
    0x08001ffa   0x08001ffa   0x00000002   PAD
    0x08001ffc   0x08001ffc   0x000000e0   Code   RO          192    i.SetSysClockTo72   system_stm32f10x.o
    0x080020dc   0x080020dc   0x00000028   Code   RO         1135    i.SysTick_CLKSourceConfig  misc.o
    0x08002104   0x08002104   0x00000002   Code   RO          135    i.SysTick_Handler   stm32f10x_it.o
    0x08002106   0x08002106   0x00000002   PAD
    0x08002108   0x08002108   0x00000060   Code   RO          194    i.SystemInit        system_stm32f10x.o
    0x08002168   0x08002168   0x00000002   Code   RO         1385    i.USART1_IRQHandler  usart.o
    0x0800216a   0x0800216a   0x00000012   Code   RO         1167    i.USART_ClearFlag   stm32f10x_usart.o
    0x0800217c   0x0800217c   0x00000018   Code   RO         1171    i.USART_Cmd         stm32f10x_usart.o
    0x08002194   0x08002194   0x0000009c   Code   RO         1173    i.USART_DeInit      stm32f10x_usart.o
    0x08002230   0x08002230   0x000000d8   Code   RO         1178    i.USART_Init        stm32f10x_usart.o
    0x08002308   0x08002308   0x00000004   Code   RO          136    i.UsageFault_Handler  stm32f10x_it.o
    0x0800230c   0x0800230c   0x00000028   Code   RO         1964    i.__ARM_fpclassify  m_ws.l(fpclassify.o)
    0x08002334   0x08002334   0x0000000e   Code   RO         1739    i._is_digit         c_w.l(__printf_wp.o)
    0x08002342   0x08002342   0x00000004   Code   RO         1645    i._sys_exit         port_debug.o
    0x08002346   0x08002346   0x00000008   Code   RO         1647    i.ferror            port_debug.o
    0x0800234e   0x0800234e   0x00000002   PAD
    0x08002350   0x08002350   0x0000001c   Code   RO         1649    i.fputc             port_debug.o
    0x0800236c   0x0800236c   0x0000004c   Code   RO         1453    i.haltserach        lmt70.o
    0x080023b8   0x080023b8   0x0000003c   Code   RO         1573    i.iic_init          port_iic.o
    0x080023f4   0x080023f4   0x0000008e   Code   RO         1574    i.iic_master_receive  port_iic.o
    0x08002482   0x08002482   0x00000002   PAD
    0x08002484   0x08002484   0x00000060   Code   RO         1577    i.iic_read_byte     port_iic.o
    0x080024e4   0x080024e4   0x00000050   Code   RO         1578    i.iic_send_ack      port_iic.o
    0x08002534   0x08002534   0x00000078   Code   RO         1579    i.iic_send_byte     port_iic.o
    0x080025ac   0x080025ac   0x00000050   Code   RO         1580    i.iic_send_nack     port_iic.o
    0x080025fc   0x080025fc   0x0000004c   Code   RO         1581    i.iic_start         port_iic.o
    0x08002648   0x08002648   0x0000004c   Code   RO         1582    i.iic_stop          port_iic.o
    0x08002694   0x08002694   0x00000060   Code   RO         1583    i.iic_wait_ack      port_iic.o
    0x080026f4   0x080026f4   0x0000006c   Code   RO         1454    i.lmt70_get_temp    lmt70.o
    0x08002760   0x08002760   0x00000002   Code   RO         1455    i.lmt70_init        lmt70.o
    0x08002762   0x08002762   0x00000018   Code   RO            1    i.main              main.o
    0x0800277a   0x0800277a   0x0000001e   Code   RO         1479    i.mcp3421_init      mcp3421.o
    0x08002798   0x08002798   0x0000024c   Code   RO         1480    i.mcp3421_one_conversion  mcp3421.o
    0x080029e4   0x080029e4   0x00000098   Code   RO         1414    i.my_app            my_app.o
    0x08002a7c   0x08002a7c   0x00000014   Code   RO         1415    i.my_app_init       my_app.o
    0x08002a90   0x08002a90   0x00000044   Code   RO         1548    i.port_delay_init   port_delay.o
    0x08002ad4   0x08002ad4   0x00000064   Code   RO         1549    i.port_delay_ms     port_delay.o
    0x08002b38   0x08002b38   0x00000064   Code   RO         1550    i.port_delay_us     port_delay.o
    0x08002b9c   0x08002b9c   0x00000040   Code   RO         1650    i.pr                port_debug.o
    0x08002bdc   0x08002bdc   0x000000ac   Code   RO         1386    i.usart1_init       usart.o
    0x08002c88   0x08002c88   0x0000002c   Code   RO         1952    locale$$code        c_w.l(lc_numeric_c.o)
    0x08002cb4   0x08002cb4   0x0000002c   Code   RO         1972    locale$$code        c_w.l(lc_ctype_c.o)
    0x08002ce0   0x08002ce0   0x00000062   Code   RO         1755    x$fpl$d2f           fz_ws.l(d2f.o)
    0x08002d42   0x08002d42   0x00000002   PAD
    0x08002d44   0x08002d44   0x000002b0   Code   RO         1758    x$fpl$ddiv          fz_ws.l(ddiv.o)
    0x08002ff4   0x08002ff4   0x00000026   Code   RO         1761    x$fpl$dfltu         fz_ws.l(dflt_clz.o)
    0x0800301a   0x0800301a   0x00000002   PAD
    0x0800301c   0x0800301c   0x00000154   Code   RO         1767    x$fpl$dmul          fz_ws.l(dmul.o)
    0x08003170   0x08003170   0x0000009c   Code   RO         1864    x$fpl$dnaninf       fz_ws.l(dnaninf.o)
    0x0800320c   0x0800320c   0x0000000c   Code   RO         1866    x$fpl$dretinf       fz_ws.l(dretinf.o)
    0x08003218   0x08003218   0x00000056   Code   RO         1769    x$fpl$f2d           fz_ws.l(f2d.o)
    0x0800326e   0x0800326e   0x00000002   PAD
    0x08003270   0x08003270   0x000000c4   Code   RO         1771    x$fpl$fadd          fz_ws.l(faddsub_clz.o)
    0x08003334   0x08003334   0x00000018   Code   RO         1868    x$fpl$fcmpinf       fz_ws.l(fcmpi.o)
    0x0800334c   0x0800334c   0x00000184   Code   RO         1778    x$fpl$fdiv          fz_ws.l(fdiv.o)
    0x080034d0   0x080034d0   0x00000036   Code   RO         1781    x$fpl$ffix          fz_ws.l(ffix.o)
    0x08003506   0x08003506   0x00000002   PAD
    0x08003508   0x08003508   0x00000030   Code   RO         1786    x$fpl$fflt          fz_ws.l(fflt_clz.o)
    0x08003538   0x08003538   0x00000068   Code   RO         1791    x$fpl$fleqf         fz_ws.l(fleqf.o)
    0x080035a0   0x080035a0   0x00000102   Code   RO         1793    x$fpl$fmul          fz_ws.l(fmul.o)
    0x080036a2   0x080036a2   0x0000008c   Code   RO         1870    x$fpl$fnaninf       fz_ws.l(fnaninf.o)
    0x0800372e   0x0800372e   0x0000000a   Code   RO         1872    x$fpl$fretinf       fz_ws.l(fretinf.o)
    0x08003738   0x08003738   0x00000062   Code   RO         1795    x$fpl$frleqf        fz_ws.l(frleqf.o)
    0x0800379a   0x0800379a   0x00000014   Code   RO         1772    x$fpl$frsb          fz_ws.l(faddsub_clz.o)
    0x080037ae   0x080037ae   0x00000002   PAD
    0x080037b0   0x080037b0   0x000000ea   Code   RO         1773    x$fpl$fsub          fz_ws.l(faddsub_clz.o)
    0x0800389a   0x0800389a   0x00000004   Code   RO         1874    x$fpl$printf1       fz_ws.l(printf1.o)
    0x0800389e   0x0800389e   0x00000004   Code   RO         1876    x$fpl$printf2       fz_ws.l(printf2.o)
    0x080038a2   0x080038a2   0x00000000   Code   RO         1882    x$fpl$usenofp       fz_ws.l(usenofp.o)
    0x080038a2   0x080038a2   0x00000011   Data   RO         1747    .constdata          c_w.l(__printf_flags_ss_wp.o)
    0x080038b3   0x080038b3   0x00000001   PAD
    0x080038b4   0x080038b4   0x00000008   Data   RO         1811    .constdata          c_w.l(_printf_wctomb.o)
    0x080038bc   0x080038bc   0x00000028   Data   RO         1840    .constdata          c_w.l(_printf_hex_int_ll_ptr.o)
    0x080038e4   0x080038e4   0x00000026   Data   RO         1905    .constdata          c_w.l(_printf_fp_hex.o)
    0x0800390a   0x0800390a   0x00000002   PAD
    0x0800390c   0x0800390c   0x00000094   Data   RO         1927    .constdata          c_w.l(bigflt0.o)
    0x080039a0   0x080039a0   0x00000020   Data   RO         2092    Region$$Table       anon$$obj.o
    0x080039c0   0x080039c0   0x0000001c   Data   RO         1951    locale$$data        c_w.l(lc_numeric_c.o)
    0x080039dc   0x080039dc   0x00000110   Data   RO         1971    locale$$data        c_w.l(lc_ctype_c.o)


    Execution Region RW_IRAM1 (Exec base: 0x20000000, Load base: 0x08003aec, Size: 0x00000770, Max: 0x00005000, ABSOLUTE)

    Exec Addr    Load Addr    Size         Type   Attr      Idx    E Section Name        Object

    0x20000000   0x08003aec   0x00000014   Data   RW          195    .data               system_stm32f10x.o
    0x20000014   0x08003b00   0x00000014   Data   RW          415    .data               stm32f10x_rcc.o
    0x20000028   0x08003b14   0x00000002   Data   RW         1388    .data               usart.o
    0x2000002a   0x08003b16   0x00000002   PAD
    0x2000002c   0x08003b18   0x00000021   Data   RW         1416    .data               my_app.o
    0x2000004d   0x08003b39   0x00000003   PAD
    0x20000050   0x08003b3c   0x000000a8   Data   RW         1456    .data               lmt70.o
    0x200000f8   0x08003be4   0x00000005   Data   RW         1551    .data               port_delay.o
    0x200000fd   0x08003be9   0x00000003   PAD
    0x20000100   0x08003bec   0x0000000c   Data   RW         1651    .data               port_debug.o
    0x2000010c        -       0x00000060   Zero   RW         1967    .bss                c_w.l(libspace.o)
    0x2000016c   0x08003bf8   0x00000004   PAD
    0x20000170        -       0x00000200   Zero   RW          237    HEAP                startup_stm32f10x_hd.o
    0x20000370        -       0x00000400   Zero   RW          236    STACK               startup_stm32f10x_hd.o


==============================================================================

Image component sizes


      Code (inc. data)   RO Data    RW Data    ZI Data      Debug   Object Name

         0          0          0          0          0         32   core_cm3.o
       186         18          0        168          0       2520   lmt70.o
        24          0          0          0          0      28191   main.o
       618         18          0          0          0       1956   mcp3421.o
       152         12          0          0          0       1742   misc.o
       172         52          0         33          0       2793   my_app.o
       104         16          0         12          0       4893   port_debug.o
       268         38          0          5          0       1972   port_delay.o
       826        100          0          0          0       5024   port_iic.o
        64         26        304          0       1536        824   startup_stm32f10x_hd.o
       278          0          0          0          0     205568   stm32f10x_gpio.o
        26          0          0          0          0       3942   stm32f10x_it.o
       728         98          0         20          0      11647   stm32f10x_rcc.o
       414         28          0          0          0       4258   stm32f10x_usart.o
        90          0          0          0          0        580   sys.o
       328         28          0         20          0       2341   system_stm32f10x.o
       174         12          0          2          0       2030   usart.o

    ----------------------------------------------------------------------
      4464        446        336        268       1536     280313   Object Totals
         0          0         32          0          0          0   (incl. Generated)
        12          0          0          8          0          0   (incl. Padding)

    ----------------------------------------------------------------------

      Code (inc. data)   RO Data    RW Data    ZI Data      Debug   Library Member Name

        24          4          0          0          0         84   __2printf.o
         8          0          0          0          0         68   __main.o
       392          4         17          0          0         92   __printf_flags_ss_wp.o
        14          0          0          0          0         68   __printf_wp.o
         0          0          0          0          0          0   __rtentry.o
        12          0          0          0          0          0   __rtentry2.o
         6          0          0          0          0          0   __rtentry4.o
        52          8          0          0          0          0   __scatter.o
        26          0          0          0          0          0   __scatter_copy.o
        28          0          0          0          0          0   __scatter_zi.o
         6          0          0          0          0          0   _printf_a.o
         6          0          0          0          0          0   _printf_c.o
        44          0          0          0          0        108   _printf_char.o
        48          6          0          0          0         96   _printf_char_common.o
        36          4          0          0          0         80   _printf_char_file.o
        40          0          0          0          0         68   _printf_charcount.o
         6          0          0          0          0          0   _printf_d.o
       120         16          0          0          0         92   _printf_dec.o
         6          0          0          0          0          0   _printf_e.o
         6          0          0          0          0          0   _printf_f.o
      1050          0          0          0          0        216   _printf_fp_dec.o
       764         10         38          0          0        100   _printf_fp_hex.o
       128         16          0          0          0         84   _printf_fp_infnan.o
         6          0          0          0          0          0   _printf_g.o
       148          4         40          0          0        160   _printf_hex_int_ll_ptr.o
         6          0          0          0          0          0   _printf_i.o
       178          0          0          0          0         88   _printf_intcommon.o
        10          0          0          0          0          0   _printf_l.o
         6          0          0          0          0          0   _printf_lc.o
        10          0          0          0          0          0   _printf_ll.o
         6          0          0          0          0          0   _printf_lld.o
         6          0          0          0          0          0   _printf_lli.o
         6          0          0          0          0          0   _printf_llo.o
         6          0          0          0          0          0   _printf_llu.o
         6          0          0          0          0          0   _printf_llx.o
       124         16          0          0          0         92   _printf_longlong_dec.o
         6          0          0          0          0          0   _printf_ls.o
         6          0          0          0          0          0   _printf_n.o
         6          0          0          0          0          0   _printf_o.o
       112          8          0          0          0        124   _printf_oct_int_ll.o
         6          0          0          0          0          0   _printf_p.o
        78          0          0          0          0        108   _printf_pad.o
         0          0          0          0          0          0   _printf_percent.o
         4          0          0          0          0          0   _printf_percent_end.o
         6          0          0          0          0          0   _printf_s.o
        82          0          0          0          0         80   _printf_str.o
        36          0          0          0          0         84   _printf_truncate.o
         6          0          0          0          0          0   _printf_u.o
        44          0          0          0          0        108   _printf_wchar.o
       188          6          8          0          0         92   _printf_wctomb.o
         6          0          0          0          0          0   _printf_x.o
        64          0          0          0          0         92   _wcrtomb.o
       220          4        148          0          0         96   bigflt0.o
      1910        128          0          0          0        672   btod.o
        18          0          0          0          0         80   exit.o
         6          0          0          0          0        152   heapauxi.o
        44         10        272          0          0         76   lc_ctype_c.o
        44         10         28          0          0         76   lc_numeric_c.o
         2          0          0          0          0          0   libinit.o
        30          0          0          0          0          0   libinit2.o
         2          0          0          0          0          0   libshutdown.o
         2          0          0          0          0          0   libshutdown2.o
         8          4          0          0         96         68   libspace.o
       138          0          0          0          0         80   lludiv10.o
        16          4          0          0          0         76   rt_ctype_table.o
         8          4          0          0          0         68   rt_locale_intlibspace.o
         2          0          0          0          0          0   rtexit.o
        10          0          0          0          0          0   rtexit2.o
       128          0          0          0          0         68   strcmpv7m.o
        74          0          0          0          0         80   sys_stackheap_outer.o
         2          0          0          0          0         68   use_no_semi.o
        12          4          0          0          0         68   vprintf.o
        98          4          0          0          0         92   d2f.o
       688        140          0          0          0        208   ddiv.o
        38          0          0          0          0         68   dflt_clz.o
       340         12          0          0          0        104   dmul.o
       156          4          0          0          0         92   dnaninf.o
        12          0          0          0          0         68   dretinf.o
        86          4          0          0          0         84   f2d.o
       450          8          0          0          0        236   faddsub_clz.o
        24          0          0          0          0         68   fcmpi.o
       388         76          0          0          0         96   fdiv.o
        54          4          0          0          0         84   ffix.o
        48          0          0          0          0         68   fflt_clz.o
       104          4          0          0          0         84   fleqf.o
       258          4          0          0          0         84   fmul.o
       140          4          0          0          0         84   fnaninf.o
        10          0          0          0          0         68   fretinf.o
        98          0          0          0          0         68   frleqf.o
         4          0          0          0          0         68   printf1.o
         4          0          0          0          0         68   printf2.o
         0          0          0          0          0          0   usenofp.o
        40          0          0          0          0         68   fpclassify.o

    ----------------------------------------------------------------------
      9730        534        554          0        100       5772   Library Totals
        24          0          3          0          4          0   (incl. Padding)

    ----------------------------------------------------------------------

      Code (inc. data)   RO Data    RW Data    ZI Data      Debug   Library Name

      6666        270        551          0         96       3912   c_w.l
      3000        264          0          0          0       1792   fz_ws.l
        40          0          0          0          0         68   m_ws.l

    ----------------------------------------------------------------------
      9730        534        554          0        100       5772   Library Totals

    ----------------------------------------------------------------------

==============================================================================


      Code (inc. data)   RO Data    RW Data    ZI Data      Debug   

     14194        980        890        268       1636     279945   Grand Totals
     14194        980        890        268       1636     279945   ELF Image Totals
     14194        980        890        268          0          0   ROM Totals

==============================================================================

    Total RO  Size (Code + RO Data)                15084 (  14.73kB)
    Total RW  Size (RW Data + ZI Data)              1904 (   1.86kB)
    Total ROM Size (Code + RO Data + RW Data)      15352 (  14.99kB)

==============================================================================

